C:\Users\Manish\Documents\MCUXpressoIDE_11.5.0_7232\workspace\lpc_chip_15xx\inc/core_cm3.h:1405:22:void NVIC_SetPriority(IRQn_Type, uint32_t)	16	static
C:\Users\Manish\Documents\MCUXpressoIDE_11.5.0_7232\workspace\lpc_chip_15xx\inc/core_cm3.h:1532:26:uint32_t SysTick_Config(uint32_t)	16	static
C:\Users\Manish\Documents\MCUXpressoIDE_11.5.0_7232\workspace\lpc_chip_15xx\inc/swm_15xx.h:232:20:void Chip_SWM_MovablePortPinAssign(CHIP_SWM_PIN_MOVABLE_T, uint8_t, uint8_t)	16	static
C:\Users\Manish\Documents\MCUXpressoIDE_11.5.0_7232\workspace\lpc_chip_15xx\inc/pinint_15xx.h:245:20:void Chip_PININT_ClearIntStatus(LPC_PIN_INT_T*, uint32_t)	16	static
c:\nxp\mcuxpressoide_11.5.0_7232\ide\plugins\com.nxp.mcuxpresso.tools.win32_11.5.0.202107051138\tools\arm-none-eabi\include\c++\10.3.1\bits\atomic_base.h:100:3:constexpr std::memory_order std::operator&(std::memory_order, std::__memory_order_modifier)	16	static
c:\nxp\mcuxpressoide_11.5.0_7232\ide\plugins\com.nxp.mcuxpresso.tools.win32_11.5.0.202107051138\tools\arm-none-eabi\include\c++\10.3.1\atomic:79:5:bool std::atomic<bool>::operator=(bool)	16	static
c:\nxp\mcuxpressoide_11.5.0_7232\ide\plugins\com.nxp.mcuxpresso.tools.win32_11.5.0.202107051138\tools\arm-none-eabi\include\c++\10.3.1\atomic:86:5:std::atomic<bool>::operator bool() const	24	static
c:\nxp\mcuxpressoide_11.5.0_7232\ide\plugins\com.nxp.mcuxpresso.tools.win32_11.5.0.202107051138\tools\arm-none-eabi\include\c++\10.3.1\bits\char_traits.h:425:7:static constexpr std::char_traits<char>::char_type std::char_traits<char>::to_char_type(const int_type&)	16	static
c:\nxp\mcuxpressoide_11.5.0_7232\ide\plugins\com.nxp.mcuxpresso.tools.win32_11.5.0.202107051138\tools\arm-none-eabi\include\c++\10.3.1\new:174:33:void* operator new(std::size_t, void*)	16	static
c:\nxp\mcuxpressoide_11.5.0_7232\ide\plugins\com.nxp.mcuxpresso.tools.win32_11.5.0.202107051138\tools\arm-none-eabi\include\c++\10.3.1\arm-none-eabi\thumb\v7-m\nofp\bits\gthr-default.h:229:1:int __gthread_key_delete(__gthread_key_t)	16	static
c:\nxp\mcuxpressoide_11.5.0_7232\ide\plugins\com.nxp.mcuxpresso.tools.win32_11.5.0.202107051138\tools\arm-none-eabi\include\c++\10.3.1\bits\basic_string.h:6568:3:int std::__cxx11::stoi(const string&, std::size_t*, int)	32	static
../src/I2C.h:18:2:I2C_config::I2C_config()	16	static
../src/jsmn.h:106:19:jsmntok_t* jsmn_alloc_token(jsmn_parser*, jsmntok_t*, size_t)	32	static
../src/jsmn.h:124:13:void jsmn_fill_token(jsmntok_t*, jsmntype_t, int, int)	24	static
../src/jsmn.h:135:12:int jsmn_parse_primitive(jsmn_parser*, const char*, size_t, jsmntok_t*, size_t)	32	static
../src/jsmn.h:193:12:int jsmn_parse_string(jsmn_parser*, const char*, size_t, jsmntok_t*, size_t)	40	static
../src/jsmn.h:268:14:int jsmn_parse(jsmn_parser*, const char*, size_t, jsmntok_t*, unsigned int)	56	static
../src/jsmn.h:459:15:void jsmn_init(jsmn_parser*)	16	static
c:\nxp\mcuxpressoide_11.5.0_7232\ide\plugins\com.nxp.mcuxpresso.tools.win32_11.5.0.202107051138\tools\arm-none-eabi\include\c++\10.3.1\limits:1347:7:static constexpr long long int std::numeric_limits<long long int>::max()	4	static
c:\nxp\mcuxpressoide_11.5.0_7232\ide\plugins\com.nxp.mcuxpresso.tools.win32_11.5.0.202107051138\tools\arm-none-eabi\include\c++\10.3.1\limits:1417:7:static constexpr long long unsigned int std::numeric_limits<long long unsigned int>::max()	4	static
c:\nxp\mcuxpressoide_11.5.0_7232\ide\plugins\com.nxp.mcuxpresso.tools.win32_11.5.0.202107051138\tools\arm-none-eabi\include\c++\10.3.1\bits\shared_ptr_base.h:306:5:void std::_Sp_counted_base<_Lp>::_M_add_ref_copy() [with __gnu_cxx::_Lock_policy _Lp = __gnu_cxx::_S_single]	16	static
c:\nxp\mcuxpressoide_11.5.0_7232\ide\plugins\com.nxp.mcuxpresso.tools.win32_11.5.0.202107051138\tools\arm-none-eabi\include\c++\10.3.1\bits\shared_ptr_base.h:311:5:void std::_Sp_counted_base<_Lp>::_M_release() [with __gnu_cxx::_Lock_policy _Lp = __gnu_cxx::_S_single]	16	static
c:\nxp\mcuxpressoide_11.5.0_7232\ide\plugins\com.nxp.mcuxpresso.tools.win32_11.5.0.202107051138\tools\arm-none-eabi\include\c++\10.3.1\bits\shared_ptr_base.h:511:5:static const std::type_info& std::_Sp_make_shared_tag::_S_ti()	4	static
c:\nxp\mcuxpressoide_11.5.0_7232\ide\plugins\com.nxp.mcuxpresso.tools.win32_11.5.0.202107051138\tools\arm-none-eabi\include\c++\10.3.1\bits\stl_tree.h:173:5:std::_Rb_tree_header::_Rb_tree_header()	16	static
c:\nxp\mcuxpressoide_11.5.0_7232\ide\plugins\com.nxp.mcuxpresso.tools.win32_11.5.0.202107051138\tools\arm-none-eabi\include\c++\10.3.1\bits\stl_tree.h:206:5:void std::_Rb_tree_header::_M_reset()	16	static
c:\nxp\mcuxpressoide_11.5.0_7232\ide\plugins\com.nxp.mcuxpresso.tools.win32_11.5.0.202107051138\tools\arm-none-eabi\include\c++\10.3.1\cmath:566:3:constexpr bool std::isfinite(double)	32	static
c:\nxp\mcuxpressoide_11.5.0_7232\ide\plugins\com.nxp.mcuxpresso.tools.win32_11.5.0.202107051138\tools\arm-none-eabi\include\c++\10.3.1\cmath:665:3:constexpr bool std::signbit(double)	16	static
../src/json.hpp:2656:13:void nlohmann::detail::replace_substring(std::string&, const string&, const string&)	32	static
../src/json.hpp:2688:13:void nlohmann::detail::unescape(std::string&)	128	static
../src/json.hpp:15378:15:constexpr nlohmann::detail::dtoa_impl::diyfp::diyfp(uint64_t, int)	24	static
../src/json.hpp:15384:18:static nlohmann::detail::dtoa_impl::diyfp nlohmann::detail::dtoa_impl::diyfp::sub(const nlohmann::detail::dtoa_impl::diyfp&, const nlohmann::detail::dtoa_impl::diyfp&)	40	static
../src/json.hpp:15396:18:static nlohmann::detail::dtoa_impl::diyfp nlohmann::detail::dtoa_impl::diyfp::mul(const nlohmann::detail::dtoa_impl::diyfp&, const nlohmann::detail::dtoa_impl::diyfp&)	264	static
../src/json.hpp:15461:18:static nlohmann::detail::dtoa_impl::diyfp nlohmann::detail::dtoa_impl::diyfp::normalize(nlohmann::detail::dtoa_impl::diyfp)	24	static
../src/json.hpp:15478:18:static nlohmann::detail::dtoa_impl::diyfp nlohmann::detail::dtoa_impl::diyfp::normalize_to(const nlohmann::detail::dtoa_impl::diyfp&, int)	72	static
../src/json.hpp:15642:21:nlohmann::detail::dtoa_impl::cached_power nlohmann::detail::dtoa_impl::get_cached_power_for_binary_exponent(int)	48	static
../src/json.hpp:15806:12:int nlohmann::detail::dtoa_impl::find_largest_pow10(uint32_t, uint32_t&)	16	static
../src/json.hpp:15860:13:void nlohmann::detail::dtoa_impl::grisu2_round(char*, int, uint64_t, uint64_t, uint64_t, uint64_t)	80	static
../src/json.hpp:15901:13:void nlohmann::detail::dtoa_impl::grisu2_digit_gen(char*, int&, int&, nlohmann::detail::dtoa_impl::diyfp, nlohmann::detail::dtoa_impl::diyfp, nlohmann::detail::dtoa_impl::diyfp)	352	static
../src/json.hpp:16142:13:void nlohmann::detail::dtoa_impl::grisu2(char*, int&, int&, nlohmann::detail::dtoa_impl::diyfp, nlohmann::detail::dtoa_impl::diyfp, nlohmann::detail::dtoa_impl::diyfp)	200	static
../src/json.hpp:16242:14:char* nlohmann::detail::dtoa_impl::append_exponent(char*, int)	24	static
../src/json.hpp:16294:14:char* nlohmann::detail::dtoa_impl::format_buffer(char*, int, int, int, int)	32	static
c:\nxp\mcuxpressoide_11.5.0_7232\ide\plugins\com.nxp.mcuxpresso.tools.win32_11.5.0.202107051138\tools\arm-none-eabi\include\c++\10.3.1\array:189:7:constexpr const value_type& std::array<_Tp, _Nm>::operator[](std::array<_Tp, _Nm>::size_type) const [with _Tp = unsigned char; unsigned int _Nm = 400]	16	static
../src/main.cpp:26:7:void SysTick_Handler()	4	static
../src/main.cpp:32:11:uint32_t get_ticks()	4	static
../src/main.cpp:38:7:void PIN_INT0_IRQHandler()	8	static
../src/main.cpp:47:7:void PIN_INT1_IRQHandler()	8	static
../src/main.cpp:64:7:void PIN_INT2_IRQHandler()	8	static
../src/main.cpp:89:6:void Sleep(int)	16	static
../src/main.cpp:98:10:uint32_t millis()	4	static
../src/main.cpp:107:5:int main()	9048	dynamic
../src/main.cpp:367:10:uint16_t SDP_read()	64	static
../src/main.cpp:398:6:void delay_systick(int)	24	static
../src/main.cpp:405:6:void message_handler(MessageData*)	2584	static
../src/main.cpp:422:13:std::string sample_json(int, int, int, int, const char*, const char*, int, int, int)	200	static
c:\nxp\mcuxpressoide_11.5.0_7232\ide\plugins\com.nxp.mcuxpresso.tools.win32_11.5.0.202107051138\tools\arm-none-eabi\include\c++\10.3.1\bits\atomic_base.h:295:7:std::__atomic_base<_IntTp>::__int_type std::__atomic_base<_IntTp>::operator=(std::__atomic_base<_IntTp>::__int_type) [with _ITp = bool]	24	static
c:\nxp\mcuxpressoide_11.5.0_7232\ide\plugins\com.nxp.mcuxpresso.tools.win32_11.5.0.202107051138\tools\arm-none-eabi\include\c++\10.3.1\ext\string_conversions.h:63:2:)::_Save_errno::_Save_errno() [with _TRet = long int; _Ret = int; _CharT = char; _Base = {int}]	16	static
c:\nxp\mcuxpressoide_11.5.0_7232\ide\plugins\com.nxp.mcuxpresso.tools.win32_11.5.0.202107051138\tools\arm-none-eabi\include\c++\10.3.1\ext\string_conversions.h:64:2:)::_Save_errno::~_Save_errno() [with _TRet = long int; _Ret = int; _CharT = char; _Base = {int}]	16	static
c:\nxp\mcuxpressoide_11.5.0_7232\ide\plugins\com.nxp.mcuxpresso.tools.win32_11.5.0.202107051138\tools\arm-none-eabi\include\c++\10.3.1\ext\string_conversions.h:73:4:)::_Range_chk::_S_chk(_TRet, std::true_type) [with _TRet = long int; _Ret = int; _CharT = char; _Base = {int}]	16	static
c:\nxp\mcuxpressoide_11.5.0_7232\ide\plugins\com.nxp.mcuxpresso.tools.win32_11.5.0.202107051138\tools\arm-none-eabi\include\c++\10.3.1\ext\string_conversions.h:54:5:) [with _TRet = long int; _Ret = int; _CharT = char; _Base = {int}]	56	static
c:\nxp\mcuxpressoide_11.5.0_7232\ide\plugins\com.nxp.mcuxpresso.tools.win32_11.5.0.202107051138\tools\arm-none-eabi\include\c++\10.3.1\bits\basic_string.h:6081:5:std::__cxx11::basic_string<_CharT, _Traits, _Alloc> std::operator+(const std::__cxx11::basic_string<_CharT, _Traits, _Alloc>&, const _CharT*) [with _CharT = char; _Traits = std::char_traits<char>; _Alloc = std::allocator<char>]	24	static
c:\nxp\mcuxpressoide_11.5.0_7232\ide\plugins\com.nxp.mcuxpresso.tools.win32_11.5.0.202107051138\tools\arm-none-eabi\include\c++\10.3.1\bits\shared_ptr_base.h:134:7:void std::_Sp_counted_base<_Lp>::_M_destroy() [with __gnu_cxx::_Lock_policy _Lp = __gnu_cxx::_S_single]	16	static
c:\nxp\mcuxpressoide_11.5.0_7232\ide\plugins\com.nxp.mcuxpresso.tools.win32_11.5.0.202107051138\tools\arm-none-eabi\include\c++\10.3.1\bits\stl_algobase.h:230:5:const _Tp& std::min(const _Tp&, const _Tp&) [with _Tp = unsigned int]	16	static
c:\nxp\mcuxpressoide_11.5.0_7232\ide\plugins\com.nxp.mcuxpresso.tools.win32_11.5.0.202107051138\tools\arm-none-eabi\include\c++\10.3.1\bits\stl_algobase.h:254:5:const _Tp& std::max(const _Tp&, const _Tp&) [with _Tp = unsigned int]	16	static
c:\nxp\mcuxpressoide_11.5.0_7232\ide\plugins\com.nxp.mcuxpresso.tools.win32_11.5.0.202107051138\tools\arm-none-eabi\include\c++\10.3.1\array:175:7:constexpr std::array<_Tp, _Nm>::size_type std::array<_Tp, _Nm>::size() const [with _Tp = nlohmann::detail::dtoa_impl::cached_power; unsigned int _Nm = 79]	16	static
c:\nxp\mcuxpressoide_11.5.0_7232\ide\plugins\com.nxp.mcuxpresso.tools.win32_11.5.0.202107051138\tools\arm-none-eabi\include\c++\10.3.1\array:189:7:constexpr const value_type& std::array<_Tp, _Nm>::operator[](std::array<_Tp, _Nm>::size_type) const [with _Tp = nlohmann::detail::dtoa_impl::cached_power; unsigned int _Nm = 79]	16	static
c:\nxp\mcuxpressoide_11.5.0_7232\ide\plugins\com.nxp.mcuxpresso.tools.win32_11.5.0.202107051138\tools\arm-none-eabi\include\c++\10.3.1\array:55:7:static constexpr _Tp& std::__array_traits<_Tp, _Nm>::_S_ref(const _Tp (&)[_Nm], std::size_t) [with _Tp = unsigned char; unsigned int _Nm = 400]	16	static
../src/json.hpp:19855:5:nlohmann::basic_json<ObjectType, ArrayType, StringType, BooleanType, NumberIntegerType, NumberUnsignedType, NumberFloatType, AllocatorType, JSONSerializer, BinaryType>::~basic_json() [with ObjectType = std::map; ArrayType = std::vector; StringType = std::__cxx11::basic_string<char>; BooleanType = bool; NumberIntegerType = long long int; NumberUnsignedType = long long unsigned int; NumberFloatType = double; AllocatorType = std::allocator; JSONSerializer = nlohmann::adl_serializer; BinaryType = std::vector<unsigned char>]	16	static
../src/json.hpp:19783:5:nlohmann::basic_json<ObjectType, ArrayType, StringType, BooleanType, NumberIntegerType, NumberUnsignedType, NumberFloatType, AllocatorType, JSONSerializer, BinaryType>::basic_json(nlohmann::basic_json<ObjectType, ArrayType, StringType, BooleanType, NumberIntegerType, NumberUnsignedType, NumberFloatType, AllocatorType, JSONSerializer, BinaryType>&&) [with ObjectType = std::map; ArrayType = std::vector; StringType = std::__cxx11::basic_string<char>; BooleanType = bool; NumberIntegerType = long long int; NumberUnsignedType = long long unsigned int; NumberFloatType = double; AllocatorType = std::allocator; JSONSerializer = nlohmann::adl_serializer; BinaryType = std::vector<unsigned char>]	16	static
c:\nxp\mcuxpressoide_11.5.0_7232\ide\plugins\com.nxp.mcuxpresso.tools.win32_11.5.0.202107051138\tools\arm-none-eabi\include\c++\10.3.1\bits\allocator.h:182:7:std::allocator< <template-parameter-1-1> >::~allocator() [with _Tp = std::__cxx11::basic_string<char>]	16	static
../src/json.hpp:18999:5:nlohmann::basic_json<ObjectType, ArrayType, StringType, BooleanType, NumberIntegerType, NumberUnsignedType, NumberFloatType, AllocatorType, JSONSerializer, BinaryType>::basic_json(std::nullptr_t) [with ObjectType = std::map; ArrayType = std::vector; StringType = std::__cxx11::basic_string<char>; BooleanType = bool; NumberIntegerType = long long int; NumberUnsignedType = long long unsigned int; NumberFloatType = double; AllocatorType = std::allocator; JSONSerializer = nlohmann::adl_serializer; BinaryType = std::vector<unsigned char>]	16	static
../src/json.hpp:21373:15:nlohmann::basic_json<ObjectType, ArrayType, StringType, BooleanType, NumberIntegerType, NumberUnsignedType, NumberFloatType, AllocatorType, JSONSerializer, BinaryType>::value_type& nlohmann::basic_json<ObjectType, ArrayType, StringType, BooleanType, NumberIntegerType, NumberUnsignedType, NumberFloatType, AllocatorType, JSONSerializer, BinaryType>::operator[](T*) [with T = const char; ObjectType = std::map; ArrayType = std::vector; StringType = std::__cxx11::basic_string<char>; BooleanType = bool; NumberIntegerType = long long int; NumberUnsignedType = long long unsigned int; NumberFloatType = double; AllocatorType = std::allocator; JSONSerializer = nlohmann::adl_serializer; BinaryType = std::vector<unsigned char>]	64	static
../src/json.hpp:19071:5:nlohmann::basic_json<ObjectType, ArrayType, StringType, BooleanType, NumberIntegerType, NumberUnsignedType, NumberFloatType, AllocatorType, JSONSerializer, BinaryType>::basic_json(CompatibleType&&) [with CompatibleType = int&; U = int; typename std::enable_if<((! nlohmann::detail::is_basic_json<U>::value) && nlohmann::detail::is_compatible_type<nlohmann::basic_json<ObjectType, ArrayType, StringType, BooleanType, NumberIntegerType, NumberUnsignedType, NumberFloatType, AllocatorType, JSONSerializer, BinaryType>, U>::value), int>::type <anonymous> = 0; ObjectType = std::map; ArrayType = std::vector; StringType = std::__cxx11::basic_string<char>; BooleanType = bool; NumberIntegerType = long long int; NumberUnsignedType = long long unsigned int; NumberFloatType = double; AllocatorType = std::allocator; JSONSerializer = nlohmann::adl_serializer; BinaryType = std::vector<unsigned char>]	16	static
../src/json.hpp:19821:17:nlohmann::basic_json<ObjectType, ArrayType, StringType, BooleanType, NumberIntegerType, NumberUnsignedType, NumberFloatType, AllocatorType, JSONSerializer, BinaryType>& nlohmann::basic_json<ObjectType, ArrayType, StringType, BooleanType, NumberIntegerType, NumberUnsignedType, NumberFloatType, AllocatorType, JSONSerializer, BinaryType>::operator=(nlohmann::basic_json<ObjectType, ArrayType, StringType, BooleanType, NumberIntegerType, NumberUnsignedType, NumberFloatType, AllocatorType, JSONSerializer, BinaryType>) [with ObjectType = std::map; ArrayType = std::vector; StringType = std::__cxx11::basic_string<char>; BooleanType = bool; NumberIntegerType = long long int; NumberUnsignedType = long long unsigned int; NumberFloatType = double; AllocatorType = std::allocator; JSONSerializer = nlohmann::adl_serializer; BinaryType = std::vector<unsigned char>]	16	static
../src/json.hpp:19071:5:nlohmann::basic_json<ObjectType, ArrayType, StringType, BooleanType, NumberIntegerType, NumberUnsignedType, NumberFloatType, AllocatorType, JSONSerializer, BinaryType>::basic_json(CompatibleType&&) [with CompatibleType = const char*&; U = const char*; typename std::enable_if<((! nlohmann::detail::is_basic_json<U>::value) && nlohmann::detail::is_compatible_type<nlohmann::basic_json<ObjectType, ArrayType, StringType, BooleanType, NumberIntegerType, NumberUnsignedType, NumberFloatType, AllocatorType, JSONSerializer, BinaryType>, U>::value), int>::type <anonymous> = 0; ObjectType = std::map; ArrayType = std::vector; StringType = std::__cxx11::basic_string<char>; BooleanType = bool; NumberIntegerType = long long int; NumberUnsignedType = long long unsigned int; NumberFloatType = double; AllocatorType = std::allocator; JSONSerializer = nlohmann::adl_serializer; BinaryType = std::vector<unsigned char>]	16	static
c:\nxp\mcuxpressoide_11.5.0_7232\ide\plugins\com.nxp.mcuxpresso.tools.win32_11.5.0.202107051138\tools\arm-none-eabi\include\c++\10.3.1\bits\shared_ptr_base.h:1188:7:std::__shared_ptr<_Tp, _Lp>::~__shared_ptr() [with _Tp = nlohmann::detail::output_adapter_protocol<char>; __gnu_cxx::_Lock_policy _Lp = __gnu_cxx::_S_single]	16	static
c:\nxp\mcuxpressoide_11.5.0_7232\ide\plugins\com.nxp.mcuxpresso.tools.win32_11.5.0.202107051138\tools\arm-none-eabi\include\c++\10.3.1\bits\shared_ptr.h:121:11:std::shared_ptr<nlohmann::detail::output_adapter_protocol<char> >::~shared_ptr()	16	static
../src/json.hpp:13656:7:nlohmann::detail::output_adapter<char>::~output_adapter()	16	static
../src/json.hpp:16496:5:nlohmann::detail::serializer<BasicJsonType>::~serializer() [with BasicJsonType = nlohmann::basic_json<>]	16	static
../src/json.hpp:19919:14:nlohmann::basic_json<ObjectType, ArrayType, StringType, BooleanType, NumberIntegerType, NumberUnsignedType, NumberFloatType, AllocatorType, JSONSerializer, BinaryType>::string_t nlohmann::basic_json<ObjectType, ArrayType, StringType, BooleanType, NumberIntegerType, NumberUnsignedType, NumberFloatType, AllocatorType, JSONSerializer, BinaryType>::dump(int, char, bool, nlohmann::basic_json<ObjectType, ArrayType, StringType, BooleanType, NumberIntegerType, NumberUnsignedType, NumberFloatType, AllocatorType, JSONSerializer, BinaryType>::error_handler_t) const [with ObjectType = std::map; ArrayType = std::vector; StringType = std::__cxx11::basic_string<char>; BooleanType = bool; NumberIntegerType = long long int; NumberUnsignedType = long long unsigned int; NumberFloatType = double; AllocatorType = std::allocator; JSONSerializer = nlohmann::adl_serializer; BinaryType = std::vector<unsigned char>]	680	static
c:\nxp\mcuxpressoide_11.5.0_7232\ide\plugins\com.nxp.mcuxpresso.tools.win32_11.5.0.202107051138\tools\arm-none-eabi\include\c++\10.3.1\bits\move.h:101:5:constexpr typename std::remove_reference<_Tp>::type&& std::move(_Tp&&) [with _Tp = std::__cxx11::basic_string<char>&]	16	static
c:\nxp\mcuxpressoide_11.5.0_7232\ide\plugins\com.nxp.mcuxpresso.tools.win32_11.5.0.202107051138\tools\arm-none-eabi\include\c++\10.3.1\bits\shared_ptr_base.h:124:7:std::_Sp_counted_base<_Lp>::~_Sp_counted_base() [with __gnu_cxx::_Lock_policy _Lp = __gnu_cxx::_S_single]	16	static
c:\nxp\mcuxpressoide_11.5.0_7232\ide\plugins\com.nxp.mcuxpresso.tools.win32_11.5.0.202107051138\tools\arm-none-eabi\include\c++\10.3.1\bits\shared_ptr_base.h:124:7:std::_Sp_counted_base<_Lp>::~_Sp_counted_base() [with __gnu_cxx::_Lock_policy _Lp = __gnu_cxx::_S_single]	16	static
c:\nxp\mcuxpressoide_11.5.0_7232\ide\plugins\com.nxp.mcuxpresso.tools.win32_11.5.0.202107051138\tools\arm-none-eabi\include\c++\10.3.1\array:55:7:static constexpr _Tp& std::__array_traits<_Tp, _Nm>::_S_ref(const _Tp (&)[_Nm], std::size_t) [with _Tp = nlohmann::detail::dtoa_impl::cached_power; unsigned int _Nm = 79]	16	static
../src/json.hpp:5236:20:bool nlohmann::byte_container_with_subtype<BinaryType>::has_subtype() const [with BinaryType = std::vector<unsigned char>]	16	static
../src/json.hpp:5215:28:nlohmann::byte_container_with_subtype<BinaryType>::subtype_type nlohmann::byte_container_with_subtype<BinaryType>::subtype() const [with BinaryType = std::vector<unsigned char>]	16	static
c:\nxp\mcuxpressoide_11.5.0_7232\ide\plugins\com.nxp.mcuxpresso.tools.win32_11.5.0.202107051138\tools\arm-none-eabi\include\c++\10.3.1\bits\stl_vector.h:820:7:std::vector<_Tp, _Alloc>::const_iterator std::vector<_Tp, _Alloc>::begin() const [with _Tp = unsigned char; _Alloc = std::allocator<unsigned char>]	24	static
c:\nxp\mcuxpressoide_11.5.0_7232\ide\plugins\com.nxp.mcuxpresso.tools.win32_11.5.0.202107051138\tools\arm-none-eabi\include\c++\10.3.1\bits\stl_vector.h:838:7:std::vector<_Tp, _Alloc>::const_iterator std::vector<_Tp, _Alloc>::end() const [with _Tp = unsigned char; _Alloc = std::allocator<unsigned char>]	24	static
c:\nxp\mcuxpressoide_11.5.0_7232\ide\plugins\com.nxp.mcuxpresso.tools.win32_11.5.0.202107051138\tools\arm-none-eabi\include\c++\10.3.1\bits\stl_iterator.h:1113:5:bool __gnu_cxx::operator!=(const __gnu_cxx::__normal_iterator<_Iterator, _Container>&, const __gnu_cxx::__normal_iterator<_Iterator, _Container>&) [with _Iterator = const unsigned char*; _Container = std::vector<unsigned char>]	24	static
c:\nxp\mcuxpressoide_11.5.0_7232\ide\plugins\com.nxp.mcuxpresso.tools.win32_11.5.0.202107051138\tools\arm-none-eabi\include\c++\10.3.1\bits\stl_iterator.h:1003:7:__gnu_cxx::__normal_iterator<_Iterator, _Container>& __gnu_cxx::__normal_iterator<_Iterator, _Container>::operator++() [with _Iterator = const unsigned char*; _Container = std::vector<unsigned char>]	16	static
c:\nxp\mcuxpressoide_11.5.0_7232\ide\plugins\com.nxp.mcuxpresso.tools.win32_11.5.0.202107051138\tools\arm-none-eabi\include\c++\10.3.1\bits\stl_iterator.h:993:7:__gnu_cxx::__normal_iterator<_Iterator, _Container>::reference __gnu_cxx::__normal_iterator<_Iterator, _Container>::operator*() const [with _Iterator = const unsigned char*; _Container = std::vector<unsigned char>]	16	static
c:\nxp\mcuxpressoide_11.5.0_7232\ide\plugins\com.nxp.mcuxpresso.tools.win32_11.5.0.202107051138\tools\arm-none-eabi\include\c++\10.3.1\bits\move.h:101:5:constexpr typename std::remove_reference<_Tp>::type&& std::move(_Tp&&) [with _Tp = nlohmann::detail::value_t&]	16	static
c:\nxp\mcuxpressoide_11.5.0_7232\ide\plugins\com.nxp.mcuxpresso.tools.win32_11.5.0.202107051138\tools\arm-none-eabi\include\c++\10.3.1\bits\move.h:189:5:std::_Require<std::__not_<std::__is_tuple_like<_Tp> >, std::is_move_constructible<_Tp>, std::is_move_assignable<_Tp> > std::swap(_Tp&, _Tp&) [with _Tp = nlohmann::detail::value_t]	24	static
c:\nxp\mcuxpressoide_11.5.0_7232\ide\plugins\com.nxp.mcuxpresso.tools.win32_11.5.0.202107051138\tools\arm-none-eabi\include\c++\10.3.1\bits\move.h:101:5:constexpr typename std::remove_reference<_Tp>::type&& std::move(_Tp&&) [with _Tp = nlohmann::basic_json<>::json_value&]	16	static
c:\nxp\mcuxpressoide_11.5.0_7232\ide\plugins\com.nxp.mcuxpresso.tools.win32_11.5.0.202107051138\tools\arm-none-eabi\include\c++\10.3.1\bits\move.h:189:5:std::_Require<std::__not_<std::__is_tuple_like<_Tp> >, std::is_move_constructible<_Tp>, std::is_move_assignable<_Tp> > std::swap(_Tp&, _Tp&) [with _Tp = nlohmann::basic_json<>::json_value]	24	static
../src/json.hpp:18775:10:void nlohmann::basic_json<ObjectType, ArrayType, StringType, BooleanType, NumberIntegerType, NumberUnsignedType, NumberFloatType, AllocatorType, JSONSerializer, BinaryType>::set_parents() [with ObjectType = std::map; ArrayType = std::vector; StringType = std::__cxx11::basic_string<char>; BooleanType = bool; NumberIntegerType = long long int; NumberUnsignedType = long long unsigned int; NumberFloatType = double; AllocatorType = std::allocator; JSONSerializer = nlohmann::adl_serializer; BinaryType = std::vector<unsigned char>]	16	static
../src/json.hpp:18754:10:void nlohmann::basic_json<ObjectType, ArrayType, StringType, BooleanType, NumberIntegerType, NumberUnsignedType, NumberFloatType, AllocatorType, JSONSerializer, BinaryType>::assert_invariant(bool) const [with ObjectType = std::map; ArrayType = std::vector; StringType = std::__cxx11::basic_string<char>; BooleanType = bool; NumberIntegerType = long long int; NumberUnsignedType = long long unsigned int; NumberFloatType = double; AllocatorType = std::allocator; JSONSerializer = nlohmann::adl_serializer; BinaryType = std::vector<unsigned char>]	16	static
c:\nxp\mcuxpressoide_11.5.0_7232\ide\plugins\com.nxp.mcuxpresso.tools.win32_11.5.0.202107051138\tools\arm-none-eabi\include\c++\10.3.1\bits\stl_vector.h:128:14:std::_Vector_base<nlohmann::basic_json<>, std::allocator<nlohmann::basic_json<> > >::_Vector_impl::~_Vector_impl()	16	static
c:\nxp\mcuxpressoide_11.5.0_7232\ide\plugins\com.nxp.mcuxpresso.tools.win32_11.5.0.202107051138\tools\arm-none-eabi\include\c++\10.3.1\bits\stl_vector.h:288:7:std::_Vector_base<_Tp, _Alloc>::_Vector_base() [with _Tp = nlohmann::basic_json<>; _Alloc = std::allocator<nlohmann::basic_json<> >]	16	static
c:\nxp\mcuxpressoide_11.5.0_7232\ide\plugins\com.nxp.mcuxpresso.tools.win32_11.5.0.202107051138\tools\arm-none-eabi\include\c++\10.3.1\bits\stl_vector.h:487:7:std::vector<_Tp, _Alloc>::vector() [with _Tp = nlohmann::basic_json<>; _Alloc = std::allocator<nlohmann::basic_json<> >]	16	static
../src/json.hpp:18636:14:void nlohmann::basic_json<ObjectType, ArrayType, StringType, BooleanType, NumberIntegerType, NumberUnsignedType, NumberFloatType, AllocatorType, JSONSerializer, BinaryType>::json_value::destroy(nlohmann::basic_json<ObjectType, ArrayType, StringType, BooleanType, NumberIntegerType, NumberUnsignedType, NumberFloatType, AllocatorType, JSONSerializer, BinaryType>::value_t) [with ObjectType = std::map; ArrayType = std::vector; StringType = std::__cxx11::basic_string<char>; BooleanType = bool; NumberIntegerType = long long int; NumberUnsignedType = long long unsigned int; NumberFloatType = double; AllocatorType = std::allocator; JSONSerializer = nlohmann::adl_serializer; BinaryType = std::vector<unsigned char>]	104	static
c:\nxp\mcuxpressoide_11.5.0_7232\ide\plugins\com.nxp.mcuxpresso.tools.win32_11.5.0.202107051138\tools\arm-none-eabi\include\c++\10.3.1\ext\new_allocator.h:89:7:__gnu_cxx::new_allocator<_Tp>::~new_allocator() [with _Tp = std::__cxx11::basic_string<char>]	16	static
../src/json.hpp:18975:5:nlohmann::basic_json<ObjectType, ArrayType, StringType, BooleanType, NumberIntegerType, NumberUnsignedType, NumberFloatType, AllocatorType, JSONSerializer, BinaryType>::basic_json(nlohmann::basic_json<ObjectType, ArrayType, StringType, BooleanType, NumberIntegerType, NumberUnsignedType, NumberFloatType, AllocatorType, JSONSerializer, BinaryType>::value_t) [with ObjectType = std::map; ArrayType = std::vector; StringType = std::__cxx11::basic_string<char>; BooleanType = bool; NumberIntegerType = long long int; NumberUnsignedType = long long unsigned int; NumberFloatType = double; AllocatorType = std::allocator; JSONSerializer = nlohmann::adl_serializer; BinaryType = std::vector<unsigned char>]	16	static
../src/json.hpp:20052:20:bool nlohmann::basic_json<ObjectType, ArrayType, StringType, BooleanType, NumberIntegerType, NumberUnsignedType, NumberFloatType, AllocatorType, JSONSerializer, BinaryType>::is_null() const [with ObjectType = std::map; ArrayType = std::vector; StringType = std::__cxx11::basic_string<char>; BooleanType = bool; NumberIntegerType = long long int; NumberUnsignedType = long long unsigned int; NumberFloatType = double; AllocatorType = std::allocator; JSONSerializer = nlohmann::adl_serializer; BinaryType = std::vector<unsigned char>]	16	static
../src/json.hpp:18505:9:nlohmann::basic_json<ObjectType, ArrayType, StringType, BooleanType, NumberIntegerType, NumberUnsignedType, NumberFloatType, AllocatorType, JSONSerializer, BinaryType>::json_value::json_value(nlohmann::basic_json<ObjectType, ArrayType, StringType, BooleanType, NumberIntegerType, NumberUnsignedType, NumberFloatType, AllocatorType, JSONSerializer, BinaryType>::value_t) [with ObjectType = std::map; ArrayType = std::vector; StringType = std::__cxx11::basic_string<char>; BooleanType = bool; NumberIntegerType = long long int; NumberUnsignedType = long long unsigned int; NumberFloatType = double; AllocatorType = std::allocator; JSONSerializer = nlohmann::adl_serializer; BinaryType = std::vector<unsigned char>]	16	static
../src/json.hpp:20211:20:bool nlohmann::basic_json<ObjectType, ArrayType, StringType, BooleanType, NumberIntegerType, NumberUnsignedType, NumberFloatType, AllocatorType, JSONSerializer, BinaryType>::is_object() const [with ObjectType = std::map; ArrayType = std::vector; StringType = std::__cxx11::basic_string<char>; BooleanType = bool; NumberIntegerType = long long int; NumberUnsignedType = long long unsigned int; NumberFloatType = double; AllocatorType = std::allocator; JSONSerializer = nlohmann::adl_serializer; BinaryType = std::vector<unsigned char>]	16	static
../src/json.hpp:18825:15:nlohmann::basic_json<ObjectType, ArrayType, StringType, BooleanType, NumberIntegerType, NumberUnsignedType, NumberFloatType, AllocatorType, JSONSerializer, BinaryType>::value_type& nlohmann::basic_json<ObjectType, ArrayType, StringType, BooleanType, NumberIntegerType, NumberUnsignedType, NumberFloatType, AllocatorType, JSONSerializer, BinaryType>::set_parent(nlohmann::basic_json<ObjectType, ArrayType, StringType, BooleanType, NumberIntegerType, NumberUnsignedType, NumberFloatType, AllocatorType, JSONSerializer, BinaryType>::reference, std::size_t) [with ObjectType = std::map; ArrayType = std::vector; StringType = std::__cxx11::basic_string<char>; BooleanType = bool; NumberIntegerType = long long int; NumberUnsignedType = long long unsigned int; NumberFloatType = double; AllocatorType = std::allocator; JSONSerializer = nlohmann::adl_serializer; BinaryType = std::vector<unsigned char>]	24	static
c:\nxp\mcuxpressoide_11.5.0_7232\ide\plugins\com.nxp.mcuxpresso.tools.win32_11.5.0.202107051138\tools\arm-none-eabi\include\c++\10.3.1\bits\stl_map.h:512:7:std::map<_Key, _Tp, _Compare, _Alloc>::mapped_type& std::map<_Key, _Tp, _Compare, _Alloc>::operator[](std::map<_Key, _Tp, _Compare, _Alloc>::key_type&&) [with _Key = std::__cxx11::basic_string<char>; _Tp = nlohmann::basic_json<>; _Compare = std::less<std::__cxx11::basic_string<char> >; _Alloc = std::allocator<std::pair<const std::__cxx11::basic_string<char>, nlohmann::basic_json<> > >]	56	static
c:\nxp\mcuxpressoide_11.5.0_7232\ide\plugins\com.nxp.mcuxpresso.tools.win32_11.5.0.202107051138\tools\arm-none-eabi\include\c++\10.3.1\bits\move.h:76:5:constexpr _Tp&& std::forward(typename std::remove_reference<_Tp>::type&) [with _Tp = int&]	16	static
../src/json.hpp:5093:17:static decltype ((nlohmann::{anonymous}::to_json(j, forward<TargetType>(val)), void())) nlohmann::adl_serializer<T, SFINAE>::to_json(BasicJsonType&, TargetType&&) [with BasicJsonType = nlohmann::basic_json<>; TargetType = int&; ValueType = int; <template-parameter-1-2> = void]	24	static
c:\nxp\mcuxpressoide_11.5.0_7232\ide\plugins\com.nxp.mcuxpresso.tools.win32_11.5.0.202107051138\tools\arm-none-eabi\include\c++\10.3.1\bits\move.h:76:5:constexpr _Tp&& std::forward(typename std::remove_reference<_Tp>::type&) [with _Tp = const char*&]	16	static
../src/json.hpp:5093:17:static decltype ((nlohmann::{anonymous}::to_json(j, forward<TargetType>(val)), void())) nlohmann::adl_serializer<T, SFINAE>::to_json(BasicJsonType&, TargetType&&) [with BasicJsonType = nlohmann::basic_json<>; TargetType = const char*&; ValueType = const char*; <template-parameter-1-2> = void]	24	static
c:\nxp\mcuxpressoide_11.5.0_7232\ide\plugins\com.nxp.mcuxpresso.tools.win32_11.5.0.202107051138\tools\arm-none-eabi\include\c++\10.3.1\bits\shared_ptr_base.h:1188:7:std::__shared_ptr<_Tp, _Lp>::~__shared_ptr() [with _Tp = nlohmann::detail::output_string_adapter<char, std::__cxx11::basic_string<char> >; __gnu_cxx::_Lock_policy _Lp = __gnu_cxx::_S_single]	16	static
c:\nxp\mcuxpressoide_11.5.0_7232\ide\plugins\com.nxp.mcuxpresso.tools.win32_11.5.0.202107051138\tools\arm-none-eabi\include\c++\10.3.1\bits\shared_ptr.h:121:11:std::shared_ptr<nlohmann::detail::output_string_adapter<char, std::__cxx11::basic_string<char> > >::~shared_ptr()	16	static
../src/json.hpp:13668:5:nlohmann::detail::output_adapter<CharType, StringType>::output_adapter(StringType&) [with CharType = char; StringType = std::__cxx11::basic_string<char>]	32	static
c:\nxp\mcuxpressoide_11.5.0_7232\ide\plugins\com.nxp.mcuxpresso.tools.win32_11.5.0.202107051138\tools\arm-none-eabi\include\c++\10.3.1\bits\shared_ptr_base.h:733:7:std::__shared_count<_Lp>::~__shared_count() [with __gnu_cxx::_Lock_policy _Lp = __gnu_cxx::_S_single]	16	static
c:\nxp\mcuxpressoide_11.5.0_7232\ide\plugins\com.nxp.mcuxpresso.tools.win32_11.5.0.202107051138\tools\arm-none-eabi\include\c++\10.3.1\bits\shared_ptr_base.h:1186:7:std::__shared_ptr<_Tp, _Lp>::__shared_ptr(const std::__shared_ptr<_Tp, _Lp>&) [with _Tp = nlohmann::detail::output_adapter_protocol<char>; __gnu_cxx::_Lock_policy _Lp = __gnu_cxx::_S_single]	16	static
c:\nxp\mcuxpressoide_11.5.0_7232\ide\plugins\com.nxp.mcuxpresso.tools.win32_11.5.0.202107051138\tools\arm-none-eabi\include\c++\10.3.1\bits\shared_ptr.h:149:7:std::shared_ptr<_Tp>::shared_ptr(const std::shared_ptr<_Tp>&) [with _Tp = nlohmann::detail::output_adapter_protocol<char>]	16	static
../src/json.hpp:13671:5:nlohmann::detail::output_adapter<CharType, StringType>::operator nlohmann::detail::output_adapter_t<CharType>() [with CharType = char; StringType = std::__cxx11::basic_string<char>]	16	static
c:\nxp\mcuxpressoide_11.5.0_7232\ide\plugins\com.nxp.mcuxpresso.tools.win32_11.5.0.202107051138\tools\arm-none-eabi\include\c++\10.3.1\bits\shared_ptr.h:303:7:std::shared_ptr<_Tp>::shared_ptr(std::shared_ptr<_Tp>&&) [with _Tp = nlohmann::detail::output_adapter_protocol<char>]	24	static
../src/json.hpp:16480:5:nlohmann::detail::serializer<BasicJsonType>::serializer(nlohmann::detail::output_adapter_t<char>, char, nlohmann::detail::error_handler_t) [with BasicJsonType = nlohmann::basic_json<>]	48	static
../src/json.hpp:16520:10:void nlohmann::detail::serializer<BasicJsonType>::dump(const BasicJsonType&, bool, bool, unsigned int, unsigned int) [with BasicJsonType = nlohmann::basic_json<>]	144	static
c:\nxp\mcuxpressoide_11.5.0_7232\ide\plugins\com.nxp.mcuxpresso.tools.win32_11.5.0.202107051138\tools\arm-none-eabi\include\c++\10.3.1\bits\stl_vector.h:918:7:std::vector<_Tp, _Alloc>::size_type std::vector<_Tp, _Alloc>::size() const [with _Tp = nlohmann::basic_json<>; _Alloc = std::allocator<nlohmann::basic_json<> >]	16	static
c:\nxp\mcuxpressoide_11.5.0_7232\ide\plugins\com.nxp.mcuxpresso.tools.win32_11.5.0.202107051138\tools\arm-none-eabi\include\c++\10.3.1\bits\stl_map.h:470:7:std::map<_Key, _Tp, _Compare, _Alloc>::size_type std::map<_Key, _Tp, _Compare, _Alloc>::size() const [with _Key = std::__cxx11::basic_string<char>; _Tp = nlohmann::basic_json<>; _Compare = std::less<std::__cxx11::basic_string<char> >; _Alloc = std::allocator<std::pair<const std::__cxx11::basic_string<char>, nlohmann::basic_json<> > >]	16	static
c:\nxp\mcuxpressoide_11.5.0_7232\ide\plugins\com.nxp.mcuxpresso.tools.win32_11.5.0.202107051138\tools\arm-none-eabi\include\c++\10.3.1\bits\stl_map.h:374:7:std::map<_Key, _Tp, _Compare, _Alloc>::iterator std::map<_Key, _Tp, _Compare, _Alloc>::end() [with _Key = std::__cxx11::basic_string<char>; _Tp = nlohmann::basic_json<>; _Compare = std::less<std::__cxx11::basic_string<char> >; _Alloc = std::allocator<std::pair<const std::__cxx11::basic_string<char>, nlohmann::basic_json<> > >]	16	static
c:\nxp\mcuxpressoide_11.5.0_7232\ide\plugins\com.nxp.mcuxpresso.tools.win32_11.5.0.202107051138\tools\arm-none-eabi\include\c++\10.3.1\bits\stl_tree.h:320:7:bool std::operator!=(const _Self&, const _Self&)	16	static
c:\nxp\mcuxpressoide_11.5.0_7232\ide\plugins\com.nxp.mcuxpresso.tools.win32_11.5.0.202107051138\tools\arm-none-eabi\include\c++\10.3.1\bits\stl_vector.h:829:7:std::vector<_Tp, _Alloc>::iterator std::vector<_Tp, _Alloc>::end() [with _Tp = nlohmann::basic_json<>; _Alloc = std::allocator<nlohmann::basic_json<> >]	24	static
c:\nxp\mcuxpressoide_11.5.0_7232\ide\plugins\com.nxp.mcuxpresso.tools.win32_11.5.0.202107051138\tools\arm-none-eabi\include\c++\10.3.1\bits\stl_iterator.h:993:7:__gnu_cxx::__normal_iterator<_Iterator, _Container>::reference __gnu_cxx::__normal_iterator<_Iterator, _Container>::operator*() const [with _Iterator = nlohmann::basic_json<>*; _Container = std::vector<nlohmann::basic_json<>, std::allocator<nlohmann::basic_json<> > >]	16	static
c:\nxp\mcuxpressoide_11.5.0_7232\ide\plugins\com.nxp.mcuxpresso.tools.win32_11.5.0.202107051138\tools\arm-none-eabi\include\c++\10.3.1\bits\stl_iterator.h:978:7:__gnu_cxx::__normal_iterator<_Iterator, _Container>::__normal_iterator(const _Iterator&) [with _Iterator = const unsigned char*; _Container = std::vector<unsigned char>]	16	static
c:\nxp\mcuxpressoide_11.5.0_7232\ide\plugins\com.nxp.mcuxpresso.tools.win32_11.5.0.202107051138\tools\arm-none-eabi\include\c++\10.3.1\bits\stl_iterator.h:1056:7:const _Iterator& __gnu_cxx::__normal_iterator<_Iterator, _Container>::base() const [with _Iterator = const unsigned char*; _Container = std::vector<unsigned char>]	16	static
c:\nxp\mcuxpressoide_11.5.0_7232\ide\plugins\com.nxp.mcuxpresso.tools.win32_11.5.0.202107051138\tools\arm-none-eabi\include\c++\10.3.1\bits\stl_vector.h:131:2:std::_Vector_base<_Tp, _Alloc>::_Vector_impl::_Vector_impl() [with _Tp = nlohmann::basic_json<>; _Alloc = std::allocator<nlohmann::basic_json<> >]	16	static
c:\nxp\mcuxpressoide_11.5.0_7232\ide\plugins\com.nxp.mcuxpresso.tools.win32_11.5.0.202107051138\tools\arm-none-eabi\include\c++\10.3.1\bits\allocator.h:182:7:std::allocator< <template-parameter-1-1> >::~allocator() [with _Tp = nlohmann::basic_json<>]	16	static
c:\nxp\mcuxpressoide_11.5.0_7232\ide\plugins\com.nxp.mcuxpresso.tools.win32_11.5.0.202107051138\tools\arm-none-eabi\include\c++\10.3.1\bits\stl_vector.h:333:7:std::_Vector_base<_Tp, _Alloc>::~_Vector_base() [with _Tp = nlohmann::basic_json<>; _Alloc = std::allocator<nlohmann::basic_json<> >]	16	static
c:\nxp\mcuxpressoide_11.5.0_7232\ide\plugins\com.nxp.mcuxpresso.tools.win32_11.5.0.202107051138\tools\arm-none-eabi\include\c++\10.3.1\bits\stl_vector.h:678:7:std::vector<_Tp, _Alloc>::~vector() [with _Tp = nlohmann::basic_json<>; _Alloc = std::allocator<nlohmann::basic_json<> >]	24	static
c:\nxp\mcuxpressoide_11.5.0_7232\ide\plugins\com.nxp.mcuxpresso.tools.win32_11.5.0.202107051138\tools\arm-none-eabi\include\c++\10.3.1\bits\stl_vector.h:444:7:static constexpr bool std::vector<_Tp, _Alloc>::_S_use_relocate() [with _Tp = nlohmann::basic_json<>; _Alloc = std::allocator<nlohmann::basic_json<> >]	16	static
c:\nxp\mcuxpressoide_11.5.0_7232\ide\plugins\com.nxp.mcuxpresso.tools.win32_11.5.0.202107051138\tools\arm-none-eabi\include\c++\10.3.1\bits\stl_vector.h:431:7:static constexpr bool std::vector<_Tp, _Alloc>::_S_nothrow_relocate(std::true_type) [with _Tp = nlohmann::basic_json<>; _Alloc = std::allocator<nlohmann::basic_json<> >]	16	static
c:\nxp\mcuxpressoide_11.5.0_7232\ide\plugins\com.nxp.mcuxpresso.tools.win32_11.5.0.202107051138\tools\arm-none-eabi\include\c++\10.3.1\bits\vector.tcc:66:5:void std::vector<_Tp, _Alloc>::reserve(std::vector<_Tp, _Alloc>::size_type) [with _Tp = nlohmann::basic_json<>; _Alloc = std::allocator<nlohmann::basic_json<> >]	32	static
c:\nxp\mcuxpressoide_11.5.0_7232\ide\plugins\com.nxp.mcuxpresso.tools.win32_11.5.0.202107051138\tools\arm-none-eabi\include\c++\10.3.1\bits\stl_vector.h:811:7:std::vector<_Tp, _Alloc>::iterator std::vector<_Tp, _Alloc>::begin() [with _Tp = nlohmann::basic_json<>; _Alloc = std::allocator<nlohmann::basic_json<> >]	24	static
c:\nxp\mcuxpressoide_11.5.0_7232\ide\plugins\com.nxp.mcuxpresso.tools.win32_11.5.0.202107051138\tools\arm-none-eabi\include\c++\10.3.1\bits\stl_iterator.h:688:5:std::back_insert_iterator<_Container> std::back_inserter(_Container&) [with _Container = std::vector<nlohmann::basic_json<>, std::allocator<nlohmann::basic_json<> > >]	24	static
c:\nxp\mcuxpressoide_11.5.0_7232\ide\plugins\com.nxp.mcuxpresso.tools.win32_11.5.0.202107051138\tools\arm-none-eabi\include\c++\10.3.1\bits\stl_algobase.h:593:5:_OI std::move(_II, _II, _OI) [with _II = __gnu_cxx::__normal_iterator<nlohmann::basic_json<>*, std::vector<nlohmann::basic_json<>, std::allocator<nlohmann::basic_json<> > > >; _OI = std::back_insert_iterator<std::vector<nlohmann::basic_json<>, std::allocator<nlohmann::basic_json<> > > >]	32	static
c:\nxp\mcuxpressoide_11.5.0_7232\ide\plugins\com.nxp.mcuxpresso.tools.win32_11.5.0.202107051138\tools\arm-none-eabi\include\c++\10.3.1\bits\stl_map.h:356:7:std::map<_Key, _Tp, _Compare, _Alloc>::iterator std::map<_Key, _Tp, _Compare, _Alloc>::begin() [with _Key = std::__cxx11::basic_string<char>; _Tp = nlohmann::basic_json<>; _Compare = std::less<std::__cxx11::basic_string<char> >; _Alloc = std::allocator<std::pair<const std::__cxx11::basic_string<char>, nlohmann::basic_json<> > >]	16	static
c:\nxp\mcuxpressoide_11.5.0_7232\ide\plugins\com.nxp.mcuxpresso.tools.win32_11.5.0.202107051138\tools\arm-none-eabi\include\c++\10.3.1\bits\stl_tree.h:285:7:std::_Rb_tree_iterator<_Tp>::_Self& std::_Rb_tree_iterator<_Tp>::operator++() [with _Tp = std::pair<const std::__cxx11::basic_string<char>, nlohmann::basic_json<> >]	16	static
c:\nxp\mcuxpressoide_11.5.0_7232\ide\plugins\com.nxp.mcuxpresso.tools.win32_11.5.0.202107051138\tools\arm-none-eabi\include\c++\10.3.1\bits\stl_tree.h:277:7:_Tp& std::_Rb_tree_iterator<_Tp>::operator*() const [with _Tp = std::pair<const std::__cxx11::basic_string<char>, nlohmann::basic_json<> >]	16	static
c:\nxp\mcuxpressoide_11.5.0_7232\ide\plugins\com.nxp.mcuxpresso.tools.win32_11.5.0.202107051138\tools\arm-none-eabi\include\c++\10.3.1\bits\move.h:101:5:constexpr typename std::remove_reference<_Tp>::type&& std::move(_Tp&&) [with _Tp = nlohmann::basic_json<>&]	16	static
c:\nxp\mcuxpressoide_11.5.0_7232\ide\plugins\com.nxp.mcuxpresso.tools.win32_11.5.0.202107051138\tools\arm-none-eabi\include\c++\10.3.1\bits\stl_vector.h:1203:7:void std::vector<_Tp, _Alloc>::push_back(std::vector<_Tp, _Alloc>::value_type&&) [with _Tp = nlohmann::basic_json<>; _Alloc = std::allocator<nlohmann::basic_json<> >]	16	static
c:\nxp\mcuxpressoide_11.5.0_7232\ide\plugins\com.nxp.mcuxpresso.tools.win32_11.5.0.202107051138\tools\arm-none-eabi\include\c++\10.3.1\bits\stl_vector.h:1007:7:bool std::vector<_Tp, _Alloc>::empty() const [with _Tp = nlohmann::basic_json<>; _Alloc = std::allocator<nlohmann::basic_json<> >]	24	static
c:\nxp\mcuxpressoide_11.5.0_7232\ide\plugins\com.nxp.mcuxpresso.tools.win32_11.5.0.202107051138\tools\arm-none-eabi\include\c++\10.3.1\bits\stl_vector.h:1143:7:std::vector<_Tp, _Alloc>::reference std::vector<_Tp, _Alloc>::back() [with _Tp = nlohmann::basic_json<>; _Alloc = std::allocator<nlohmann::basic_json<> >]	24	static
c:\nxp\mcuxpressoide_11.5.0_7232\ide\plugins\com.nxp.mcuxpresso.tools.win32_11.5.0.202107051138\tools\arm-none-eabi\include\c++\10.3.1\bits\stl_vector.h:1225:7:void std::vector<_Tp, _Alloc>::pop_back() [with _Tp = nlohmann::basic_json<>; _Alloc = std::allocator<nlohmann::basic_json<> >]	16	static
../src/json.hpp:20233:20:bool nlohmann::basic_json<ObjectType, ArrayType, StringType, BooleanType, NumberIntegerType, NumberUnsignedType, NumberFloatType, AllocatorType, JSONSerializer, BinaryType>::is_array() const [with ObjectType = std::map; ArrayType = std::vector; StringType = std::__cxx11::basic_string<char>; BooleanType = bool; NumberIntegerType = long long int; NumberUnsignedType = long long unsigned int; NumberFloatType = double; AllocatorType = std::allocator; JSONSerializer = nlohmann::adl_serializer; BinaryType = std::vector<unsigned char>]	16	static
c:\nxp\mcuxpressoide_11.5.0_7232\ide\plugins\com.nxp.mcuxpresso.tools.win32_11.5.0.202107051138\tools\arm-none-eabi\include\c++\10.3.1\bits\stl_vector.h:1498:7:void std::vector<_Tp, _Alloc>::clear() [with _Tp = nlohmann::basic_json<>; _Alloc = std::allocator<nlohmann::basic_json<> >]	16	static
c:\nxp\mcuxpressoide_11.5.0_7232\ide\plugins\com.nxp.mcuxpresso.tools.win32_11.5.0.202107051138\tools\arm-none-eabi\include\c++\10.3.1\bits\stl_map.h:1133:7:void std::map<_Key, _Tp, _Compare, _Alloc>::clear() [with _Key = std::__cxx11::basic_string<char>; _Tp = nlohmann::basic_json<>; _Compare = std::less<std::__cxx11::basic_string<char> >; _Alloc = std::allocator<std::pair<const std::__cxx11::basic_string<char>, nlohmann::basic_json<> > >]	16	static
c:\nxp\mcuxpressoide_11.5.0_7232\ide\plugins\com.nxp.mcuxpresso.tools.win32_11.5.0.202107051138\tools\arm-none-eabi\include\c++\10.3.1\bits\allocator.h:164:7:std::allocator< <template-parameter-1-1> >::allocator() [with _Tp = std::map<std::__cxx11::basic_string<char>, nlohmann::basic_json<>, std::less<std::__cxx11::basic_string<char> >, std::allocator<std::pair<const std::__cxx11::basic_string<char>, nlohmann::basic_json<> > > >]	16	static
c:\nxp\mcuxpressoide_11.5.0_7232\ide\plugins\com.nxp.mcuxpresso.tools.win32_11.5.0.202107051138\tools\arm-none-eabi\include\c++\10.3.1\bits\allocator.h:182:7:std::allocator< <template-parameter-1-1> >::~allocator() [with _Tp = std::map<std::__cxx11::basic_string<char>, nlohmann::basic_json<>, std::less<std::__cxx11::basic_string<char> >, std::allocator<std::pair<const std::__cxx11::basic_string<char>, nlohmann::basic_json<> > > >]	16	static
c:\nxp\mcuxpressoide_11.5.0_7232\ide\plugins\com.nxp.mcuxpresso.tools.win32_11.5.0.202107051138\tools\arm-none-eabi\include\c++\10.3.1\bits\alloc_traits.h:527:2:static void std::allocator_traits<std::allocator<_CharT> >::destroy(std::allocator_traits<std::allocator<_CharT> >::allocator_type&, _Up*) [with _Up = std::map<std::__cxx11::basic_string<char>, nlohmann::basic_json<>, std::less<std::__cxx11::basic_string<char> >, std::allocator<std::pair<const std::__cxx11::basic_string<char>, nlohmann::basic_json<> > > >; _Tp = std::map<std::__cxx11::basic_string<char>, nlohmann::basic_json<>, std::less<std::__cxx11::basic_string<char> >, std::allocator<std::pair<const std::__cxx11::basic_string<char>, nlohmann::basic_json<> > > >]	16	static
c:\nxp\mcuxpressoide_11.5.0_7232\ide\plugins\com.nxp.mcuxpresso.tools.win32_11.5.0.202107051138\tools\arm-none-eabi\include\c++\10.3.1\bits\alloc_traits.h:491:7:static void std::allocator_traits<std::allocator<_CharT> >::deallocate(std::allocator_traits<std::allocator<_CharT> >::allocator_type&, std::allocator_traits<std::allocator<_CharT> >::pointer, std::allocator_traits<std::allocator<_CharT> >::size_type) [with _Tp = std::map<std::__cxx11::basic_string<char>, nlohmann::basic_json<>, std::less<std::__cxx11::basic_string<char> >, std::allocator<std::pair<const std::__cxx11::basic_string<char>, nlohmann::basic_json<> > > >]	24	static
c:\nxp\mcuxpressoide_11.5.0_7232\ide\plugins\com.nxp.mcuxpresso.tools.win32_11.5.0.202107051138\tools\arm-none-eabi\include\c++\10.3.1\bits\allocator.h:164:7:std::allocator< <template-parameter-1-1> >::allocator() [with _Tp = std::vector<nlohmann::basic_json<>, std::allocator<nlohmann::basic_json<> > >]	16	static
c:\nxp\mcuxpressoide_11.5.0_7232\ide\plugins\com.nxp.mcuxpresso.tools.win32_11.5.0.202107051138\tools\arm-none-eabi\include\c++\10.3.1\bits\allocator.h:182:7:std::allocator< <template-parameter-1-1> >::~allocator() [with _Tp = std::vector<nlohmann::basic_json<>, std::allocator<nlohmann::basic_json<> > >]	16	static
c:\nxp\mcuxpressoide_11.5.0_7232\ide\plugins\com.nxp.mcuxpresso.tools.win32_11.5.0.202107051138\tools\arm-none-eabi\include\c++\10.3.1\bits\alloc_traits.h:527:2:static void std::allocator_traits<std::allocator<_CharT> >::destroy(std::allocator_traits<std::allocator<_CharT> >::allocator_type&, _Up*) [with _Up = std::vector<nlohmann::basic_json<>, std::allocator<nlohmann::basic_json<> > >; _Tp = std::vector<nlohmann::basic_json<>, std::allocator<nlohmann::basic_json<> > >]	16	static
c:\nxp\mcuxpressoide_11.5.0_7232\ide\plugins\com.nxp.mcuxpresso.tools.win32_11.5.0.202107051138\tools\arm-none-eabi\include\c++\10.3.1\bits\alloc_traits.h:491:7:static void std::allocator_traits<std::allocator<_CharT> >::deallocate(std::allocator_traits<std::allocator<_CharT> >::allocator_type&, std::allocator_traits<std::allocator<_CharT> >::pointer, std::allocator_traits<std::allocator<_CharT> >::size_type) [with _Tp = std::vector<nlohmann::basic_json<>, std::allocator<nlohmann::basic_json<> > >]	24	static
c:\nxp\mcuxpressoide_11.5.0_7232\ide\plugins\com.nxp.mcuxpresso.tools.win32_11.5.0.202107051138\tools\arm-none-eabi\include\c++\10.3.1\bits\allocator.h:164:7:std::allocator< <template-parameter-1-1> >::allocator() [with _Tp = std::__cxx11::basic_string<char>]	16	static
c:\nxp\mcuxpressoide_11.5.0_7232\ide\plugins\com.nxp.mcuxpresso.tools.win32_11.5.0.202107051138\tools\arm-none-eabi\include\c++\10.3.1\bits\alloc_traits.h:527:2:static void std::allocator_traits<std::allocator<_CharT> >::destroy(std::allocator_traits<std::allocator<_CharT> >::allocator_type&, _Up*) [with _Up = std::__cxx11::basic_string<char>; _Tp = std::__cxx11::basic_string<char>]	16	static
c:\nxp\mcuxpressoide_11.5.0_7232\ide\plugins\com.nxp.mcuxpresso.tools.win32_11.5.0.202107051138\tools\arm-none-eabi\include\c++\10.3.1\bits\alloc_traits.h:491:7:static void std::allocator_traits<std::allocator<_CharT> >::deallocate(std::allocator_traits<std::allocator<_CharT> >::allocator_type&, std::allocator_traits<std::allocator<_CharT> >::pointer, std::allocator_traits<std::allocator<_CharT> >::size_type) [with _Tp = std::__cxx11::basic_string<char>]	24	static
c:\nxp\mcuxpressoide_11.5.0_7232\ide\plugins\com.nxp.mcuxpresso.tools.win32_11.5.0.202107051138\tools\arm-none-eabi\include\c++\10.3.1\bits\allocator.h:164:7:std::allocator< <template-parameter-1-1> >::allocator() [with _Tp = nlohmann::byte_container_with_subtype<std::vector<unsigned char> >]	16	static
c:\nxp\mcuxpressoide_11.5.0_7232\ide\plugins\com.nxp.mcuxpresso.tools.win32_11.5.0.202107051138\tools\arm-none-eabi\include\c++\10.3.1\bits\allocator.h:182:7:std::allocator< <template-parameter-1-1> >::~allocator() [with _Tp = nlohmann::byte_container_with_subtype<std::vector<unsigned char> >]	16	static
c:\nxp\mcuxpressoide_11.5.0_7232\ide\plugins\com.nxp.mcuxpresso.tools.win32_11.5.0.202107051138\tools\arm-none-eabi\include\c++\10.3.1\bits\alloc_traits.h:527:2:static void std::allocator_traits<std::allocator<_CharT> >::destroy(std::allocator_traits<std::allocator<_CharT> >::allocator_type&, _Up*) [with _Up = nlohmann::byte_container_with_subtype<std::vector<unsigned char> >; _Tp = nlohmann::byte_container_with_subtype<std::vector<unsigned char> >]	16	static
c:\nxp\mcuxpressoide_11.5.0_7232\ide\plugins\com.nxp.mcuxpresso.tools.win32_11.5.0.202107051138\tools\arm-none-eabi\include\c++\10.3.1\bits\alloc_traits.h:491:7:static void std::allocator_traits<std::allocator<_CharT> >::deallocate(std::allocator_traits<std::allocator<_CharT> >::allocator_type&, std::allocator_traits<std::allocator<_CharT> >::pointer, std::allocator_traits<std::allocator<_CharT> >::size_type) [with _Tp = nlohmann::byte_container_with_subtype<std::vector<unsigned char> >]	24	static
../src/json.hpp:18435:24:nlohmann::basic_json<ObjectType, ArrayType, StringType, BooleanType, NumberIntegerType, NumberUnsignedType, NumberFloatType, AllocatorType, JSONSerializer, BinaryType>::create<std::map<std::__cxx11::basic_string<char>, nlohmann::basic_json<>, std::less<std::__cxx11::basic_string<char> >, std::allocator<std::pair<const std::__cxx11::basic_string<char>, nlohmann::basic_json<> > > >, {}>::<lambda(std::map<std::__cxx11::basic_string<char>, nlohmann::basic_json<>, std::less<std::__cxx11::basic_string<char> >, std::allocator<std::pair<const std::__cxx11::basic_string<char>, nlohmann::basic_json<> > > >*)>	16	static
../src/json.hpp:18430:15:) [with T = std::map<std::__cxx11::basic_string<char>, nlohmann::basic_json<>, std::less<std::__cxx11::basic_string<char> >, std::allocator<std::pair<const std::__cxx11::basic_string<char>, nlohmann::basic_json<> > > >; Args = {}; ObjectType = std::map; ArrayType = std::vector; StringType = std::__cxx11::basic_string<char>; BooleanType = bool; NumberIntegerType = long long int; NumberUnsignedType = long long unsigned int; NumberFloatType = double; AllocatorType = std::allocator; JSONSerializer = nlohmann::adl_serializer; BinaryType = std::vector<unsigned char>]	32	static
../src/json.hpp:18435:24:nlohmann::basic_json<ObjectType, ArrayType, StringType, BooleanType, NumberIntegerType, NumberUnsignedType, NumberFloatType, AllocatorType, JSONSerializer, BinaryType>::create<std::vector<nlohmann::basic_json<>, std::allocator<nlohmann::basic_json<> > >, {}>::<lambda(std::vector<nlohmann::basic_json<>, std::allocator<nlohmann::basic_json<> > >*)>	16	static
../src/json.hpp:18430:15:) [with T = std::vector<nlohmann::basic_json<>, std::allocator<nlohmann::basic_json<> > >; Args = {}; ObjectType = std::map; ArrayType = std::vector; StringType = std::__cxx11::basic_string<char>; BooleanType = bool; NumberIntegerType = long long int; NumberUnsignedType = long long unsigned int; NumberFloatType = double; AllocatorType = std::allocator; JSONSerializer = nlohmann::adl_serializer; BinaryType = std::vector<unsigned char>]	32	static
../src/json.hpp:18435:24:nlohmann::basic_json<ObjectType, ArrayType, StringType, BooleanType, NumberIntegerType, NumberUnsignedType, NumberFloatType, AllocatorType, JSONSerializer, BinaryType>::create<std::__cxx11::basic_string<char>, {const char (&)[1]}>::<lambda(std::__cxx11::basic_string<char>*)>	16	static
../src/json.hpp:18430:15:) [with T = std::__cxx11::basic_string<char>; Args = {const char (&)[1]}; ObjectType = std::map; ArrayType = std::vector; StringType = std::__cxx11::basic_string<char>; BooleanType = bool; NumberIntegerType = long long int; NumberUnsignedType = long long unsigned int; NumberFloatType = double; AllocatorType = std::allocator; JSONSerializer = nlohmann::adl_serializer; BinaryType = std::vector<unsigned char>]	40	static
../src/json.hpp:18435:24:nlohmann::basic_json<ObjectType, ArrayType, StringType, BooleanType, NumberIntegerType, NumberUnsignedType, NumberFloatType, AllocatorType, JSONSerializer, BinaryType>::create<nlohmann::byte_container_with_subtype<std::vector<unsigned char> >, {}>::<lambda(nlohmann::byte_container_with_subtype<std::vector<unsigned char> >*)>	16	static
../src/json.hpp:18430:15:) [with T = nlohmann::byte_container_with_subtype<std::vector<unsigned char> >; Args = {}; ObjectType = std::map; ArrayType = std::vector; StringType = std::__cxx11::basic_string<char>; BooleanType = bool; NumberIntegerType = long long int; NumberUnsignedType = long long unsigned int; NumberFloatType = double; AllocatorType = std::allocator; JSONSerializer = nlohmann::adl_serializer; BinaryType = std::vector<unsigned char>]	32	static
c:\nxp\mcuxpressoide_11.5.0_7232\ide\plugins\com.nxp.mcuxpresso.tools.win32_11.5.0.202107051138\tools\arm-none-eabi\include\c++\10.3.1\bits\stl_map.h:1258:7:std::map<_Key, _Tp, _Compare, _Alloc>::iterator std::map<_Key, _Tp, _Compare, _Alloc>::lower_bound(const key_type&) [with _Key = std::__cxx11::basic_string<char>; _Tp = nlohmann::basic_json<>; _Compare = std::less<std::__cxx11::basic_string<char> >; _Alloc = std::allocator<std::pair<const std::__cxx11::basic_string<char>, nlohmann::basic_json<> > >]	16	static
c:\nxp\mcuxpressoide_11.5.0_7232\ide\plugins\com.nxp.mcuxpresso.tools.win32_11.5.0.202107051138\tools\arm-none-eabi\include\c++\10.3.1\bits\stl_tree.h:315:7:bool std::operator==(const _Self&, const _Self&)	16	static
c:\nxp\mcuxpressoide_11.5.0_7232\ide\plugins\com.nxp.mcuxpresso.tools.win32_11.5.0.202107051138\tools\arm-none-eabi\include\c++\10.3.1\bits\stl_map.h:1142:7:std::map<_Key, _Tp, _Compare, _Alloc>::key_compare std::map<_Key, _Tp, _Compare, _Alloc>::key_comp() const [with _Key = std::__cxx11::basic_string<char>; _Tp = nlohmann::basic_json<>; _Compare = std::less<std::__cxx11::basic_string<char> >; _Alloc = std::allocator<std::pair<const std::__cxx11::basic_string<char>, nlohmann::basic_json<> > >]	24	static
c:\nxp\mcuxpressoide_11.5.0_7232\ide\plugins\com.nxp.mcuxpresso.tools.win32_11.5.0.202107051138\tools\arm-none-eabi\include\c++\10.3.1\bits\stl_function.h:385:7:bool std::less<_Tp>::operator()(const _Tp&, const _Tp&) const [with _Tp = std::__cxx11::basic_string<char>]	24	static
c:\nxp\mcuxpressoide_11.5.0_7232\ide\plugins\com.nxp.mcuxpresso.tools.win32_11.5.0.202107051138\tools\arm-none-eabi\include\c++\10.3.1\tuple:667:17:constexpr std::tuple<_Elements>::tuple(std::tuple<_Elements>&&) [with _Elements = {std::__cxx11::basic_string<char, std::char_traits<char>, std::allocator<char> >&&}]	16	static
c:\nxp\mcuxpressoide_11.5.0_7232\ide\plugins\com.nxp.mcuxpresso.tools.win32_11.5.0.202107051138\tools\arm-none-eabi\include\c++\10.3.1\tuple:1490:5:) [with _Elements = {std::__cxx11::basic_string<char, std::char_traits<char>, std::allocator<char> >}]	16	static
c:\nxp\mcuxpressoide_11.5.0_7232\ide\plugins\com.nxp.mcuxpresso.tools.win32_11.5.0.202107051138\tools\arm-none-eabi\include\c++\10.3.1\bits\stl_tree.h:350:7:std::_Rb_tree_const_iterator<_Tp>::_Rb_tree_const_iterator(const iterator&) [with _Tp = std::pair<const std::__cxx11::basic_string<char>, nlohmann::basic_json<> >]	16	static
c:\nxp\mcuxpressoide_11.5.0_7232\ide\plugins\com.nxp.mcuxpresso.tools.win32_11.5.0.202107051138\tools\arm-none-eabi\include\c++\10.3.1\bits\stl_tree.h:2460:7:) [with _Args = {const std::piecewise_construct_t&, std::tuple<std::__cxx11::basic_string<char, std::char_traits<char>, std::allocator<char> >&&>, std::tuple<>}; _Key = std::__cxx11::basic_string<char>; _Val = std::pair<const std::__cxx11::basic_string<char>, nlohmann::basic_json<> >; _KeyOfValue = std::_Select1st<std::pair<const std::__cxx11::basic_string<char>, nlohmann::basic_json<> > >; _Compare = std::less<std::__cxx11::basic_string<char> >; _Alloc = std::allocator<std::pair<const std::__cxx11::basic_string<char>, nlohmann::basic_json<> > >]	48	static
../src/json.hpp:5016:10:decltype ((nlohmann::detail::to_json(j, forward<T>(val)), void())) nlohmann::detail::to_json_fn::operator()(BasicJsonType&, T&&) const [with BasicJsonType = nlohmann::basic_json<>; T = int&]	24	static
../src/json.hpp:5016:10:decltype ((nlohmann::detail::to_json(j, forward<T>(val)), void())) nlohmann::detail::to_json_fn::operator()(BasicJsonType&, T&&) const [with BasicJsonType = nlohmann::basic_json<>; T = const char*&]	24	static
c:\nxp\mcuxpressoide_11.5.0_7232\ide\plugins\com.nxp.mcuxpresso.tools.win32_11.5.0.202107051138\tools\arm-none-eabi\include\c++\10.3.1\bits\shared_ptr.h:874:5:) [with _Tp = nlohmann::detail::output_string_adapter<char, std::__cxx11::basic_string<char> >; _Args = {std::__cxx11::basic_string<char, std::char_traits<char>, std::allocator<char> >&}]	24	static
c:\nxp\mcuxpressoide_11.5.0_7232\ide\plugins\com.nxp.mcuxpresso.tools.win32_11.5.0.202107051138\tools\arm-none-eabi\include\c++\10.3.1\bits\shared_ptr.h:312:2:std::shared_ptr<_Tp>::shared_ptr(std::shared_ptr<_Yp>&&) [with _Yp = nlohmann::detail::output_string_adapter<char, std::__cxx11::basic_string<char> >; <template-parameter-2-2> = void; _Tp = nlohmann::detail::output_adapter_protocol<char>]	24	static
c:\nxp\mcuxpressoide_11.5.0_7232\ide\plugins\com.nxp.mcuxpresso.tools.win32_11.5.0.202107051138\tools\arm-none-eabi\include\c++\10.3.1\bits\shared_ptr_base.h:739:7:std::__shared_count<_Lp>::__shared_count(const std::__shared_count<_Lp>&) [with __gnu_cxx::_Lock_policy _Lp = __gnu_cxx::_S_single]	16	static
c:\nxp\mcuxpressoide_11.5.0_7232\ide\plugins\com.nxp.mcuxpresso.tools.win32_11.5.0.202107051138\tools\arm-none-eabi\include\c++\10.3.1\bits\move.h:101:5:constexpr typename std::remove_reference<_Tp>::type&& std::move(_Tp&&) [with _Tp = std::shared_ptr<nlohmann::detail::output_adapter_protocol<char> >&]	16	static
c:\nxp\mcuxpressoide_11.5.0_7232\ide\plugins\com.nxp.mcuxpresso.tools.win32_11.5.0.202107051138\tools\arm-none-eabi\include\c++\10.3.1\bits\shared_ptr_base.h:1195:7:std::__shared_ptr<_Tp, _Lp>::__shared_ptr(std::__shared_ptr<_Tp, _Lp>&&) [with _Tp = nlohmann::detail::output_adapter_protocol<char>; __gnu_cxx::_Lock_policy _Lp = __gnu_cxx::_S_single]	16	static
c:\nxp\mcuxpressoide_11.5.0_7232\ide\plugins\com.nxp.mcuxpresso.tools.win32_11.5.0.202107051138\tools\arm-none-eabi\include\c++\10.3.1\bits\stl_map.h:465:7:bool std::map<_Key, _Tp, _Compare, _Alloc>::empty() const [with _Key = std::__cxx11::basic_string<char>; _Tp = nlohmann::basic_json<>; _Compare = std::less<std::__cxx11::basic_string<char> >; _Alloc = std::allocator<std::pair<const std::__cxx11::basic_string<char>, nlohmann::basic_json<> > >]	16	static
c:\nxp\mcuxpressoide_11.5.0_7232\ide\plugins\com.nxp.mcuxpresso.tools.win32_11.5.0.202107051138\tools\arm-none-eabi\include\c++\10.3.1\bits\shared_ptr_base.h:1018:7:std::__shared_ptr_access<_Tp, _Lp, <anonymous>, <anonymous> >::element_type* std::__shared_ptr_access<_Tp, _Lp, <anonymous>, <anonymous> >::operator->() const [with _Tp = nlohmann::detail::output_adapter_protocol<char>; __gnu_cxx::_Lock_policy _Lp = __gnu_cxx::_S_single; bool <anonymous> = false; bool <anonymous> = false]	16	static
c:\nxp\mcuxpressoide_11.5.0_7232\ide\plugins\com.nxp.mcuxpresso.tools.win32_11.5.0.202107051138\tools\arm-none-eabi\include\c++\10.3.1\bits\stl_map.h:429:7:std::map<_Key, _Tp, _Compare, _Alloc>::const_iterator std::map<_Key, _Tp, _Compare, _Alloc>::cbegin() const [with _Key = std::__cxx11::basic_string<char>; _Tp = nlohmann::basic_json<>; _Compare = std::less<std::__cxx11::basic_string<char> >; _Alloc = std::allocator<std::pair<const std::__cxx11::basic_string<char>, nlohmann::basic_json<> > >]	16	static
c:\nxp\mcuxpressoide_11.5.0_7232\ide\plugins\com.nxp.mcuxpresso.tools.win32_11.5.0.202107051138\tools\arm-none-eabi\include\c++\10.3.1\bits\stl_tree.h:366:7:std::_Rb_tree_const_iterator<_Tp>::_Self& std::_Rb_tree_const_iterator<_Tp>::operator++() [with _Tp = std::pair<const std::__cxx11::basic_string<char>, nlohmann::basic_json<> >]	16	static
../src/json.hpp:16804:10:void nlohmann::detail::serializer<BasicJsonType>::dump_escaped(const string_t&, bool) [with BasicJsonType = nlohmann::basic_json<>]	120	static
c:\nxp\mcuxpressoide_11.5.0_7232\ide\plugins\com.nxp.mcuxpresso.tools.win32_11.5.0.202107051138\tools\arm-none-eabi\include\c++\10.3.1\bits\stl_tree.h:362:7:const _Tp* std::_Rb_tree_const_iterator<_Tp>::operator->() const [with _Tp = std::pair<const std::__cxx11::basic_string<char>, nlohmann::basic_json<> >]	16	static
c:\nxp\mcuxpressoide_11.5.0_7232\ide\plugins\com.nxp.mcuxpresso.tools.win32_11.5.0.202107051138\tools\arm-none-eabi\include\c++\10.3.1\bits\stl_map.h:438:7:std::map<_Key, _Tp, _Compare, _Alloc>::const_iterator std::map<_Key, _Tp, _Compare, _Alloc>::cend() const [with _Key = std::__cxx11::basic_string<char>; _Tp = nlohmann::basic_json<>; _Compare = std::less<std::__cxx11::basic_string<char> >; _Alloc = std::allocator<std::pair<const std::__cxx11::basic_string<char>, nlohmann::basic_json<> > >]	16	static
c:\nxp\mcuxpressoide_11.5.0_7232\ide\plugins\com.nxp.mcuxpresso.tools.win32_11.5.0.202107051138\tools\arm-none-eabi\include\c++\10.3.1\bits\stl_tree.h:401:7:bool std::operator!=(const _Self&, const _Self&)	16	static
c:\nxp\mcuxpressoide_11.5.0_7232\ide\plugins\com.nxp.mcuxpresso.tools.win32_11.5.0.202107051138\tools\arm-none-eabi\include\c++\10.3.1\bits\stl_iterator_base_funcs.h:213:5:_InputIterator std::next(_InputIterator, typename std::iterator_traits<_Iter>::difference_type) [with _InputIterator = std::_Rb_tree_const_iterator<std::pair<const std::__cxx11::basic_string<char>, nlohmann::basic_json<> > >]	16	static
c:\nxp\mcuxpressoide_11.5.0_7232\ide\plugins\com.nxp.mcuxpresso.tools.win32_11.5.0.202107051138\tools\arm-none-eabi\include\c++\10.3.1\bits\stl_tree.h:396:7:bool std::operator==(const _Self&, const _Self&)	16	static
c:\nxp\mcuxpressoide_11.5.0_7232\ide\plugins\com.nxp.mcuxpresso.tools.win32_11.5.0.202107051138\tools\arm-none-eabi\include\c++\10.3.1\bits\stl_vector.h:884:7:std::vector<_Tp, _Alloc>::const_iterator std::vector<_Tp, _Alloc>::cbegin() const [with _Tp = nlohmann::basic_json<>; _Alloc = std::allocator<nlohmann::basic_json<> >]	24	static
c:\nxp\mcuxpressoide_11.5.0_7232\ide\plugins\com.nxp.mcuxpresso.tools.win32_11.5.0.202107051138\tools\arm-none-eabi\include\c++\10.3.1\bits\stl_vector.h:893:7:std::vector<_Tp, _Alloc>::const_iterator std::vector<_Tp, _Alloc>::cend() const [with _Tp = nlohmann::basic_json<>; _Alloc = std::allocator<nlohmann::basic_json<> >]	24	static
c:\nxp\mcuxpressoide_11.5.0_7232\ide\plugins\com.nxp.mcuxpresso.tools.win32_11.5.0.202107051138\tools\arm-none-eabi\include\c++\10.3.1\bits\stl_iterator.h:1051:7:__gnu_cxx::__normal_iterator<_Iterator, _Container> __gnu_cxx::__normal_iterator<_Iterator, _Container>::operator-(__gnu_cxx::__normal_iterator<_Iterator, _Container>::difference_type) const [with _Iterator = const nlohmann::basic_json<>*; _Container = std::vector<nlohmann::basic_json<>, std::allocator<nlohmann::basic_json<> > >]	24	static
c:\nxp\mcuxpressoide_11.5.0_7232\ide\plugins\com.nxp.mcuxpresso.tools.win32_11.5.0.202107051138\tools\arm-none-eabi\include\c++\10.3.1\bits\stl_iterator.h:1113:5:bool __gnu_cxx::operator!=(const __gnu_cxx::__normal_iterator<_Iterator, _Container>&, const __gnu_cxx::__normal_iterator<_Iterator, _Container>&) [with _Iterator = const nlohmann::basic_json<>*; _Container = std::vector<nlohmann::basic_json<>, std::allocator<nlohmann::basic_json<> > >]	24	static
c:\nxp\mcuxpressoide_11.5.0_7232\ide\plugins\com.nxp.mcuxpresso.tools.win32_11.5.0.202107051138\tools\arm-none-eabi\include\c++\10.3.1\bits\stl_iterator.h:1003:7:__gnu_cxx::__normal_iterator<_Iterator, _Container>& __gnu_cxx::__normal_iterator<_Iterator, _Container>::operator++() [with _Iterator = const nlohmann::basic_json<>*; _Container = std::vector<nlohmann::basic_json<>, std::allocator<nlohmann::basic_json<> > >]	16	static
c:\nxp\mcuxpressoide_11.5.0_7232\ide\plugins\com.nxp.mcuxpresso.tools.win32_11.5.0.202107051138\tools\arm-none-eabi\include\c++\10.3.1\bits\stl_iterator.h:993:7:__gnu_cxx::__normal_iterator<_Iterator, _Container>::reference __gnu_cxx::__normal_iterator<_Iterator, _Container>::operator*() const [with _Iterator = const nlohmann::basic_json<>*; _Container = std::vector<nlohmann::basic_json<>, std::allocator<nlohmann::basic_json<> > >]	16	static
c:\nxp\mcuxpressoide_11.5.0_7232\ide\plugins\com.nxp.mcuxpresso.tools.win32_11.5.0.202107051138\tools\arm-none-eabi\include\c++\10.3.1\bits\stl_vector.h:1007:7:bool std::vector<_Tp, _Alloc>::empty() const [with _Tp = unsigned char; _Alloc = std::allocator<unsigned char>]	24	static
c:\nxp\mcuxpressoide_11.5.0_7232\ide\plugins\com.nxp.mcuxpresso.tools.win32_11.5.0.202107051138\tools\arm-none-eabi\include\c++\10.3.1\bits\stl_vector.h:884:7:std::vector<_Tp, _Alloc>::const_iterator std::vector<_Tp, _Alloc>::cbegin() const [with _Tp = unsigned char; _Alloc = std::allocator<unsigned char>]	24	static
c:\nxp\mcuxpressoide_11.5.0_7232\ide\plugins\com.nxp.mcuxpresso.tools.win32_11.5.0.202107051138\tools\arm-none-eabi\include\c++\10.3.1\bits\stl_vector.h:893:7:std::vector<_Tp, _Alloc>::const_iterator std::vector<_Tp, _Alloc>::cend() const [with _Tp = unsigned char; _Alloc = std::allocator<unsigned char>]	24	static
c:\nxp\mcuxpressoide_11.5.0_7232\ide\plugins\com.nxp.mcuxpresso.tools.win32_11.5.0.202107051138\tools\arm-none-eabi\include\c++\10.3.1\bits\stl_iterator.h:1051:7:__gnu_cxx::__normal_iterator<_Iterator, _Container> __gnu_cxx::__normal_iterator<_Iterator, _Container>::operator-(__gnu_cxx::__normal_iterator<_Iterator, _Container>::difference_type) const [with _Iterator = const unsigned char*; _Container = std::vector<unsigned char>]	24	static
../src/json.hpp:17106:10:void nlohmann::detail::serializer<BasicJsonType>::dump_integer(NumberType) [with NumberType = unsigned char; typename std::enable_if<(((std::is_integral<NumberType>::value || std::is_same<NumberType, typename BasicJsonType::number_unsigned_t>::value) || std::is_same<NumberType, typename BasicJsonType::number_integer_t>::value) || std::is_same<NumberType, typename BasicJsonType::binary_t::value_type>::value), int>::type <anonymous> = 0; BasicJsonType = nlohmann::basic_json<>]	56	static
c:\nxp\mcuxpressoide_11.5.0_7232\ide\plugins\com.nxp.mcuxpresso.tools.win32_11.5.0.202107051138\tools\arm-none-eabi\include\c++\10.3.1\bits\stl_vector.h:1143:7:std::vector<_Tp, _Alloc>::reference std::vector<_Tp, _Alloc>::back() [with _Tp = unsigned char; _Alloc = std::allocator<unsigned char>]	24	static
../src/json.hpp:17106:10:void nlohmann::detail::serializer<BasicJsonType>::dump_integer(NumberType) [with NumberType = long long unsigned int; typename std::enable_if<(((std::is_integral<NumberType>::value || std::is_same<NumberType, typename BasicJsonType::number_unsigned_t>::value) || std::is_same<NumberType, typename BasicJsonType::number_integer_t>::value) || std::is_same<NumberType, typename BasicJsonType::binary_t::value_type>::value), int>::type <anonymous> = 0; BasicJsonType = nlohmann::basic_json<>]	64	static
../src/json.hpp:17106:10:void nlohmann::detail::serializer<BasicJsonType>::dump_integer(NumberType) [with NumberType = long long int; typename std::enable_if<(((std::is_integral<NumberType>::value || std::is_same<NumberType, typename BasicJsonType::number_unsigned_t>::value) || std::is_same<NumberType, typename BasicJsonType::number_integer_t>::value) || std::is_same<NumberType, typename BasicJsonType::binary_t::value_type>::value), int>::type <anonymous> = 0; BasicJsonType = nlohmann::basic_json<>]	64	static
../src/json.hpp:17192:10:void nlohmann::detail::serializer<BasicJsonType>::dump_float(nlohmann::detail::serializer<BasicJsonType>::number_float_t) [with BasicJsonType = nlohmann::basic_json<>]	40	static
c:\nxp\mcuxpressoide_11.5.0_7232\ide\plugins\com.nxp.mcuxpresso.tools.win32_11.5.0.202107051138\tools\arm-none-eabi\include\c++\10.3.1\bits\stl_tree.h:1040:7:std::_Rb_tree<_Key, _Val, _KeyOfValue, _Compare, _Alloc>::size_type std::_Rb_tree<_Key, _Val, _KeyOfValue, _Compare, _Alloc>::size() const [with _Key = std::__cxx11::basic_string<char>; _Val = std::pair<const std::__cxx11::basic_string<char>, nlohmann::basic_json<> >; _KeyOfValue = std::_Select1st<std::pair<const std::__cxx11::basic_string<char>, nlohmann::basic_json<> > >; _Compare = std::less<std::__cxx11::basic_string<char> >; _Alloc = std::allocator<std::pair<const std::__cxx11::basic_string<char>, nlohmann::basic_json<> > >]	16	static
c:\nxp\mcuxpressoide_11.5.0_7232\ide\plugins\com.nxp.mcuxpresso.tools.win32_11.5.0.202107051138\tools\arm-none-eabi\include\c++\10.3.1\bits\stl_tree.h:1012:7:std::_Rb_tree<_Key, _Val, _KeyOfValue, _Compare, _Alloc>::iterator std::_Rb_tree<_Key, _Val, _KeyOfValue, _Compare, _Alloc>::end() [with _Key = std::__cxx11::basic_string<char>; _Val = std::pair<const std::__cxx11::basic_string<char>, nlohmann::basic_json<> >; _KeyOfValue = std::_Select1st<std::pair<const std::__cxx11::basic_string<char>, nlohmann::basic_json<> > >; _Compare = std::less<std::__cxx11::basic_string<char> >; _Alloc = std::allocator<std::pair<const std::__cxx11::basic_string<char>, nlohmann::basic_json<> > >]	24	static
c:\nxp\mcuxpressoide_11.5.0_7232\ide\plugins\com.nxp.mcuxpresso.tools.win32_11.5.0.202107051138\tools\arm-none-eabi\include\c++\10.3.1\bits\stl_tree.h:234:7:_Val* std::_Rb_tree_node<_Val>::_M_valptr() [with _Val = std::pair<const std::__cxx11::basic_string<char>, nlohmann::basic_json<> >]	16	static
c:\nxp\mcuxpressoide_11.5.0_7232\ide\plugins\com.nxp.mcuxpresso.tools.win32_11.5.0.202107051138\tools\arm-none-eabi\include\c++\10.3.1\bits\stl_iterator.h:978:7:__gnu_cxx::__normal_iterator<_Iterator, _Container>::__normal_iterator(const _Iterator&) [with _Iterator = nlohmann::basic_json<>*; _Container = std::vector<nlohmann::basic_json<>, std::allocator<nlohmann::basic_json<> > >]	16	static
c:\nxp\mcuxpressoide_11.5.0_7232\ide\plugins\com.nxp.mcuxpresso.tools.win32_11.5.0.202107051138\tools\arm-none-eabi\include\c++\10.3.1\bits\stl_iterator.h:1056:7:const _Iterator& __gnu_cxx::__normal_iterator<_Iterator, _Container>::base() const [with _Iterator = nlohmann::basic_json<>*; _Container = std::vector<nlohmann::basic_json<>, std::allocator<nlohmann::basic_json<> > >]	16	static
c:\nxp\mcuxpressoide_11.5.0_7232\ide\plugins\com.nxp.mcuxpresso.tools.win32_11.5.0.202107051138\tools\arm-none-eabi\include\c++\10.3.1\bits\allocator.h:164:7:std::allocator< <template-parameter-1-1> >::allocator() [with _Tp = nlohmann::basic_json<>]	16	static
c:\nxp\mcuxpressoide_11.5.0_7232\ide\plugins\com.nxp.mcuxpresso.tools.win32_11.5.0.202107051138\tools\arm-none-eabi\include\c++\10.3.1\bits\stl_vector.h:97:2:std::_Vector_base<_Tp, _Alloc>::_Vector_impl_data::_Vector_impl_data() [with _Tp = nlohmann::basic_json<>; _Alloc = std::allocator<nlohmann::basic_json<> >]	16	static
c:\nxp\mcuxpressoide_11.5.0_7232\ide\plugins\com.nxp.mcuxpresso.tools.win32_11.5.0.202107051138\tools\arm-none-eabi\include\c++\10.3.1\ext\new_allocator.h:89:7:__gnu_cxx::new_allocator<_Tp>::~new_allocator() [with _Tp = nlohmann::basic_json<>]	16	static
c:\nxp\mcuxpressoide_11.5.0_7232\ide\plugins\com.nxp.mcuxpresso.tools.win32_11.5.0.202107051138\tools\arm-none-eabi\include\c++\10.3.1\bits\stl_vector.h:350:7:void std::_Vector_base<_Tp, _Alloc>::_M_deallocate(std::_Vector_base<_Tp, _Alloc>::pointer, std::size_t) [with _Tp = nlohmann::basic_json<>; _Alloc = std::allocator<nlohmann::basic_json<> >]	24	static
c:\nxp\mcuxpressoide_11.5.0_7232\ide\plugins\com.nxp.mcuxpresso.tools.win32_11.5.0.202107051138\tools\arm-none-eabi\include\c++\10.3.1\bits\stl_vector.h:276:7:std::_Vector_base<_Tp, _Alloc>::_Tp_alloc_type& std::_Vector_base<_Tp, _Alloc>::_M_get_Tp_allocator() [with _Tp = nlohmann::basic_json<>; _Alloc = std::allocator<nlohmann::basic_json<> >]	16	static
c:\nxp\mcuxpressoide_11.5.0_7232\ide\plugins\com.nxp.mcuxpresso.tools.win32_11.5.0.202107051138\tools\arm-none-eabi\include\c++\10.3.1\bits\alloc_traits.h:735:5:void std::_Destroy(_ForwardIterator, _ForwardIterator, std::allocator<_T2>&) [with _ForwardIterator = nlohmann::basic_json<>*; _Tp = nlohmann::basic_json<>]	24	static
c:\nxp\mcuxpressoide_11.5.0_7232\ide\plugins\com.nxp.mcuxpresso.tools.win32_11.5.0.202107051138\tools\arm-none-eabi\include\c++\10.3.1\bits\stl_vector.h:923:7:std::vector<_Tp, _Alloc>::size_type std::vector<_Tp, _Alloc>::max_size() const [with _Tp = nlohmann::basic_json<>; _Alloc = std::allocator<nlohmann::basic_json<> >]	16	static
c:\nxp\mcuxpressoide_11.5.0_7232\ide\plugins\com.nxp.mcuxpresso.tools.win32_11.5.0.202107051138\tools\arm-none-eabi\include\c++\10.3.1\bits\stl_vector.h:998:7:std::vector<_Tp, _Alloc>::size_type std::vector<_Tp, _Alloc>::capacity() const [with _Tp = nlohmann::basic_json<>; _Alloc = std::allocator<nlohmann::basic_json<> >]	16	static
c:\nxp\mcuxpressoide_11.5.0_7232\ide\plugins\com.nxp.mcuxpresso.tools.win32_11.5.0.202107051138\tools\arm-none-eabi\include\c++\10.3.1\bits\stl_vector.h:343:7:std::_Vector_base<_Tp, _Alloc>::pointer std::_Vector_base<_Tp, _Alloc>::_M_allocate(std::size_t) [with _Tp = nlohmann::basic_json<>; _Alloc = std::allocator<nlohmann::basic_json<> >]	16	static
c:\nxp\mcuxpressoide_11.5.0_7232\ide\plugins\com.nxp.mcuxpresso.tools.win32_11.5.0.202107051138\tools\arm-none-eabi\include\c++\10.3.1\bits\stl_vector.h:465:7:static std::vector<_Tp, _Alloc>::pointer std::vector<_Tp, _Alloc>::_S_relocate(std::vector<_Tp, _Alloc>::pointer, std::vector<_Tp, _Alloc>::pointer, std::vector<_Tp, _Alloc>::pointer, std::vector<_Tp, _Alloc>::_Tp_alloc_type&) [with _Tp = nlohmann::basic_json<>; _Alloc = std::allocator<nlohmann::basic_json<> >]	40	static
c:\nxp\mcuxpressoide_11.5.0_7232\ide\plugins\com.nxp.mcuxpresso.tools.win32_11.5.0.202107051138\tools\arm-none-eabi\include\c++\10.3.1\bits\stl_iterator.h:1619:5:_ReturnType std::__make_move_if_noexcept_iterator(_Tp*) [with _Tp = nlohmann::basic_json<>; _ReturnType = std::move_iterator<nlohmann::basic_json<>*>]	24	static
c:\nxp\mcuxpressoide_11.5.0_7232\ide\plugins\com.nxp.mcuxpresso.tools.win32_11.5.0.202107051138\tools\arm-none-eabi\include\c++\10.3.1\bits\stl_vector.h:1508:2:std::vector<_Tp, _Alloc>::pointer std::vector<_Tp, _Alloc>::_M_allocate_and_copy(std::vector<_Tp, _Alloc>::size_type, _ForwardIterator, _ForwardIterator) [with _ForwardIterator = std::move_iterator<nlohmann::basic_json<>*>; _Tp = nlohmann::basic_json<>; _Alloc = std::allocator<nlohmann::basic_json<> >]	32	static
c:\nxp\mcuxpressoide_11.5.0_7232\ide\plugins\com.nxp.mcuxpresso.tools.win32_11.5.0.202107051138\tools\arm-none-eabi\include\c++\10.3.1\bits\stl_iterator.h:616:7:std::back_insert_iterator<_Container>::back_insert_iterator(_Container&) [with _Container = std::vector<nlohmann::basic_json<>, std::allocator<nlohmann::basic_json<> > >]	16	static
c:\nxp\mcuxpressoide_11.5.0_7232\ide\plugins\com.nxp.mcuxpresso.tools.win32_11.5.0.202107051138\tools\arm-none-eabi\include\c++\10.3.1\bits\cpp_type_traits.h:544:5:_Iterator std::__miter_base(_Iterator) [with _Iterator = __gnu_cxx::__normal_iterator<nlohmann::basic_json<>*, std::vector<nlohmann::basic_json<>, std::allocator<nlohmann::basic_json<> > > >]	16	static
c:\nxp\mcuxpressoide_11.5.0_7232\ide\plugins\com.nxp.mcuxpresso.tools.win32_11.5.0.202107051138\tools\arm-none-eabi\include\c++\10.3.1\bits\stl_algobase.h:511:5:_OI std::__copy_move_a(_II, _II, _OI) [with bool _IsMove = true; _II = __gnu_cxx::__normal_iterator<nlohmann::basic_json<>*, std::vector<nlohmann::basic_json<>, std::allocator<nlohmann::basic_json<> > > >; _OI = std::back_insert_iterator<std::vector<nlohmann::basic_json<>, std::allocator<nlohmann::basic_json<> > > >]	32	static
c:\nxp\mcuxpressoide_11.5.0_7232\ide\plugins\com.nxp.mcuxpresso.tools.win32_11.5.0.202107051138\tools\arm-none-eabi\include\c++\10.3.1\bits\stl_tree.h:1004:7:std::_Rb_tree<_Key, _Val, _KeyOfValue, _Compare, _Alloc>::iterator std::_Rb_tree<_Key, _Val, _KeyOfValue, _Compare, _Alloc>::begin() [with _Key = std::__cxx11::basic_string<char>; _Val = std::pair<const std::__cxx11::basic_string<char>, nlohmann::basic_json<> >; _KeyOfValue = std::_Select1st<std::pair<const std::__cxx11::basic_string<char>, nlohmann::basic_json<> > >; _Compare = std::less<std::__cxx11::basic_string<char> >; _Alloc = std::allocator<std::pair<const std::__cxx11::basic_string<char>, nlohmann::basic_json<> > >]	24	static
c:\nxp\mcuxpressoide_11.5.0_7232\ide\plugins\com.nxp.mcuxpresso.tools.win32_11.5.0.202107051138\tools\arm-none-eabi\include\c++\10.3.1\bits\vector.tcc:109:7:) [with _Args = {nlohmann::basic_json<std::map, std::vector, std::__cxx11::basic_string<char, std::char_traits<char>, std::allocator<char> >, bool, long long int, long long unsigned int, double, std::allocator, nlohmann::adl_serializer, std::vector<unsigned char, std::allocator<unsigned char> > >}; _Tp = nlohmann::basic_json<>; _Alloc = std::allocator<nlohmann::basic_json<> >]	24	static
c:\nxp\mcuxpressoide_11.5.0_7232\ide\plugins\com.nxp.mcuxpresso.tools.win32_11.5.0.202107051138\tools\arm-none-eabi\include\c++\10.3.1\bits\stl_vector.h:820:7:std::vector<_Tp, _Alloc>::const_iterator std::vector<_Tp, _Alloc>::begin() const [with _Tp = nlohmann::basic_json<>; _Alloc = std::allocator<nlohmann::basic_json<> >]	24	static
c:\nxp\mcuxpressoide_11.5.0_7232\ide\plugins\com.nxp.mcuxpresso.tools.win32_11.5.0.202107051138\tools\arm-none-eabi\include\c++\10.3.1\bits\stl_vector.h:838:7:std::vector<_Tp, _Alloc>::const_iterator std::vector<_Tp, _Alloc>::end() const [with _Tp = nlohmann::basic_json<>; _Alloc = std::allocator<nlohmann::basic_json<> >]	24	static
[...]
c:\nxp\mcuxpressoide_11.5.0_7232\ide\plugins\com.nxp.mcuxpresso.tools.win32_11.5.0.202107051138\tools\arm-none-eabi\include\c++\10.3.1\bits\alloc_traits.h:507:2:) [with _Up = nlohmann::detail::output_string_adapter<char, std::__cxx11::basic_string<char> >; _Args = {std::__cxx11::basic_string<char, std::char_traits<char>, std::allocator<char> >&}; _Tp = nlohmann::detail::output_string_adapter<char, std::__cxx11::basic_string<char> >]	24	static
c:\nxp\mcuxpressoide_11.5.0_7232\ide\plugins\com.nxp.mcuxpresso.tools.win32_11.5.0.202107051138\tools\arm-none-eabi\include\c++\10.3.1\ext\aligned_buffer.h:114:7:_Tp* __gnu_cxx::__aligned_buffer<_Tp>::_M_ptr() [with _Tp = nlohmann::detail::output_string_adapter<char, std::__cxx11::basic_string<char> >]	16	static
c:\nxp\mcuxpressoide_11.5.0_7232\ide\plugins\com.nxp.mcuxpresso.tools.win32_11.5.0.202107051138\tools\arm-none-eabi\include\c++\10.3.1\bits\stl_iterator.h:1362:7:std::move_iterator<_Iterator>::iterator_type std::move_iterator<_Iterator>::base() const [with _Iterator = nlohmann::basic_json<>*]	16	static
c:\nxp\mcuxpressoide_11.5.0_7232\ide\plugins\com.nxp.mcuxpresso.tools.win32_11.5.0.202107051138\tools\arm-none-eabi\include\c++\10.3.1\tuple:166:7:static constexpr _Head& std::_Head_base<_Idx, _Head, false>::_M_head(std::_Head_base<_Idx, _Head, false>&) [with unsigned int _Idx = 1; _Head = nlohmann::basic_json<ObjectType, ArrayType, StringType, BooleanType, NumberIntegerType, NumberUnsignedType, NumberFloatType, AllocatorType, JSONSerializer, BinaryType>::create<std::map<std::__cxx11::basic_string<char>, nlohmann::basic_json<>, std::less<std::__cxx11::basic_string<char> >, std::allocator<std::pair<const std::__cxx11::basic_string<char>, nlohmann::basic_json<> > > >, {}>::<lambda(std::map<std::__cxx11::basic_string<char>, nlohmann::basic_json<>, std::less<std::__cxx11::basic_string<char> >, std::allocator<std::pair<const std::__cxx11::basic_string<char>, nlohmann::basic_json<> > > >*)>]	16	static
c:\nxp\mcuxpressoide_11.5.0_7232\ide\plugins\com.nxp.mcuxpresso.tools.win32_11.5.0.202107051138\tools\arm-none-eabi\include\c++\10.3.1\tuple:166:7:static constexpr _Head& std::_Head_base<_Idx, _Head, false>::_M_head(std::_Head_base<_Idx, _Head, false>&) [with unsigned int _Idx = 1; _Head = nlohmann::basic_json<ObjectType, ArrayType, StringType, BooleanType, NumberIntegerType, NumberUnsignedType, NumberFloatType, AllocatorType, JSONSerializer, BinaryType>::create<std::vector<nlohmann::basic_json<>, std::allocator<nlohmann::basic_json<> > >, {}>::<lambda(std::vector<nlohmann::basic_json<>, std::allocator<nlohmann::basic_json<> > >*)>]	16	static
c:\nxp\mcuxpressoide_11.5.0_7232\ide\plugins\com.nxp.mcuxpresso.tools.win32_11.5.0.202107051138\tools\arm-none-eabi\include\c++\10.3.1\tuple:166:7:static constexpr _Head& std::_Head_base<_Idx, _Head, false>::_M_head(std::_Head_base<_Idx, _Head, false>&) [with unsigned int _Idx = 1; _Head = nlohmann::basic_json<ObjectType, ArrayType, StringType, BooleanType, NumberIntegerType, NumberUnsignedType, NumberFloatType, AllocatorType, JSONSerializer, BinaryType>::create<std::__cxx11::basic_string<char>, {const char (&)[1]}>::<lambda(std::__cxx11::basic_string<char>*)>]	16	static
c:\nxp\mcuxpressoide_11.5.0_7232\ide\plugins\com.nxp.mcuxpresso.tools.win32_11.5.0.202107051138\tools\arm-none-eabi\include\c++\10.3.1\tuple:166:7:static constexpr _Head& std::_Head_base<_Idx, _Head, false>::_M_head(std::_Head_base<_Idx, _Head, false>&) [with unsigned int _Idx = 1; _Head = nlohmann::basic_json<ObjectType, ArrayType, StringType, BooleanType, NumberIntegerType, NumberUnsignedType, NumberFloatType, AllocatorType, JSONSerializer, BinaryType>::create<nlohmann::byte_container_with_subtype<std::vector<unsigned char> >, {}>::<lambda(nlohmann::byte_container_with_subtype<std::vector<unsigned char> >*)>]	16	static
c:\nxp\mcuxpressoide_11.5.0_7232\ide\plugins\com.nxp.mcuxpresso.tools.win32_11.5.0.202107051138\tools\arm-none-eabi\include\c++\10.3.1\tuple:1298:5:>&) [with unsigned int __i = 0; _Elements = {std::__cxx11::basic_string<char, std::char_traits<char>, std::allocator<char> >&&}]	16	static
c:\nxp\mcuxpressoide_11.5.0_7232\ide\plugins\com.nxp.mcuxpresso.tools.win32_11.5.0.202107051138\tools\arm-none-eabi\include\c++\10.3.1\tuple:222:19:) [with _UHead = std::__cxx11::basic_string<char>*&; _UTail = {const nlohmann::basic_json<ObjectType, ArrayType, StringType, BooleanType, NumberIntegerType, NumberUnsignedType, NumberFloatType, AllocatorType, JSONSerializer, BinaryType>::create<std::__cxx11::basic_string<char>, {const char* const&}>::<lambda(std::__cxx11::basic_string<char, std::char_traits<char>, std::allocator<char> >*)>&}; <template-parameter-2-3> = void; unsigned int _Idx = 0; _Head = std::__cxx11::basic_string<char>*; _Tail = {nlohmann::basic_json<ObjectType, ArrayType, StringType, BooleanType, NumberIntegerType, NumberUnsignedType, NumberFloatType, AllocatorType, JSONSerializer, BinaryType>::create<std::__cxx11::basic_string<char>, {const char* const&}>::<lambda(std::__cxx11::basic_string<char, std::char_traits<char>, std::allocator<char> >*)>}]	32	static
c:\nxp\mcuxpressoide_11.5.0_7232\ide\plugins\com.nxp.mcuxpresso.tools.win32_11.5.0.202107051138\tools\arm-none-eabi\include\c++\10.3.1\tuple:1287:5:>&) [with unsigned int __i = 0; _Head = std::__cxx11::basic_string<char>*; _Tail = {nlohmann::basic_json<ObjectType, ArrayType, StringType, BooleanType, NumberIntegerType, NumberUnsignedType, NumberFloatType, AllocatorType, JSONSerializer, BinaryType>::create<std::__cxx11::basic_string<char>, {const char* const&}>::<lambda(std::__cxx11::basic_string<char, std::char_traits<char>, std::allocator<char> >*)>}]	16	static
c:\nxp\mcuxpressoide_11.5.0_7232\ide\plugins\com.nxp.mcuxpresso.tools.win32_11.5.0.202107051138\tools\arm-none-eabi\include\c++\10.3.1\tuple:1298:5:>&) [with unsigned int __i = 1; _Elements = {std::__cxx11::basic_string<char, std::char_traits<char>, std::allocator<char> >*, nlohmann::basic_json<ObjectType, ArrayType, StringType, BooleanType, NumberIntegerType, NumberUnsignedType, NumberFloatType, AllocatorType, JSONSerializer, BinaryType>::create<std::__cxx11::basic_string<char>, {const char* const&}>::<lambda(std::__cxx11::basic_string<char, std::char_traits<char>, std::allocator<char> >*)>}]	16	static
c:\nxp\mcuxpressoide_11.5.0_7232\ide\plugins\com.nxp.mcuxpresso.tools.win32_11.5.0.202107051138\tools\arm-none-eabi\include\c++\10.3.1\tuple:1292:5:>&) [with unsigned int __i = 0; _Head = std::__cxx11::basic_string<char>*; _Tail = {nlohmann::basic_json<ObjectType, ArrayType, StringType, BooleanType, NumberIntegerType, NumberUnsignedType, NumberFloatType, AllocatorType, JSONSerializer, BinaryType>::create<std::__cxx11::basic_string<char>, {const char* const&}>::<lambda(std::__cxx11::basic_string<char, std::char_traits<char>, std::allocator<char> >*)>}]	16	static
c:\nxp\mcuxpressoide_11.5.0_7232\ide\plugins\com.nxp.mcuxpresso.tools.win32_11.5.0.202107051138\tools\arm-none-eabi\include\c++\10.3.1\ext\new_allocator.h:103:7:_Tp* __gnu_cxx::new_allocator<_Tp>::allocate(__gnu_cxx::new_allocator<_Tp>::size_type, const void*) [with _Tp = std::_Sp_counted_ptr_inplace<nlohmann::detail::output_string_adapter<char, std::__cxx11::basic_string<char> >, std::allocator<nlohmann::detail::output_string_adapter<char, std::__cxx11::basic_string<char> > >, __gnu_cxx::_S_single>]	24	static
c:\nxp\mcuxpressoide_11.5.0_7232\ide\plugins\com.nxp.mcuxpresso.tools.win32_11.5.0.202107051138\tools\arm-none-eabi\include\c++\10.3.1\bits\move.h:49:5:constexpr _Tp* std::__addressof(_Tp&) [with _Tp = std::allocator<std::_Sp_counted_ptr_inplace<nlohmann::detail::output_string_adapter<char, std::__cxx11::basic_string<char> >, std::allocator<nlohmann::detail::output_string_adapter<char, std::__cxx11::basic_string<char> > >, __gnu_cxx::_S_single> >]	16	static
c:\nxp\mcuxpressoide_11.5.0_7232\ide\plugins\com.nxp.mcuxpresso.tools.win32_11.5.0.202107051138\tools\arm-none-eabi\include\c++\10.3.1\ext\new_allocator.h:126:7:void __gnu_cxx::new_allocator<_Tp>::deallocate(_Tp*, __gnu_cxx::new_allocator<_Tp>::size_type) [with _Tp = std::_Sp_counted_ptr_inplace<nlohmann::detail::output_string_adapter<char, std::__cxx11::basic_string<char> >, std::allocator<nlohmann::detail::output_string_adapter<char, std::__cxx11::basic_string<char> > >, __gnu_cxx::_S_single>]	24	static
c:\nxp\mcuxpressoide_11.5.0_7232\ide\plugins\com.nxp.mcuxpresso.tools.win32_11.5.0.202107051138\tools\arm-none-eabi\include\c++\10.3.1\bits\shared_ptr_base.h:417:16:std::_Sp_ebo_helper<_Nm, _Tp, true>::_Sp_ebo_helper(const _Tp&) [with int _Nm = 0; _Tp = std::allocator<nlohmann::detail::output_string_adapter<char, std::__cxx11::basic_string<char> > >]	16	static
c:\nxp\mcuxpressoide_11.5.0_7232\ide\plugins\com.nxp.mcuxpresso.tools.win32_11.5.0.202107051138\tools\arm-none-eabi\include\c++\10.3.1\ext\new_allocator.h:154:2:) [with _Up = nlohmann::detail::output_string_adapter<char, std::__cxx11::basic_string<char> >; _Args = {std::__cxx11::basic_string<char, std::char_traits<char>, std::allocator<char> >&}; _Tp = nlohmann::detail::output_string_adapter<char, std::__cxx11::basic_string<char> >]	32	static
c:\nxp\mcuxpressoide_11.5.0_7232\ide\plugins\com.nxp.mcuxpresso.tools.win32_11.5.0.202107051138\tools\arm-none-eabi\include\c++\10.3.1\ext\aligned_buffer.h:102:7:void* __gnu_cxx::__aligned_buffer<_Tp>::_M_addr() [with _Tp = nlohmann::detail::output_string_adapter<char, std::__cxx11::basic_string<char> >]	16	static
c:\nxp\mcuxpressoide_11.5.0_7232\ide\plugins\com.nxp.mcuxpresso.tools.win32_11.5.0.202107051138\tools\arm-none-eabi\include\c++\10.3.1\tuple:1287:5:>&) [with unsigned int __i = 0; _Head = std::__cxx11::basic_string<char>&&; _Tail = {}]	16	static
c:\nxp\mcuxpressoide_11.5.0_7232\ide\plugins\com.nxp.mcuxpresso.tools.win32_11.5.0.202107051138\tools\arm-none-eabi\include\c++\10.3.1\tuple:358:17:constexpr std::_Tuple_impl<_Idx, _Head>::_Tuple_impl(const _Head&) [with unsigned int _Idx = 1; _Head = nlohmann::basic_json<ObjectType, ArrayType, StringType, BooleanType, NumberIntegerType, NumberUnsignedType, NumberFloatType, AllocatorType, JSONSerializer, BinaryType>::create<std::__cxx11::basic_string<char>, {const char* const&}>::<lambda(std::__cxx11::basic_string<char>*)>]	16	static
c:\nxp\mcuxpressoide_11.5.0_7232\ide\plugins\com.nxp.mcuxpresso.tools.win32_11.5.0.202107051138\tools\arm-none-eabi\include\c++\10.3.1\tuple:201:7:>&) [with unsigned int _Idx = 0; _Head = std::__cxx11::basic_string<char>*; _Tail = {nlohmann::basic_json<ObjectType, ArrayType, StringType, BooleanType, NumberIntegerType, NumberUnsignedType, NumberFloatType, AllocatorType, JSONSerializer, BinaryType>::create<std::__cxx11::basic_string<char>, {const char* const&}>::<lambda(std::__cxx11::basic_string<char, std::char_traits<char>, std::allocator<char> >*)>}]	16	static
c:\nxp\mcuxpressoide_11.5.0_7232\ide\plugins\com.nxp.mcuxpresso.tools.win32_11.5.0.202107051138\tools\arm-none-eabi\include\c++\10.3.1\tuple:1287:5:>&) [with unsigned int __i = 1; _Head = nlohmann::basic_json<ObjectType, ArrayType, StringType, BooleanType, NumberIntegerType, NumberUnsignedType, NumberFloatType, AllocatorType, JSONSerializer, BinaryType>::create<std::__cxx11::basic_string<char>, {const char* const&}>::<lambda(std::__cxx11::basic_string<char>*)>; _Tail = {}]	16	static
c:\nxp\mcuxpressoide_11.5.0_7232\ide\plugins\com.nxp.mcuxpresso.tools.win32_11.5.0.202107051138\tools\arm-none-eabi\include\c++\10.3.1\tuple:204:7:>&) [with unsigned int _Idx = 0; _Head = std::__cxx11::basic_string<char>*; _Tail = {nlohmann::basic_json<ObjectType, ArrayType, StringType, BooleanType, NumberIntegerType, NumberUnsignedType, NumberFloatType, AllocatorType, JSONSerializer, BinaryType>::create<std::__cxx11::basic_string<char>, {const char* const&}>::<lambda(std::__cxx11::basic_string<char, std::char_traits<char>, std::allocator<char> >*)>}]	16	static
c:\nxp\mcuxpressoide_11.5.0_7232\ide\plugins\com.nxp.mcuxpresso.tools.win32_11.5.0.202107051138\tools\arm-none-eabi\include\c++\10.3.1\ext\new_allocator.h:191:7:__gnu_cxx::new_allocator<_Tp>::size_type __gnu_cxx::new_allocator<_Tp>::_M_max_size() const [with _Tp = std::_Sp_counted_ptr_inplace<nlohmann::detail::output_string_adapter<char, std::__cxx11::basic_string<char> >, std::allocator<nlohmann::detail::output_string_adapter<char, std::__cxx11::basic_string<char> > >, __gnu_cxx::_S_single>]	16	static
../src/json.hpp:13570:5:constexpr nlohmann::detail::output_adapter_protocol<CharType>::output_adapter_protocol() [with CharType = char]	16	static
../src/json.hpp:13568:13:nlohmann::detail::output_adapter_protocol<CharType>::~output_adapter_protocol() [with CharType = char]	16	static
../src/json.hpp:13568:13:nlohmann::detail::output_adapter_protocol<CharType>::~output_adapter_protocol() [with CharType = char]	16	static
../src/json.hpp:13636:14:nlohmann::detail::output_string_adapter<CharType, StringType>::output_string_adapter(StringType&) [with CharType = char; StringType = std::__cxx11::basic_string<char>]	16	static
c:\nxp\mcuxpressoide_11.5.0_7232\ide\plugins\com.nxp.mcuxpresso.tools.win32_11.5.0.202107051138\tools\arm-none-eabi\include\c++\10.3.1\tuple:129:17:constexpr std::_Head_base<_Idx, _Head, false>::_Head_base(const _Head&) [with unsigned int _Idx = 1; _Head = nlohmann::basic_json<ObjectType, ArrayType, StringType, BooleanType, NumberIntegerType, NumberUnsignedType, NumberFloatType, AllocatorType, JSONSerializer, BinaryType>::create<std::__cxx11::basic_string<char>, {const char* const&}>::<lambda(std::__cxx11::basic_string<char>*)>]	16	static
c:\nxp\mcuxpressoide_11.5.0_7232\ide\plugins\com.nxp.mcuxpresso.tools.win32_11.5.0.202107051138\tools\arm-none-eabi\include\c++\10.3.1\tuple:349:7:static constexpr _Head& std::_Tuple_impl<_Idx, _Head>::_M_head(std::_Tuple_impl<_Idx, _Head>&) [with unsigned int _Idx = 1; _Head = nlohmann::basic_json<ObjectType, ArrayType, StringType, BooleanType, NumberIntegerType, NumberUnsignedType, NumberFloatType, AllocatorType, JSONSerializer, BinaryType>::create<std::__cxx11::basic_string<char>, {const char* const&}>::<lambda(std::__cxx11::basic_string<char>*)>]	16	static
c:\nxp\mcuxpressoide_11.5.0_7232\ide\plugins\com.nxp.mcuxpresso.tools.win32_11.5.0.202107051138\tools\arm-none-eabi\include\c++\10.3.1\tuple:166:7:static constexpr _Head& std::_Head_base<_Idx, _Head, false>::_M_head(std::_Head_base<_Idx, _Head, false>&) [with unsigned int _Idx = 1; _Head = nlohmann::basic_json<ObjectType, ArrayType, StringType, BooleanType, NumberIntegerType, NumberUnsignedType, NumberFloatType, AllocatorType, JSONSerializer, BinaryType>::create<std::__cxx11::basic_string<char>, {const char* const&}>::<lambda(std::__cxx11::basic_string<char>*)>]	16	static
../src/json.hpp:13633:7:nlohmann::detail::output_string_adapter<char, std::__cxx11::basic_string<char> >::~output_string_adapter()	16	static
../src/json.hpp:13633:7:virtual nlohmann::detail::output_string_adapter<char, std::__cxx11::basic_string<char> >::~output_string_adapter()	16	static
../src/main.cpp:438:1:void __static_initialization_and_destruction_0(int, int)	24	static
c:\nxp\mcuxpressoide_11.5.0_7232\ide\plugins\com.nxp.mcuxpresso.tools.win32_11.5.0.202107051138\tools\arm-none-eabi\include\c++\10.3.1\bits\shared_ptr_base.h:555:7:std::_Sp_counted_ptr_inplace<_Tp, _Alloc, _Lp>::~_Sp_counted_ptr_inplace() [with _Tp = nlohmann::detail::output_string_adapter<char, std::__cxx11::basic_string<char> >; _Alloc = std::allocator<nlohmann::detail::output_string_adapter<char, std::__cxx11::basic_string<char> > >; __gnu_cxx::_Lock_policy _Lp = __gnu_cxx::_S_single]	16	static
c:\nxp\mcuxpressoide_11.5.0_7232\ide\plugins\com.nxp.mcuxpresso.tools.win32_11.5.0.202107051138\tools\arm-none-eabi\include\c++\10.3.1\bits\shared_ptr_base.h:555:7:std::_Sp_counted_ptr_inplace<_Tp, _Alloc, _Lp>::~_Sp_counted_ptr_inplace() [with _Tp = nlohmann::detail::output_string_adapter<char, std::__cxx11::basic_string<char> >; _Alloc = std::allocator<nlohmann::detail::output_string_adapter<char, std::__cxx11::basic_string<char> > >; __gnu_cxx::_Lock_policy _Lp = __gnu_cxx::_S_single]	16	static
c:\nxp\mcuxpressoide_11.5.0_7232\ide\plugins\com.nxp.mcuxpresso.tools.win32_11.5.0.202107051138\tools\arm-none-eabi\include\c++\10.3.1\bits\shared_ptr_base.h:558:7:void std::_Sp_counted_ptr_inplace<_Tp, _Alloc, _Lp>::_M_dispose() [with _Tp = nlohmann::detail::output_string_adapter<char, std::__cxx11::basic_string<char> >; _Alloc = std::allocator<nlohmann::detail::output_string_adapter<char, std::__cxx11::basic_string<char> > >; __gnu_cxx::_Lock_policy _Lp = __gnu_cxx::_S_single]	24	static
c:\nxp\mcuxpressoide_11.5.0_7232\ide\plugins\com.nxp.mcuxpresso.tools.win32_11.5.0.202107051138\tools\arm-none-eabi\include\c++\10.3.1\bits\shared_ptr_base.h:565:7:void std::_Sp_counted_ptr_inplace<_Tp, _Alloc, _Lp>::_M_destroy() [with _Tp = nlohmann::detail::output_string_adapter<char, std::__cxx11::basic_string<char> >; _Alloc = std::allocator<nlohmann::detail::output_string_adapter<char, std::__cxx11::basic_string<char> > >; __gnu_cxx::_Lock_policy _Lp = __gnu_cxx::_S_single]	32	static
c:\nxp\mcuxpressoide_11.5.0_7232\ide\plugins\com.nxp.mcuxpresso.tools.win32_11.5.0.202107051138\tools\arm-none-eabi\include\c++\10.3.1\bits\shared_ptr_base.h:578:7:void* std::_Sp_counted_ptr_inplace<_Tp, _Alloc, _Lp>::_M_get_deleter(const std::type_info&) [with _Tp = nlohmann::detail::output_string_adapter<char, std::__cxx11::basic_string<char> >; _Alloc = std::allocator<nlohmann::detail::output_string_adapter<char, std::__cxx11::basic_string<char> > >; __gnu_cxx::_Lock_policy _Lp = __gnu_cxx::_S_single]	24	static
../src/json.hpp:13640:10:void nlohmann::detail::output_string_adapter<CharType, StringType>::write_character(CharType) [with CharType = char; StringType = std::__cxx11::basic_string<char>]	16	static
../src/json.hpp:13646:10:void nlohmann::detail::output_string_adapter<CharType, StringType>::write_characters(const CharType*, std::size_t) [with CharType = char; StringType = std::__cxx11::basic_string<char>]	24	static
c:\nxp\mcuxpressoide_11.5.0_7232\ide\plugins\com.nxp.mcuxpresso.tools.win32_11.5.0.202107051138\tools\arm-none-eabi\include\c++\10.3.1\bits\shared_ptr_base.h:536:10:_Alloc& std::_Sp_counted_ptr_inplace<_Tp, _Alloc, _Lp>::_Impl::_M_alloc() [with _Tp = nlohmann::detail::output_string_adapter<char, std::__cxx11::basic_string<char> >; _Alloc = std::allocator<nlohmann::detail::output_string_adapter<char, std::__cxx11::basic_string<char> > >; __gnu_cxx::_Lock_policy _Lp = __gnu_cxx::_S_single]	16	static
c:\nxp\mcuxpressoide_11.5.0_7232\ide\plugins\com.nxp.mcuxpresso.tools.win32_11.5.0.202107051138\tools\arm-none-eabi\include\c++\10.3.1\bits\alloc_traits.h:527:2:static void std::allocator_traits<std::allocator<_CharT> >::destroy(std::allocator_traits<std::allocator<_CharT> >::allocator_type&, _Up*) [with _Up = nlohmann::detail::output_string_adapter<char, std::__cxx11::basic_string<char> >; _Tp = nlohmann::detail::output_string_adapter<char, std::__cxx11::basic_string<char> >]	16	static
c:\nxp\mcuxpressoide_11.5.0_7232\ide\plugins\com.nxp.mcuxpresso.tools.win32_11.5.0.202107051138\tools\arm-none-eabi\include\c++\10.3.1\bits\shared_ptr_base.h:421:7:static _Tp& std::_Sp_ebo_helper<_Nm, _Tp, true>::_S_get(std::_Sp_ebo_helper<_Nm, _Tp, true>&) [with int _Nm = 0; _Tp = std::allocator<nlohmann::detail::output_string_adapter<char, std::__cxx11::basic_string<char> > >]	16	static
c:\nxp\mcuxpressoide_11.5.0_7232\ide\plugins\com.nxp.mcuxpresso.tools.win32_11.5.0.202107051138\tools\arm-none-eabi\include\c++\10.3.1\ext\new_allocator.h:160:2:void __gnu_cxx::new_allocator<_Tp>::destroy(_Up*) [with _Up = nlohmann::detail::output_string_adapter<char, std::__cxx11::basic_string<char> >; _Tp = nlohmann::detail::output_string_adapter<char, std::__cxx11::basic_string<char> >]	16	static
../src/main.cpp:438:1:cpp)	8	static
