../src/PropertyEdit.h:13:2:PropertyEdit::PropertyEdit()	16	static
../src/PropertyEdit.h:14:10:PropertyEdit::~PropertyEdit()	16	static
../src/PropertyEdit.h:14:10:virtual PropertyEdit::~PropertyEdit()	16	static
c:\nxp\mcuxpressoide_11.5.0_7232\ide\plugins\com.nxp.mcuxpresso.tools.win32_11.5.0.202107051138\tools\arm-none-eabi\include\c++\10.3.1\arm-none-eabi\thumb\v7-m\nofp\bits\gthr-default.h:229:1:int __gthread_key_delete(__gthread_key_t)	16	static
c:\nxp\mcuxpressoide_11.5.0_7232\ide\plugins\com.nxp.mcuxpresso.tools.win32_11.5.0.202107051138\tools\arm-none-eabi\include\c++\10.3.1\bits\atomic_base.h:100:3:constexpr std::memory_order std::operator&(std::memory_order, std::__memory_order_modifier)	16	static
c:\nxp\mcuxpressoide_11.5.0_7232\ide\plugins\com.nxp.mcuxpresso.tools.win32_11.5.0.202107051138\tools\arm-none-eabi\include\c++\10.3.1\atomic:79:5:bool std::atomic<bool>::operator=(bool)	16	static
../src/StringEdit.cpp:17:1:StringEdit::StringEdit(LiquidCrystal*, std::string, std::string*, int)	24	static
../src/StringEdit.cpp:25:1:StringEdit::~StringEdit()	16	static
../src/StringEdit.cpp:25:1:virtual StringEdit::~StringEdit()	16	static
../src/StringEdit.cpp:28:6:virtual void StringEdit::increment()	16	static
../src/StringEdit.cpp:33:6:virtual void StringEdit::decrement()	16	static
../src/StringEdit.cpp:38:6:virtual void StringEdit::accept()	16	static
../src/StringEdit.cpp:43:6:virtual void StringEdit::cancel()	16	static
../src/StringEdit.cpp:48:6:virtual void StringEdit::setFocus(bool)	16	static
../src/StringEdit.cpp:52:6:virtual bool StringEdit::getFocus()	16	static
../src/StringEdit.cpp:56:6:virtual void StringEdit::display()	40	static
../src/StringEdit.cpp:72:6:void StringEdit::save()	16	static
../src/StringEdit.cpp:78:5:int StringEdit::getValue()	16	static
../src/StringEdit.cpp:82:6:void StringEdit::setValue(int)	16	static
c:\nxp\mcuxpressoide_11.5.0_7232\ide\plugins\com.nxp.mcuxpresso.tools.win32_11.5.0.202107051138\tools\arm-none-eabi\include\c++\10.3.1\bits\atomic_base.h:295:7:std::__atomic_base<_IntTp>::__int_type std::__atomic_base<_IntTp>::operator=(std::__atomic_base<_IntTp>::__int_type) [with _ITp = bool]	24	static
