21:55:58 **** Build of configuration Debug for project lpc_board_nxp_lpcxpresso_1549 ****
make -r -j8 all 
Building file: ../src/board.c
Building file: ../src/board_sysinit.c
Invoking: MCU C Compiler
arm-none-eabi-gcc -D__REDLIB__ -DDEBUG -D__CODE_RED -D__USE_LPCOPEN -DCORE_M3 -I"C:\Users\manishs\Documents\MCUXpressoIDE_11.5.1_7266\workspace\lpc_chip_15xx\inc" -I"C:\Users\manishs\Documents\MCUXpressoIDE_11.5.1_7266\workspace\lpc_board_nxp_lpcxpresso_1549\inc" -O0 -g3 -Wall -c -fmessage-length=0 -fno-builtin -ffunction-sections -fdata-sections -fmerge-constants -fmacro-prefix-map="../src/"= -mcpu=cortex-m3 -mthumb -fstack-usage -specs=redlib.specs -MMD -MP -MF"src/board.d" -MT"src/board.o" -MT"src/board.d" -o "src/board.o" "../src/board.c"
Invoking: MCU C Compiler
arm-none-eabi-gcc -D__REDLIB__ -DDEBUG -D__CODE_RED -D__USE_LPCOPEN -DCORE_M3 -I"C:\Users\manishs\Documents\MCUXpressoIDE_11.5.1_7266\workspace\lpc_chip_15xx\inc" -I"C:\Users\manishs\Documents\MCUXpressoIDE_11.5.1_7266\workspace\lpc_board_nxp_lpcxpresso_1549\inc" -O0 -g3 -Wall -c -fmessage-length=0 -fno-builtin -ffunction-sections -fdata-sections -fmerge-constants -fmacro-prefix-map="../src/"= -mcpu=cortex-m3 -mthumb -fstack-usage -specs=redlib.specs -MMD -MP -MF"src/board_sysinit.d" -MT"src/board_sysinit.o" -MT"src/board_sysinit.d" -o "src/board_sysinit.o" "../src/board_sysinit.c"
Finished building: ../src/board.c
Finished building: ../src/board_sysinit.c
 
 
Building target: liblpc_board_nxp_lpcxpresso_1549.a
Invoking: MCU Archiver
arm-none-eabi-ar -r  "liblpc_board_nxp_lpcxpresso_1549.a"  ./src/board.o ./src/board_sysinit.o   
arm-none-eabi-ar: creating liblpc_board_nxp_lpcxpresso_1549.a
Finished building target: liblpc_board_nxp_lpcxpresso_1549.a
 
Performing post-build steps
arm-none-eabi-size "liblpc_board_nxp_lpcxpresso_1549.a" ; # arm-none-eabi-objdump -h -S "liblpc_board_nxp_lpcxpresso_1549.a" >"liblpc_board_nxp_lpcxpresso_1549.lss"
   text	   data	    bss	    dec	    hex	filename
   1313	      0	      0	   1313	    521	board.o (ex liblpc_board_nxp_lpcxpresso_1549.a)
    574	      0	      0	    574	    23e	board_sysinit.o (ex liblpc_board_nxp_lpcxpresso_1549.a)
 
21:55:59 **** Build of configuration Debug for project lpc_chip_15xx ****
make -r -j8 all 
Building file: ../src/acmp_15xx.c
Building file: ../src/adc_15xx.c
Invoking: MCU C Compiler
arm-none-eabi-gcc -D__REDLIB__ -DDEBUG -D__CODE_RED -D__USE_LPCOPEN -DCORE_M3 -I"C:\Users\manishs\Documents\MCUXpressoIDE_11.5.1_7266\workspace\lpc_chip_15xx\inc" -O0 -g3 -Wall -c -fmessage-length=0 -fno-builtin -ffunction-sections -fdata-sections -fmerge-constants -fmacro-prefix-map="../src/"= -mcpu=cortex-m3 -mthumb -fstack-usage -specs=redlib.specs -MMD -MP -MF"src/acmp_15xx.d" -MT"src/acmp_15xx.o" -MT"src/acmp_15xx.d" -o "src/acmp_15xx.o" "../src/acmp_15xx.c"
Invoking: MCU C Compiler
arm-none-eabi-gcc -D__REDLIB__ -DDEBUG -D__CODE_RED -D__USE_LPCOPEN -DCORE_M3 -I"C:\Users\manishs\Documents\MCUXpressoIDE_11.5.1_7266\workspace\lpc_chip_15xx\inc" -O0 -g3 -Wall -c -fmessage-length=0 -fno-builtin -ffunction-sections -fdata-sections -fmerge-constants -fmacro-prefix-map="../src/"= -mcpu=cortex-m3 -mthumb -fstack-usage -specs=redlib.specs -MMD -MP -MF"src/adc_15xx.d" -MT"src/adc_15xx.o" -MT"src/adc_15xx.d" -o "src/adc_15xx.o" "../src/adc_15xx.c"
Building file: ../src/chip_15xx.c
Building file: ../src/clock_15xx.c
Invoking: MCU C Compiler
arm-none-eabi-gcc -D__REDLIB__ -DDEBUG -D__CODE_RED -D__USE_LPCOPEN -DCORE_M3 -I"C:\Users\manishs\Documents\MCUXpressoIDE_11.5.1_7266\workspace\lpc_chip_15xx\inc" -O0 -g3 -Wall -c -fmessage-length=0 -fno-builtin -ffunction-sections -fdata-sections -fmerge-constants -fmacro-prefix-map="../src/"= -mcpu=cortex-m3 -mthumb -fstack-usage -specs=redlib.specs -MMD -MP -MF"src/chip_15xx.d" -MT"src/chip_15xx.o" -MT"src/chip_15xx.d" -o "src/chip_15xx.o" "../src/chip_15xx.c"
Invoking: MCU C Compiler
arm-none-eabi-gcc -D__REDLIB__ -DDEBUG -D__CODE_RED -D__USE_LPCOPEN -DCORE_M3 -I"C:\Users\manishs\Documents\MCUXpressoIDE_11.5.1_7266\workspace\lpc_chip_15xx\inc" -O0 -g3 -Wall -c -fmessage-length=0 -fno-builtin -ffunction-sections -fdata-sections -fmerge-constants -fmacro-prefix-map="../src/"= -mcpu=cortex-m3 -mthumb -fstack-usage -specs=redlib.specs -MMD -MP -MF"src/clock_15xx.d" -MT"src/clock_15xx.o" -MT"src/clock_15xx.d" -o "src/clock_15xx.o" "../src/clock_15xx.c"
Building file: ../src/crc_15xx.c
Building file: ../src/dac_15xx.c
Invoking: MCU C Compiler
Finished building: ../src/acmp_15xx.c
Invoking: MCU C Compiler
arm-none-eabi-gcc -D__REDLIB__ -DDEBUG -D__CODE_RED -D__USE_LPCOPEN -DCORE_M3 -I"C:\Users\manishs\Documents\MCUXpressoIDE_11.5.1_7266\workspace\lpc_chip_15xx\inc" -O0 -g3 -Wall -c -fmessage-length=0 -fno-builtin -ffunction-sections -fdata-sections -fmerge-constants -fmacro-prefix-map="../src/"= -mcpu=cortex-m3 -mthumb -fstack-usage -specs=redlib.specs -MMD -MP -MF"src/crc_15xx.d" -MT"src/crc_15xx.o" -MT"src/crc_15xx.d" -o "src/crc_15xx.o" "../src/crc_15xx.c"
Finished building: ../src/adc_15xx.c
arm-none-eabi-gcc -D__REDLIB__ -DDEBUG -D__CODE_RED -D__USE_LPCOPEN -DCORE_M3 -I"C:\Users\manishs\Documents\MCUXpressoIDE_11.5.1_7266\workspace\lpc_chip_15xx\inc" -O0 -g3 -Wall -c -fmessage-length=0 -fno-builtin -ffunction-sections -fdata-sections -fmerge-constants -fmacro-prefix-map="../src/"= -mcpu=cortex-m3 -mthumb -fstack-usage -specs=redlib.specs -MMD -MP -MF"src/dac_15xx.d" -MT"src/dac_15xx.o" -MT"src/dac_15xx.d" -o "src/dac_15xx.o" "../src/dac_15xx.c"
 
 
Finished building: ../src/chip_15xx.c
Finished building: ../src/clock_15xx.c
 
 
Building file: ../src/dma_15xx.c
Building file: ../src/eeprom.c
Invoking: MCU C Compiler
Invoking: MCU C Compiler
arm-none-eabi-gcc -D__REDLIB__ -DDEBUG -D__CODE_RED -D__USE_LPCOPEN -DCORE_M3 -I"C:\Users\manishs\Documents\MCUXpressoIDE_11.5.1_7266\workspace\lpc_chip_15xx\inc" -O0 -g3 -Wall -c -fmessage-length=0 -fno-builtin -ffunction-sections -fdata-sections -fmerge-constants -fmacro-prefix-map="../src/"= -mcpu=cortex-m3 -mthumb -fstack-usage -specs=redlib.specs -MMD -MP -MF"src/dma_15xx.d" -MT"src/dma_15xx.o" -MT"src/dma_15xx.d" -o "src/dma_15xx.o" "../src/dma_15xx.c"
Finished building: ../src/crc_15xx.c
arm-none-eabi-gcc -D__REDLIB__ -DDEBUG -D__CODE_RED -D__USE_LPCOPEN -DCORE_M3 -I"C:\Users\manishs\Documents\MCUXpressoIDE_11.5.1_7266\workspace\lpc_chip_15xx\inc" -O0 -g3 -Wall -c -fmessage-length=0 -fno-builtin -ffunction-sections -fdata-sections -fmerge-constants -fmacro-prefix-map="../src/"= -mcpu=cortex-m3 -mthumb -fstack-usage -specs=redlib.specs -MMD -MP -MF"src/eeprom.d" -MT"src/eeprom.o" -MT"src/eeprom.d" -o "src/eeprom.o" "../src/eeprom.c"
Finished building: ../src/dac_15xx.c
 
 
Building file: ../src/gpio_15xx.c
Building file: ../src/i2c_common_15xx.c
Invoking: MCU C Compiler
arm-none-eabi-gcc -D__REDLIB__ -DDEBUG -D__CODE_RED -D__USE_LPCOPEN -DCORE_M3 -I"C:\Users\manishs\Documents\MCUXpressoIDE_11.5.1_7266\workspace\lpc_chip_15xx\inc" -O0 -g3 -Wall -c -fmessage-length=0 -fno-builtin -ffunction-sections -fdata-sections -fmerge-constants -fmacro-prefix-map="../src/"= -mcpu=cortex-m3 -mthumb -fstack-usage -specs=redlib.specs -MMD -MP -MF"src/gpio_15xx.d" -MT"src/gpio_15xx.o" -MT"src/gpio_15xx.d" -o "src/gpio_15xx.o" "../src/gpio_15xx.c"
Invoking: MCU C Compiler
arm-none-eabi-gcc -D__REDLIB__ -DDEBUG -D__CODE_RED -D__USE_LPCOPEN -DCORE_M3 -I"C:\Users\manishs\Documents\MCUXpressoIDE_11.5.1_7266\workspace\lpc_chip_15xx\inc" -O0 -g3 -Wall -c -fmessage-length=0 -fno-builtin -ffunction-sections -fdata-sections -fmerge-constants -fmacro-prefix-map="../src/"= -mcpu=cortex-m3 -mthumb -fstack-usage -specs=redlib.specs -MMD -MP -MF"src/i2c_common_15xx.d" -MT"src/i2c_common_15xx.o" -MT"src/i2c_common_15xx.d" -o "src/i2c_common_15xx.o" "../src/i2c_common_15xx.c"
Building file: ../src/i2cm_15xx.c
Finished building: ../src/dma_15xx.c
Invoking: MCU C Compiler
Finished building: ../src/eeprom.c
arm-none-eabi-gcc -D__REDLIB__ -DDEBUG -D__CODE_RED -D__USE_LPCOPEN -DCORE_M3 -I"C:\Users\manishs\Documents\MCUXpressoIDE_11.5.1_7266\workspace\lpc_chip_15xx\inc" -O0 -g3 -Wall -c -fmessage-length=0 -fno-builtin -ffunction-sections -fdata-sections -fmerge-constants -fmacro-prefix-map="../src/"= -mcpu=cortex-m3 -mthumb -fstack-usage -specs=redlib.specs -MMD -MP -MF"src/i2cm_15xx.d" -MT"src/i2cm_15xx.o" -MT"src/i2cm_15xx.d" -o "src/i2cm_15xx.o" "../src/i2cm_15xx.c"
 
 
Building file: ../src/i2cs_15xx.c
Building file: ../src/iap.c
Invoking: MCU C Compiler
Finished building: ../src/gpio_15xx.c
Finished building: ../src/i2c_common_15xx.c
arm-none-eabi-gcc -D__REDLIB__ -DDEBUG -D__CODE_RED -D__USE_LPCOPEN -DCORE_M3 -I"C:\Users\manishs\Documents\MCUXpressoIDE_11.5.1_7266\workspace\lpc_chip_15xx\inc" -O0 -g3 -Wall -c -fmessage-length=0 -fno-builtin -ffunction-sections -fdata-sections -fmerge-constants -fmacro-prefix-map="../src/"= -mcpu=cortex-m3 -mthumb -fstack-usage -specs=redlib.specs -MMD -MP -MF"src/i2cs_15xx.d" -MT"src/i2cs_15xx.o" -MT"src/i2cs_15xx.d" -o "src/i2cs_15xx.o" "../src/i2cs_15xx.c"
Invoking: MCU C Compiler
 
arm-none-eabi-gcc -D__REDLIB__ -DDEBUG -D__CODE_RED -D__USE_LPCOPEN -DCORE_M3 -I"C:\Users\manishs\Documents\MCUXpressoIDE_11.5.1_7266\workspace\lpc_chip_15xx\inc" -O0 -g3 -Wall -c -fmessage-length=0 -fno-builtin -ffunction-sections -fdata-sections -fmerge-constants -fmacro-prefix-map="../src/"= -mcpu=cortex-m3 -mthumb -fstack-usage -specs=redlib.specs -MMD -MP -MF"src/iap.d" -MT"src/iap.o" -MT"src/iap.d" -o "src/iap.o" "../src/iap.c"
 
Finished building: ../src/i2cm_15xx.c
Building file: ../src/iocon_15xx.c
 
Invoking: MCU C Compiler
arm-none-eabi-gcc -D__REDLIB__ -DDEBUG -D__CODE_RED -D__USE_LPCOPEN -DCORE_M3 -I"C:\Users\manishs\Documents\MCUXpressoIDE_11.5.1_7266\workspace\lpc_chip_15xx\inc" -O0 -g3 -Wall -c -fmessage-length=0 -fno-builtin -ffunction-sections -fdata-sections -fmerge-constants -fmacro-prefix-map="../src/"= -mcpu=cortex-m3 -mthumb -fstack-usage -specs=redlib.specs -MMD -MP -MF"src/iocon_15xx.d" -MT"src/iocon_15xx.o" -MT"src/iocon_15xx.d" -o "src/iocon_15xx.o" "../src/iocon_15xx.c"
Building file: ../src/pinint_15xx.c
Invoking: MCU C Compiler
Building file: ../src/pmu_15xx.c
arm-none-eabi-gcc -D__REDLIB__ -DDEBUG -D__CODE_RED -D__USE_LPCOPEN -DCORE_M3 -I"C:\Users\manishs\Documents\MCUXpressoIDE_11.5.1_7266\workspace\lpc_chip_15xx\inc" -O0 -g3 -Wall -c -fmessage-length=0 -fno-builtin -ffunction-sections -fdata-sections -fmerge-constants -fmacro-prefix-map="../src/"= -mcpu=cortex-m3 -mthumb -fstack-usage -specs=redlib.specs -MMD -MP -MF"src/pinint_15xx.d" -MT"src/pinint_15xx.o" -MT"src/pinint_15xx.d" -o "src/pinint_15xx.o" "../src/pinint_15xx.c"
Finished building: ../src/i2cs_15xx.c
Invoking: MCU C Compiler
Finished building: ../src/iap.c
arm-none-eabi-gcc -D__REDLIB__ -DDEBUG -D__CODE_RED -D__USE_LPCOPEN -DCORE_M3 -I"C:\Users\manishs\Documents\MCUXpressoIDE_11.5.1_7266\workspace\lpc_chip_15xx\inc" -O0 -g3 -Wall -c -fmessage-length=0 -fno-builtin -ffunction-sections -fdata-sections -fmerge-constants -fmacro-prefix-map="../src/"= -mcpu=cortex-m3 -mthumb -fstack-usage -specs=redlib.specs -MMD -MP -MF"src/pmu_15xx.d" -MT"src/pmu_15xx.o" -MT"src/pmu_15xx.d" -o "src/pmu_15xx.o" "../src/pmu_15xx.c"
 
 
Building file: ../src/ring_buffer.c
Building file: ../src/ritimer_15xx.c
Finished building: ../src/iocon_15xx.c
Invoking: MCU C Compiler
Invoking: MCU C Compiler
Finished building: ../src/pinint_15xx.c
arm-none-eabi-gcc -D__REDLIB__ -DDEBUG -D__CODE_RED -D__USE_LPCOPEN -DCORE_M3 -I"C:\Users\manishs\Documents\MCUXpressoIDE_11.5.1_7266\workspace\lpc_chip_15xx\inc" -O0 -g3 -Wall -c -fmessage-length=0 -fno-builtin -ffunction-sections -fdata-sections -fmerge-constants -fmacro-prefix-map="../src/"= -mcpu=cortex-m3 -mthumb -fstack-usage -specs=redlib.specs -MMD -MP -MF"src/ring_buffer.d" -MT"src/ring_buffer.o" -MT"src/ring_buffer.d" -o "src/ring_buffer.o" "../src/ring_buffer.c"
 
arm-none-eabi-gcc -D__REDLIB__ -DDEBUG -D__CODE_RED -D__USE_LPCOPEN -DCORE_M3 -I"C:\Users\manishs\Documents\MCUXpressoIDE_11.5.1_7266\workspace\lpc_chip_15xx\inc" -O0 -g3 -Wall -c -fmessage-length=0 -fno-builtin -ffunction-sections -fdata-sections -fmerge-constants -fmacro-prefix-map="../src/"= -mcpu=cortex-m3 -mthumb -fstack-usage -specs=redlib.specs -MMD -MP -MF"src/ritimer_15xx.d" -MT"src/ritimer_15xx.o" -MT"src/ritimer_15xx.d" -o "src/ritimer_15xx.o" "../src/ritimer_15xx.c"
Finished building: ../src/pmu_15xx.c
 
 
Building file: ../src/rtc_15xx.c
Building file: ../src/sct_15xx.c
Invoking: MCU C Compiler
arm-none-eabi-gcc -D__REDLIB__ -DDEBUG -D__CODE_RED -D__USE_LPCOPEN -DCORE_M3 -I"C:\Users\manishs\Documents\MCUXpressoIDE_11.5.1_7266\workspace\lpc_chip_15xx\inc" -O0 -g3 -Wall -c -fmessage-length=0 -fno-builtin -ffunction-sections -fdata-sections -fmerge-constants -fmacro-prefix-map="../src/"= -mcpu=cortex-m3 -mthumb -fstack-usage -specs=redlib.specs -MMD -MP -MF"src/rtc_15xx.d" -MT"src/rtc_15xx.o" -MT"src/rtc_15xx.d" -o "src/rtc_15xx.o" "../src/rtc_15xx.c"
Invoking: MCU C Compiler
arm-none-eabi-gcc -D__REDLIB__ -DDEBUG -D__CODE_RED -D__USE_LPCOPEN -DCORE_M3 -I"C:\Users\manishs\Documents\MCUXpressoIDE_11.5.1_7266\workspace\lpc_chip_15xx\inc" -O0 -g3 -Wall -c -fmessage-length=0 -fno-builtin -ffunction-sections -fdata-sections -fmerge-constants -fmacro-prefix-map="../src/"= -mcpu=cortex-m3 -mthumb -fstack-usage -specs=redlib.specs -MMD -MP -MF"src/sct_15xx.d" -MT"src/sct_15xx.o" -MT"src/sct_15xx.d" -o "src/sct_15xx.o" "../src/sct_15xx.c"
Finished building: ../src/ring_buffer.c
 
Finished building: ../src/ritimer_15xx.c
Building file: ../src/sct_pwm_15xx.c
 
Invoking: MCU C Compiler
arm-none-eabi-gcc -D__REDLIB__ -DDEBUG -D__CODE_RED -D__USE_LPCOPEN -DCORE_M3 -I"C:\Users\manishs\Documents\MCUXpressoIDE_11.5.1_7266\workspace\lpc_chip_15xx\inc" -O0 -g3 -Wall -c -fmessage-length=0 -fno-builtin -ffunction-sections -fdata-sections -fmerge-constants -fmacro-prefix-map="../src/"= -mcpu=cortex-m3 -mthumb -fstack-usage -specs=redlib.specs -MMD -MP -MF"src/sct_pwm_15xx.d" -MT"src/sct_pwm_15xx.o" -MT"src/sct_pwm_15xx.d" -o "src/sct_pwm_15xx.o" "../src/sct_pwm_15xx.c"
Building file: ../src/sctipu_15xx.c
Invoking: MCU C Compiler
arm-none-eabi-gcc -D__REDLIB__ -DDEBUG -D__CODE_RED -D__USE_LPCOPEN -DCORE_M3 -I"C:\Users\manishs\Documents\MCUXpressoIDE_11.5.1_7266\workspace\lpc_chip_15xx\inc" -O0 -g3 -Wall -c -fmessage-length=0 -fno-builtin -ffunction-sections -fdata-sections -fmerge-constants -fmacro-prefix-map="../src/"= -mcpu=cortex-m3 -mthumb -fstack-usage -specs=redlib.specs -MMD -MP -MF"src/sctipu_15xx.d" -MT"src/sctipu_15xx.o" -MT"src/sctipu_15xx.d" -o "src/sctipu_15xx.o" "../src/sctipu_15xx.c"
Finished building: ../src/rtc_15xx.c
Finished building: ../src/sct_15xx.c
 
 
Building file: ../src/spi_15xx.c
Building file: ../src/stopwatch_15xx.c
Invoking: MCU C Compiler
Invoking: MCU C Compiler
arm-none-eabi-gcc -D__REDLIB__ -DDEBUG -D__CODE_RED -D__USE_LPCOPEN -DCORE_M3 -I"C:\Users\manishs\Documents\MCUXpressoIDE_11.5.1_7266\workspace\lpc_chip_15xx\inc" -O0 -g3 -Wall -c -fmessage-length=0 -fno-builtin -ffunction-sections -fdata-sections -fmerge-constants -fmacro-prefix-map="../src/"= -mcpu=cortex-m3 -mthumb -fstack-usage -specs=redlib.specs -MMD -MP -MF"src/spi_15xx.d" -MT"src/spi_15xx.o" -MT"src/spi_15xx.d" -o "src/spi_15xx.o" "../src/spi_15xx.c"
Finished building: ../src/sct_pwm_15xx.c
arm-none-eabi-gcc -D__REDLIB__ -DDEBUG -D__CODE_RED -D__USE_LPCOPEN -DCORE_M3 -I"C:\Users\manishs\Documents\MCUXpressoIDE_11.5.1_7266\workspace\lpc_chip_15xx\inc" -O0 -g3 -Wall -c -fmessage-length=0 -fno-builtin -ffunction-sections -fdata-sections -fmerge-constants -fmacro-prefix-map="../src/"= -mcpu=cortex-m3 -mthumb -fstack-usage -specs=redlib.specs -MMD -MP -MF"src/stopwatch_15xx.d" -MT"src/stopwatch_15xx.o" -MT"src/stopwatch_15xx.d" -o "src/stopwatch_15xx.o" "../src/stopwatch_15xx.c"
 
Finished building: ../src/sctipu_15xx.c
Building file: ../src/swm_15xx.c
 
Invoking: MCU C Compiler
arm-none-eabi-gcc -D__REDLIB__ -DDEBUG -D__CODE_RED -D__USE_LPCOPEN -DCORE_M3 -I"C:\Users\manishs\Documents\MCUXpressoIDE_11.5.1_7266\workspace\lpc_chip_15xx\inc" -O0 -g3 -Wall -c -fmessage-length=0 -fno-builtin -ffunction-sections -fdata-sections -fmerge-constants -fmacro-prefix-map="../src/"= -mcpu=cortex-m3 -mthumb -fstack-usage -specs=redlib.specs -MMD -MP -MF"src/swm_15xx.d" -MT"src/swm_15xx.o" -MT"src/swm_15xx.d" -o "src/swm_15xx.o" "../src/swm_15xx.c"
Building file: ../src/sysctl_15xx.c
Invoking: MCU C Compiler
arm-none-eabi-gcc -D__REDLIB__ -DDEBUG -D__CODE_RED -D__USE_LPCOPEN -DCORE_M3 -I"C:\Users\manishs\Documents\MCUXpressoIDE_11.5.1_7266\workspace\lpc_chip_15xx\inc" -O0 -g3 -Wall -c -fmessage-length=0 -fno-builtin -ffunction-sections -fdata-sections -fmerge-constants -fmacro-prefix-map="../src/"= -mcpu=cortex-m3 -mthumb -fstack-usage -specs=redlib.specs -MMD -MP -MF"src/sysctl_15xx.d" -MT"src/sysctl_15xx.o" -MT"src/sysctl_15xx.d" -o "src/sysctl_15xx.o" "../src/sysctl_15xx.c"
Building file: ../src/sysinit_15xx.c
Finished building: ../src/spi_15xx.c
Finished building: ../src/stopwatch_15xx.c
Invoking: MCU C Compiler
 
arm-none-eabi-gcc -D__REDLIB__ -DDEBUG -D__CODE_RED -D__USE_LPCOPEN -DCORE_M3 -I"C:\Users\manishs\Documents\MCUXpressoIDE_11.5.1_7266\workspace\lpc_chip_15xx\inc" -O0 -g3 -Wall -c -fmessage-length=0 -fno-builtin -ffunction-sections -fdata-sections -fmerge-constants -fmacro-prefix-map="../src/"= -mcpu=cortex-m3 -mthumb -fstack-usage -specs=redlib.specs -MMD -MP -MF"src/sysinit_15xx.d" -MT"src/sysinit_15xx.o" -MT"src/sysinit_15xx.d" -o "src/sysinit_15xx.o" "../src/sysinit_15xx.c"
 
Building file: ../src/uart_15xx.c
Building file: ../src/wwdt_15xx.c
Finished building: ../src/swm_15xx.c
Invoking: MCU C Compiler
Invoking: MCU C Compiler
Finished building: ../src/sysctl_15xx.c
arm-none-eabi-gcc -D__REDLIB__ -DDEBUG -D__CODE_RED -D__USE_LPCOPEN -DCORE_M3 -I"C:\Users\manishs\Documents\MCUXpressoIDE_11.5.1_7266\workspace\lpc_chip_15xx\inc" -O0 -g3 -Wall -c -fmessage-length=0 -fno-builtin -ffunction-sections -fdata-sections -fmerge-constants -fmacro-prefix-map="../src/"= -mcpu=cortex-m3 -mthumb -fstack-usage -specs=redlib.specs -MMD -MP -MF"src/uart_15xx.d" -MT"src/uart_15xx.o" -MT"src/uart_15xx.d" -o "src/uart_15xx.o" "../src/uart_15xx.c"
 
../src/sysinit_15xx.c: In function 'Chip_SetupIrcClocking':
../src/sysinit_15xx.c:53:15: warning: unused variable 'i' [-Wunused-variable]
   53 |  volatile int i;
      |               ^
arm-none-eabi-gcc -D__REDLIB__ -DDEBUG -D__CODE_RED -D__USE_LPCOPEN -DCORE_M3 -I"C:\Users\manishs\Documents\MCUXpressoIDE_11.5.1_7266\workspace\lpc_chip_15xx\inc" -O0 -g3 -Wall -c -fmessage-length=0 -fno-builtin -ffunction-sections -fdata-sections -fmerge-constants -fmacro-prefix-map="../src/"= -mcpu=cortex-m3 -mthumb -fstack-usage -specs=redlib.specs -MMD -MP -MF"src/wwdt_15xx.d" -MT"src/wwdt_15xx.o" -MT"src/wwdt_15xx.d" -o "src/wwdt_15xx.o" "../src/wwdt_15xx.c"
 
Finished building: ../src/sysinit_15xx.c
 
Finished building: ../src/uart_15xx.c
Finished building: ../src/wwdt_15xx.c
 
 
Building target: liblpc_chip_15xx.a
Invoking: MCU Archiver
arm-none-eabi-ar -r  "liblpc_chip_15xx.a"  ./src/acmp_15xx.o ./src/adc_15xx.o ./src/chip_15xx.o ./src/clock_15xx.o ./src/crc_15xx.o ./src/dac_15xx.o ./src/dma_15xx.o ./src/eeprom.o ./src/gpio_15xx.o ./src/i2c_common_15xx.o ./src/i2cm_15xx.o ./src/i2cs_15xx.o ./src/iap.o ./src/iocon_15xx.o ./src/pinint_15xx.o ./src/pmu_15xx.o ./src/ring_buffer.o ./src/ritimer_15xx.o ./src/rtc_15xx.o ./src/sct_15xx.o ./src/sct_pwm_15xx.o ./src/sctipu_15xx.o ./src/spi_15xx.o ./src/stopwatch_15xx.o ./src/swm_15xx.o ./src/sysctl_15xx.o ./src/sysinit_15xx.o ./src/uart_15xx.o ./src/wwdt_15xx.o   
arm-none-eabi-ar: creating liblpc_chip_15xx.a
Finished building target: liblpc_chip_15xx.a
 
Performing post-build steps
arm-none-eabi-size "liblpc_chip_15xx.a" ; # arm-none-eabi-objdump -h -S "liblpc_chip_15xx.a" >"liblpc_chip_15xx.lss"
   text	   data	    bss	    dec	    hex	filename
    610	      0	      0	    610	    262	acmp_15xx.o (ex liblpc_chip_15xx.a)
    790	      0	      0	    790	    316	adc_15xx.o (ex liblpc_chip_15xx.a)
    298	      0	      4	    302	    12e	chip_15xx.o (ex liblpc_chip_15xx.a)
   1700	      0	      0	   1700	    6a4	clock_15xx.o (ex liblpc_chip_15xx.a)
    494	      0	      0	    494	    1ee	crc_15xx.o (ex liblpc_chip_15xx.a)
     60	      0	      0	     60	     3c	dac_15xx.o (ex liblpc_chip_15xx.a)
    294	      0	    288	    582	    246	dma_15xx.o (ex liblpc_chip_15xx.a)
    192	      0	      0	    192	     c0	eeprom.o (ex liblpc_chip_15xx.a)
    684	      0	      0	    684	    2ac	gpio_15xx.o (ex liblpc_chip_15xx.a)
     84	      0	      0	     84	     54	i2c_common_15xx.o (ex liblpc_chip_15xx.a)
    860	      0	      0	    860	    35c	i2cm_15xx.o (ex liblpc_chip_15xx.a)
    450	      0	      0	    450	    1c2	i2cs_15xx.o (ex liblpc_chip_15xx.a)
    598	      0	      0	    598	    256	iap.o (ex liblpc_chip_15xx.a)
    124	      0	      0	    124	     7c	iocon_15xx.o (ex liblpc_chip_15xx.a)
      0	      0	      0	      0	      0	pinint_15xx.o (ex liblpc_chip_15xx.a)
    300	      0	      0	    300	    12c	pmu_15xx.o (ex liblpc_chip_15xx.a)
    962	      0	      0	    962	    3c2	ring_buffer.o (ex liblpc_chip_15xx.a)
    692	      0	      0	    692	    2b4	ritimer_15xx.o (ex liblpc_chip_15xx.a)
      0	      0	      0	      0	      0	rtc_15xx.o (ex liblpc_chip_15xx.a)
    318	      0	      0	    318	    13e	sct_15xx.o (ex liblpc_chip_15xx.a)
    412	      0	      0	    412	    19c	sct_pwm_15xx.o (ex liblpc_chip_15xx.a)
    140	      0	      0	    140	     8c	sctipu_15xx.o (ex liblpc_chip_15xx.a)
   1766	      0	      0	   1766	    6e6	spi_15xx.o (ex liblpc_chip_15xx.a)
    328	      0	     12	    340	    154	stopwatch_15xx.o (ex liblpc_chip_15xx.a)
    356	      0	      0	    356	    164	swm_15xx.o (ex liblpc_chip_15xx.a)
    466	      0	      0	    466	    1d2	sysctl_15xx.o (ex liblpc_chip_15xx.a)
    420	      0	      0	    420	    1a4	sysinit_15xx.o (ex liblpc_chip_15xx.a)
   1116	      0	      0	   1116	    45c	uart_15xx.o (ex liblpc_chip_15xx.a)
    114	      0	      0	    114	     72	wwdt_15xx.o (ex liblpc_chip_15xx.a)
 
21:56:06 **** Build of configuration Debug for project ventilation_system ****
make -r -j8 all 
Building file: ../src/paho_mqtt/MQTTPacket/src/MQTTConnectClient.c
Building file: ../src/paho_mqtt/MQTTPacket/src/MQTTConnectServer.c
Invoking: MCU C Compiler
arm-none-eabi-gcc -std=c11 -DDEBUG -D__CODE_RED -D__NEWLIB__ -DCORE_M3 -D__USE_LPCOPEN -DCPP_USE_HEAP -D__LPC15XX__ -I"C:\Users\manishs\Documents\MCUXpressoIDE_11.5.1_7266\workspace\lpc_board_nxp_lpcxpresso_1549\inc" -I"C:\Users\manishs\Documents\MCUXpressoIDE_11.5.1_7266\workspace\lpc_chip_15xx\inc" -O0 -fno-common -g3 -Wall -c -fmessage-length=0 -fno-builtin -ffunction-sections -fdata-sections -fmerge-constants -fmacro-prefix-map="../src/paho_mqtt/MQTTPacket/src/"= -mcpu=cortex-m3 -mthumb -fstack-usage -MMD -MP -MF"src/paho_mqtt/MQTTPacket/src/MQTTConnectClient.d" -MT"src/paho_mqtt/MQTTPacket/src/MQTTConnectClient.o" -MT"src/paho_mqtt/MQTTPacket/src/MQTTConnectClient.d" -o "src/paho_mqtt/MQTTPacket/src/MQTTConnectClient.o" "../src/paho_mqtt/MQTTPacket/src/MQTTConnectClient.c"
Invoking: MCU C Compiler
arm-none-eabi-gcc -std=c11 -DDEBUG -D__CODE_RED -D__NEWLIB__ -DCORE_M3 -D__USE_LPCOPEN -DCPP_USE_HEAP -D__LPC15XX__ -I"C:\Users\manishs\Documents\MCUXpressoIDE_11.5.1_7266\workspace\lpc_board_nxp_lpcxpresso_1549\inc" -I"C:\Users\manishs\Documents\MCUXpressoIDE_11.5.1_7266\workspace\lpc_chip_15xx\inc" -O0 -fno-common -g3 -Wall -c -fmessage-length=0 -fno-builtin -ffunction-sections -fdata-sections -fmerge-constants -fmacro-prefix-map="../src/paho_mqtt/MQTTPacket/src/"= -mcpu=cortex-m3 -mthumb -fstack-usage -MMD -MP -MF"src/paho_mqtt/MQTTPacket/src/MQTTConnectServer.d" -MT"src/paho_mqtt/MQTTPacket/src/MQTTConnectServer.o" -MT"src/paho_mqtt/MQTTPacket/src/MQTTConnectServer.d" -o "src/paho_mqtt/MQTTPacket/src/MQTTConnectServer.o" "../src/paho_mqtt/MQTTPacket/src/MQTTConnectServer.c"
Building file: ../src/paho_mqtt/MQTTPacket/src/MQTTDeserializePublish.c
Building file: ../src/paho_mqtt/MQTTPacket/src/MQTTFormat.c
Invoking: MCU C Compiler
arm-none-eabi-gcc -std=c11 -DDEBUG -D__CODE_RED -D__NEWLIB__ -DCORE_M3 -D__USE_LPCOPEN -DCPP_USE_HEAP -D__LPC15XX__ -I"C:\Users\manishs\Documents\MCUXpressoIDE_11.5.1_7266\workspace\lpc_board_nxp_lpcxpresso_1549\inc" -I"C:\Users\manishs\Documents\MCUXpressoIDE_11.5.1_7266\workspace\lpc_chip_15xx\inc" -O0 -fno-common -g3 -Wall -c -fmessage-length=0 -fno-builtin -ffunction-sections -fdata-sections -fmerge-constants -fmacro-prefix-map="../src/paho_mqtt/MQTTPacket/src/"= -mcpu=cortex-m3 -mthumb -fstack-usage -MMD -MP -MF"src/paho_mqtt/MQTTPacket/src/MQTTDeserializePublish.d" -MT"src/paho_mqtt/MQTTPacket/src/MQTTDeserializePublish.o" -MT"src/paho_mqtt/MQTTPacket/src/MQTTDeserializePublish.d" -o "src/paho_mqtt/MQTTPacket/src/MQTTDeserializePublish.o" "../src/paho_mqtt/MQTTPacket/src/MQTTDeserializePublish.c"
Invoking: MCU C Compiler
arm-none-eabi-gcc -std=c11 -DDEBUG -D__CODE_RED -D__NEWLIB__ -DCORE_M3 -D__USE_LPCOPEN -DCPP_USE_HEAP -D__LPC15XX__ -I"C:\Users\manishs\Documents\MCUXpressoIDE_11.5.1_7266\workspace\lpc_board_nxp_lpcxpresso_1549\inc" -I"C:\Users\manishs\Documents\MCUXpressoIDE_11.5.1_7266\workspace\lpc_chip_15xx\inc" -O0 -fno-common -g3 -Wall -c -fmessage-length=0 -fno-builtin -ffunction-sections -fdata-sections -fmerge-constants -fmacro-prefix-map="../src/paho_mqtt/MQTTPacket/src/"= -mcpu=cortex-m3 -mthumb -fstack-usage -MMD -MP -MF"src/paho_mqtt/MQTTPacket/src/MQTTFormat.d" -MT"src/paho_mqtt/MQTTPacket/src/MQTTFormat.o" -MT"src/paho_mqtt/MQTTPacket/src/MQTTFormat.d" -o "src/paho_mqtt/MQTTPacket/src/MQTTFormat.o" "../src/paho_mqtt/MQTTPacket/src/MQTTFormat.c"
Building file: ../src/paho_mqtt/MQTTPacket/src/MQTTPacket.c
Building file: ../src/paho_mqtt/MQTTPacket/src/MQTTSerializePublish.c
Invoking: MCU C Compiler
Finished building: ../src/paho_mqtt/MQTTPacket/src/MQTTConnectClient.c
Finished building: ../src/paho_mqtt/MQTTPacket/src/MQTTConnectServer.c
arm-none-eabi-gcc -std=c11 -DDEBUG -D__CODE_RED -D__NEWLIB__ -DCORE_M3 -D__USE_LPCOPEN -DCPP_USE_HEAP -D__LPC15XX__ -I"C:\Users\manishs\Documents\MCUXpressoIDE_11.5.1_7266\workspace\lpc_board_nxp_lpcxpresso_1549\inc" -I"C:\Users\manishs\Documents\MCUXpressoIDE_11.5.1_7266\workspace\lpc_chip_15xx\inc" -O0 -fno-common -g3 -Wall -c -fmessage-length=0 -fno-builtin -ffunction-sections -fdata-sections -fmerge-constants -fmacro-prefix-map="../src/paho_mqtt/MQTTPacket/src/"= -mcpu=cortex-m3 -mthumb -fstack-usage -MMD -MP -MF"src/paho_mqtt/MQTTPacket/src/MQTTPacket.d" -MT"src/paho_mqtt/MQTTPacket/src/MQTTPacket.o" -MT"src/paho_mqtt/MQTTPacket/src/MQTTPacket.d" -o "src/paho_mqtt/MQTTPacket/src/MQTTPacket.o" "../src/paho_mqtt/MQTTPacket/src/MQTTPacket.c"
Invoking: MCU C Compiler
 
 
Finished building: ../src/paho_mqtt/MQTTPacket/src/MQTTDeserializePublish.c
arm-none-eabi-gcc -std=c11 -DDEBUG -D__CODE_RED -D__NEWLIB__ -DCORE_M3 -D__USE_LPCOPEN -DCPP_USE_HEAP -D__LPC15XX__ -I"C:\Users\manishs\Documents\MCUXpressoIDE_11.5.1_7266\workspace\lpc_board_nxp_lpcxpresso_1549\inc" -I"C:\Users\manishs\Documents\MCUXpressoIDE_11.5.1_7266\workspace\lpc_chip_15xx\inc" -O0 -fno-common -g3 -Wall -c -fmessage-length=0 -fno-builtin -ffunction-sections -fdata-sections -fmerge-constants -fmacro-prefix-map="../src/paho_mqtt/MQTTPacket/src/"= -mcpu=cortex-m3 -mthumb -fstack-usage -MMD -MP -MF"src/paho_mqtt/MQTTPacket/src/MQTTSerializePublish.d" -MT"src/paho_mqtt/MQTTPacket/src/MQTTSerializePublish.o" -MT"src/paho_mqtt/MQTTPacket/src/MQTTSerializePublish.d" -o "src/paho_mqtt/MQTTPacket/src/MQTTSerializePublish.o" "../src/paho_mqtt/MQTTPacket/src/MQTTSerializePublish.c"
Finished building: ../src/paho_mqtt/MQTTPacket/src/MQTTFormat.c
 
 
Building file: ../src/paho_mqtt/MQTTPacket/src/MQTTSubscribeClient.c
Building file: ../src/paho_mqtt/MQTTPacket/src/MQTTSubscribeServer.c
Invoking: MCU C Compiler
Finished building: ../src/paho_mqtt/MQTTPacket/src/MQTTPacket.c
arm-none-eabi-gcc -std=c11 -DDEBUG -D__CODE_RED -D__NEWLIB__ -DCORE_M3 -D__USE_LPCOPEN -DCPP_USE_HEAP -D__LPC15XX__ -I"C:\Users\manishs\Documents\MCUXpressoIDE_11.5.1_7266\workspace\lpc_board_nxp_lpcxpresso_1549\inc" -I"C:\Users\manishs\Documents\MCUXpressoIDE_11.5.1_7266\workspace\lpc_chip_15xx\inc" -O0 -fno-common -g3 -Wall -c -fmessage-length=0 -fno-builtin -ffunction-sections -fdata-sections -fmerge-constants -fmacro-prefix-map="../src/paho_mqtt/MQTTPacket/src/"= -mcpu=cortex-m3 -mthumb -fstack-usage -MMD -MP -MF"src/paho_mqtt/MQTTPacket/src/MQTTSubscribeClient.d" -MT"src/paho_mqtt/MQTTPacket/src/MQTTSubscribeClient.o" -MT"src/paho_mqtt/MQTTPacket/src/MQTTSubscribeClient.d" -o "src/paho_mqtt/MQTTPacket/src/MQTTSubscribeClient.o" "../src/paho_mqtt/MQTTPacket/src/MQTTSubscribeClient.c"
Invoking: MCU C Compiler
arm-none-eabi-gcc -std=c11 -DDEBUG -D__CODE_RED -D__NEWLIB__ -DCORE_M3 -D__USE_LPCOPEN -DCPP_USE_HEAP -D__LPC15XX__ -I"C:\Users\manishs\Documents\MCUXpressoIDE_11.5.1_7266\workspace\lpc_board_nxp_lpcxpresso_1549\inc" -I"C:\Users\manishs\Documents\MCUXpressoIDE_11.5.1_7266\workspace\lpc_chip_15xx\inc" -O0 -fno-common -g3 -Wall -c -fmessage-length=0 -fno-builtin -ffunction-sections -fdata-sections -fmerge-constants -fmacro-prefix-map="../src/paho_mqtt/MQTTPacket/src/"= -mcpu=cortex-m3 -mthumb -fstack-usage -MMD -MP -MF"src/paho_mqtt/MQTTPacket/src/MQTTSubscribeServer.d" -MT"src/paho_mqtt/MQTTPacket/src/MQTTSubscribeServer.o" -MT"src/paho_mqtt/MQTTPacket/src/MQTTSubscribeServer.d" -o "src/paho_mqtt/MQTTPacket/src/MQTTSubscribeServer.o" "../src/paho_mqtt/MQTTPacket/src/MQTTSubscribeServer.c"
 
Finished building: ../src/paho_mqtt/MQTTPacket/src/MQTTSerializePublish.c
Building file: ../src/paho_mqtt/MQTTPacket/src/MQTTUnsubscribeClient.c
 
Invoking: MCU C Compiler
arm-none-eabi-gcc -std=c11 -DDEBUG -D__CODE_RED -D__NEWLIB__ -DCORE_M3 -D__USE_LPCOPEN -DCPP_USE_HEAP -D__LPC15XX__ -I"C:\Users\manishs\Documents\MCUXpressoIDE_11.5.1_7266\workspace\lpc_board_nxp_lpcxpresso_1549\inc" -I"C:\Users\manishs\Documents\MCUXpressoIDE_11.5.1_7266\workspace\lpc_chip_15xx\inc" -O0 -fno-common -g3 -Wall -c -fmessage-length=0 -fno-builtin -ffunction-sections -fdata-sections -fmerge-constants -fmacro-prefix-map="../src/paho_mqtt/MQTTPacket/src/"= -mcpu=cortex-m3 -mthumb -fstack-usage -MMD -MP -MF"src/paho_mqtt/MQTTPacket/src/MQTTUnsubscribeClient.d" -MT"src/paho_mqtt/MQTTPacket/src/MQTTUnsubscribeClient.o" -MT"src/paho_mqtt/MQTTPacket/src/MQTTUnsubscribeClient.d" -o "src/paho_mqtt/MQTTPacket/src/MQTTUnsubscribeClient.o" "../src/paho_mqtt/MQTTPacket/src/MQTTUnsubscribeClient.c"
Building file: ../src/paho_mqtt/MQTTPacket/src/MQTTUnsubscribeServer.c
Invoking: MCU C Compiler
Building file: ../src/paho_mqtt/MQTTClient-C/src/MQTTClient.c
arm-none-eabi-gcc -std=c11 -DDEBUG -D__CODE_RED -D__NEWLIB__ -DCORE_M3 -D__USE_LPCOPEN -DCPP_USE_HEAP -D__LPC15XX__ -I"C:\Users\manishs\Documents\MCUXpressoIDE_11.5.1_7266\workspace\lpc_board_nxp_lpcxpresso_1549\inc" -I"C:\Users\manishs\Documents\MCUXpressoIDE_11.5.1_7266\workspace\lpc_chip_15xx\inc" -O0 -fno-common -g3 -Wall -c -fmessage-length=0 -fno-builtin -ffunction-sections -fdata-sections -fmerge-constants -fmacro-prefix-map="../src/paho_mqtt/MQTTPacket/src/"= -mcpu=cortex-m3 -mthumb -fstack-usage -MMD -MP -MF"src/paho_mqtt/MQTTPacket/src/MQTTUnsubscribeServer.d" -MT"src/paho_mqtt/MQTTPacket/src/MQTTUnsubscribeServer.o" -MT"src/paho_mqtt/MQTTPacket/src/MQTTUnsubscribeServer.d" -o "src/paho_mqtt/MQTTPacket/src/MQTTUnsubscribeServer.o" "../src/paho_mqtt/MQTTPacket/src/MQTTUnsubscribeServer.c"
Finished building: ../src/paho_mqtt/MQTTPacket/src/MQTTSubscribeClient.c
Finished building: ../src/paho_mqtt/MQTTPacket/src/MQTTSubscribeServer.c
Invoking: MCU C Compiler
 
arm-none-eabi-gcc -std=c11 -DDEBUG -D__CODE_RED -D__NEWLIB__ -DCORE_M3 -D__USE_LPCOPEN -DCPP_USE_HEAP -D__LPC15XX__ -I"C:\Users\manishs\Documents\MCUXpressoIDE_11.5.1_7266\workspace\lpc_board_nxp_lpcxpresso_1549\inc" -I"C:\Users\manishs\Documents\MCUXpressoIDE_11.5.1_7266\workspace\lpc_chip_15xx\inc" -O0 -fno-common -g3 -Wall -c -fmessage-length=0 -fno-builtin -ffunction-sections -fdata-sections -fmerge-constants -fmacro-prefix-map="../src/paho_mqtt/MQTTClient-C/src/"= -mcpu=cortex-m3 -mthumb -fstack-usage -MMD -MP -MF"src/paho_mqtt/MQTTClient-C/src/MQTTClient.d" -MT"src/paho_mqtt/MQTTClient-C/src/MQTTClient.o" -MT"src/paho_mqtt/MQTTClient-C/src/MQTTClient.d" -o "src/paho_mqtt/MQTTClient-C/src/MQTTClient.o" "../src/paho_mqtt/MQTTClient-C/src/MQTTClient.c"
 
Building file: ../src/mqtt/MQTT_lpc1549.c
Finished building: ../src/paho_mqtt/MQTTPacket/src/MQTTUnsubscribeClient.c
Invoking: MCU C Compiler
arm-none-eabi-gcc -std=c11 -DDEBUG -D__CODE_RED -D__NEWLIB__ -DCORE_M3 -D__USE_LPCOPEN -DCPP_USE_HEAP -D__LPC15XX__ -I"C:\Users\manishs\Documents\MCUXpressoIDE_11.5.1_7266\workspace\lpc_board_nxp_lpcxpresso_1549\inc" -I"C:\Users\manishs\Documents\MCUXpressoIDE_11.5.1_7266\workspace\lpc_chip_15xx\inc" -O0 -fno-common -g3 -Wall -c -fmessage-length=0 -fno-builtin -ffunction-sections -fdata-sections -fmerge-constants -fmacro-prefix-map="../src/mqtt/"= -mcpu=cortex-m3 -mthumb -fstack-usage -MMD -MP -MF"src/mqtt/MQTT_lpc1549.d" -MT"src/mqtt/MQTT_lpc1549.o" -MT"src/mqtt/MQTT_lpc1549.d" -o "src/mqtt/MQTT_lpc1549.o" "../src/mqtt/MQTT_lpc1549.c"
 
Finished building: ../src/paho_mqtt/MQTTPacket/src/MQTTUnsubscribeServer.c
In file included from ../src/paho_mqtt/MQTTClient-C/src/MQTTClient.c:18:
../src/paho_mqtt/MQTTClient-C/src/../../../paho_mqtt/MQTTClient-C/src/MQTTClient.h:77:23: error: unknown type name 'Timer'; did you mean 'timer_t'?
   77 | extern void TimerInit(Timer*);
      |                       ^~~~~
      |                       timer_t
../src/paho_mqtt/MQTTClient-C/src/../../../paho_mqtt/MQTTClient-C/src/MQTTClient.h:78:28: error: unknown type name 'Timer'; did you mean 'timer_t'?
   78 | extern char TimerIsExpired(Timer*);
      |                            ^~~~~
      |                            timer_t
../src/paho_mqtt/MQTTClient-C/src/../../../paho_mqtt/MQTTClient-C/src/MQTTClient.h:79:30: error: unknown type name 'Timer'; did you mean 'timer_t'?
   79 | extern void TimerCountdownMS(Timer*, unsigned int);
      |                              ^~~~~
      |                              timer_t
../src/paho_mqtt/MQTTClient-C/src/../../../paho_mqtt/MQTTClient-C/src/MQTTClient.h:80:28: error: unknown type name 'Timer'; did you mean 'timer_t'?
   80 | extern void TimerCountdown(Timer*, unsigned int);
      |                            ^~~~~
      |                            timer_t
../src/paho_mqtt/MQTTClient-C/src/../../../paho_mqtt/MQTTClient-C/src/MQTTClient.h:81:24: error: unknown type name 'Timer'; did you mean 'timer_t'?
   81 | extern int TimerLeftMS(Timer*);
      |                        ^~~~~
      |                        timer_t
../src/paho_mqtt/MQTTClient-C/src/../../../paho_mqtt/MQTTClient-C/src/MQTTClient.h:133:5: error: unknown type name 'Network'
  133 |     Network* ipstack;
      |     ^~~~~~~
../src/paho_mqtt/MQTTClient-C/src/../../../paho_mqtt/MQTTClient-C/src/MQTTClient.h:134:5: error: unknown type name 'Timer'
  134 |     Timer last_sent, last_received;
      |     ^~~~~
../src/paho_mqtt/MQTTClient-C/src/../../../paho_mqtt/MQTTClient-C/src/MQTTClient.h:151:51: error: unknown type name 'Network'
  151 | DLLExport void MQTTClientInit(MQTTClient* client, Network* network, unsigned int command_timeout_ms,
      |                                                   ^~~~~~~
../src/paho_mqtt/MQTTClient-C/src/MQTTClient.c:34:50: error: unknown type name 'Timer'; did you mean 'timer_t'?
   34 | static int sendPacket(MQTTClient* c, int length, Timer* timer)
Building file: ../src/mqtt/esp8266_socket.c
      |                                                  ^~~~~
      |                                                  timer_t
../src/paho_mqtt/MQTTClient-C/src/MQTTClient.c:68:36: error: unknown type name 'Network'
   68 | void MQTTClientInit(MQTTClient* c, Network* network, unsigned int command_timeout_ms,
      |                                    ^~~~~~~
../src/paho_mqtt/MQTTClient-C/src/MQTTClient.c: In function 'decodePacket':
../src/paho_mqtt/MQTTClient-C/src/MQTTClient.c:111:24: error: request for member 'mqttread' in something not a structure or union
  111 |         rc = c->ipstack->mqttread(c->ipstack, &i, 1, timeout);
      |                        ^~
../src/paho_mqtt/MQTTClient-C/src/MQTTClient.c: At top level:
../src/paho_mqtt/MQTTClient-C/src/MQTTClient.c:122:38: error: unknown type name 'Timer'; did you mean 'timer_t'?
  122 | static int readPacket(MQTTClient* c, Timer* timer)
      |                                      ^~~~~
      |                                      timer_t
../src/paho_mqtt/MQTTClient-C/src/MQTTClient.c: In function 'keepalive':
../src/paho_mqtt/MQTTClient-C/src/MQTTClient.c:245:9: warning: implicit declaration of function 'TimerIsExpired' [-Wimplicit-function-declaration]
  245 |     if (TimerIsExpired(&c->last_sent) || TimerIsExpired(&c->last_received))
      |         ^~~~~~~~~~~~~~
../src/paho_mqtt/MQTTClient-C/src/MQTTClient.c:251:13: error: unknown type name 'Timer'; did you mean 'timer_t'?
  251 |             Timer timer;
      |             ^~~~~
      |             timer_t
../src/paho_mqtt/MQTTClient-C/src/MQTTClient.c:252:13: warning: implicit declaration of function 'TimerInit' [-Wimplicit-function-declaration]
  252 |             TimerInit(&timer);
      |             ^~~~~~~~~
../src/paho_mqtt/MQTTClient-C/src/MQTTClient.c:253:13: warning: implicit declaration of function 'TimerCountdownMS' [-Wimplicit-function-declaration]
  253 |             TimerCountdownMS(&timer, 1000);
      |             ^~~~~~~~~~~~~~~~
../src/paho_mqtt/MQTTClient-C/src/MQTTClient.c:255:34: warning: implicit declaration of function 'sendPacket'; did you mean 'decodePacket'? [-Wimplicit-function-declaration]
  255 |             if (len > 0 && (rc = sendPacket(c, len, &timer)) == MQTT_SUCCESS) // send the ping packet
      |                                  ^~~~~~~~~~
      |                                  decodePacket
../src/paho_mqtt/MQTTClient-C/src/MQTTClient.c: At top level:
../src/paho_mqtt/MQTTClient-C/src/MQTTClient.c:283:26: error: unknown type name 'Timer'; did you mean 'timer_t'?
  283 | int cycle(MQTTClient* c, Timer* timer)
      |                          ^~~~~
      |                          timer_t
../src/paho_mqtt/MQTTClient-C/src/MQTTClient.c: In function 'MQTTYield':
../src/paho_mqtt/MQTTClient-C/src/MQTTClient.c:370:5: error: unknown type name 'Timer'; did you mean 'timer_t'?
  370 |     Timer timer;
      |     ^~~~~
      |     timer_t
../src/paho_mqtt/MQTTClient-C/src/MQTTClient.c:377:13: warning: implicit declaration of function 'cycle' [-Wimplicit-function-declaration]
  377 |         if (cycle(c, &timer) < 0)
      |             ^~~~~
../src/paho_mqtt/MQTTClient-C/src/MQTTClient.c: In function 'MQTTRun':
../src/paho_mqtt/MQTTClient-C/src/MQTTClient.c:394:2: error: unknown type name 'Timer'; did you mean 'timer_t'?
  394 |  Timer timer;
      |  ^~~~~
      |  timer_t
../src/paho_mqtt/MQTTClient-C/src/MQTTClient.c: At top level:
../src/paho_mqtt/MQTTClient-C/src/MQTTClient.c:422:45: error: unknown type name 'Timer'; did you mean 'timer_t'?
  422 | int waitfor(MQTTClient* c, int packet_type, Timer* timer)
      |                                             ^~~~~
      |                                             timer_t
../src/paho_mqtt/MQTTClient-C/src/MQTTClient.c: In function 'MQTTConnectWithResults':
../src/paho_mqtt/MQTTClient-C/src/MQTTClient.c:442:5: error: unknown type name 'Timer'; did you mean 'timer_t'?
  442 |     Timer connect_timer;
      |     ^~~~~
      |     timer_t
../src/paho_mqtt/MQTTClient-C/src/MQTTClient.c:461:5: warning: implicit declaration of function 'TimerCountdown' [-Wimplicit-function-declaration]
  461 |     TimerCountdown(&c->last_received, c->keepAliveInterval);
      |     ^~~~~~~~~~~~~~
../src/paho_mqtt/MQTTClient-C/src/MQTTClient.c:468:9: warning: implicit declaration of function 'waitfor' [-Wimplicit-function-declaration]
  468 |     if (waitfor(c, CONNACK, &connect_timer) == CONNACK)
      |         ^~~~~~~
../src/paho_mqtt/MQTTClient-C/src/MQTTClient.c: In function 'MQTTSubscribeWithResults':
../src/paho_mqtt/MQTTClient-C/src/MQTTClient.c:548:5: error: unknown type name 'Timer'; did you mean 'timer_t'?
  548 |     Timer timer;
      |     ^~~~~
      |     timer_t
../src/paho_mqtt/MQTTClient-C/src/MQTTClient.c: In function 'MQTTUnsubscribe':
../src/paho_mqtt/MQTTClient-C/src/MQTTClient.c:606:5: error: unknown type name 'Timer'; did you mean 'timer_t'?
  606 |     Timer timer;
      |     ^~~~~
      |     timer_t
../src/paho_mqtt/MQTTClient-C/src/MQTTClient.c: In function 'MQTTPublish':
../src/paho_mqtt/MQTTClient-C/src/MQTTClient.c:650:5: error: unknown type name 'Timer'; did you mean 'timer_t'?
  650 |     Timer timer;
      |     ^~~~~
      |     timer_t
../src/paho_mqtt/MQTTClient-C/src/MQTTClient.c: In function 'MQTTDisconnect':
../src/paho_mqtt/MQTTClient-C/src/MQTTClient.c:712:5: error: unknown type name 'Timer'; did you mean 'timer_t'?
  712 |     Timer timer;     // we might wait for incomplete incoming publishes to complete
      |     ^~~~~
      |     timer_t
At top level:
../src/paho_mqtt/MQTTClient-C/src/MQTTClient.c:94:12: warning: 'decodePacket' defined but not used [-Wunused-function]
   94 | static int decodePacket(MQTTClient* c, int* value, int timeout)
      |            ^~~~~~~~~~~~
make[1]: *** [src/paho_mqtt/MQTTClient-C/src/subdir.mk:20: src/paho_mqtt/MQTTClient-C/src/MQTTClient.o] Error 1
make[1]: *** Waiting for unfinished jobs....
 
Invoking: MCU C Compiler
arm-none-eabi-gcc -std=c11 -DDEBUG -D__CODE_RED -D__NEWLIB__ -DCORE_M3 -D__USE_LPCOPEN -DCPP_USE_HEAP -D__LPC15XX__ -I"C:\Users\manishs\Documents\MCUXpressoIDE_11.5.1_7266\workspace\lpc_board_nxp_lpcxpresso_1549\inc" -I"C:\Users\manishs\Documents\MCUXpressoIDE_11.5.1_7266\workspace\lpc_chip_15xx\inc" -O0 -fno-common -g3 -Wall -c -fmessage-length=0 -fno-builtin -ffunction-sections -fdata-sections -fmerge-constants -fmacro-prefix-map="../src/mqtt/"= -mcpu=cortex-m3 -mthumb -fstack-usage -MMD -MP -MF"src/mqtt/esp8266_socket.d" -MT"src/mqtt/esp8266_socket.o" -MT"src/mqtt/esp8266_socket.d" -o "src/mqtt/esp8266_socket.o" "../src/mqtt/esp8266_socket.c"
../src/mqtt/MQTT_lpc1549.c:21:10: fatal error: systick.h: No such file or directory
   21 | #include "systick.h"
      |          ^~~~~~~~~~~
compilation terminated.
make[1]: *** [src/mqtt/subdir.mk:30: src/mqtt/MQTT_lpc1549.o] Error 1
Finished building: ../src/mqtt/esp8266_socket.c
 
make: *** [makefile:57: all] Error 2
"make -r -j8 all" terminated with exit code 2. Build might be incomplete.
22:07:01 **** Incremental Build of configuration Debug for project lpc_board_nxp_lpcxpresso_1549 ****
make -r -j8 all 
make[1]: Nothing to be done for 'main-build'.
Performing post-build steps
arm-none-eabi-size "liblpc_board_nxp_lpcxpresso_1549.a" ; # arm-none-eabi-objdump -h -S "liblpc_board_nxp_lpcxpresso_1549.a" >"liblpc_board_nxp_lpcxpresso_1549.lss"
   text	   data	    bss	    dec	    hex	filename
   1313	      0	      0	   1313	    521	board.o (ex liblpc_board_nxp_lpcxpresso_1549.a)
    574	      0	      0	    574	    23e	board_sysinit.o (ex liblpc_board_nxp_lpcxpresso_1549.a)
 
22:07:02 **** Incremental Build of configuration Debug for project lpc_chip_15xx ****
make -r -j8 all 
make[1]: Nothing to be done for 'main-build'.
Performing post-build steps
arm-none-eabi-size "liblpc_chip_15xx.a" ; # arm-none-eabi-objdump -h -S "liblpc_chip_15xx.a" >"liblpc_chip_15xx.lss"
   text	   data	    bss	    dec	    hex	filename
    610	      0	      0	    610	    262	acmp_15xx.o (ex liblpc_chip_15xx.a)
    790	      0	      0	    790	    316	adc_15xx.o (ex liblpc_chip_15xx.a)
    298	      0	      4	    302	    12e	chip_15xx.o (ex liblpc_chip_15xx.a)
   1700	      0	      0	   1700	    6a4	clock_15xx.o (ex liblpc_chip_15xx.a)
    494	      0	      0	    494	    1ee	crc_15xx.o (ex liblpc_chip_15xx.a)
     60	      0	      0	     60	     3c	dac_15xx.o (ex liblpc_chip_15xx.a)
    294	      0	    288	    582	    246	dma_15xx.o (ex liblpc_chip_15xx.a)
    192	      0	      0	    192	     c0	eeprom.o (ex liblpc_chip_15xx.a)
    684	      0	      0	    684	    2ac	gpio_15xx.o (ex liblpc_chip_15xx.a)
     84	      0	      0	     84	     54	i2c_common_15xx.o (ex liblpc_chip_15xx.a)
    860	      0	      0	    860	    35c	i2cm_15xx.o (ex liblpc_chip_15xx.a)
    450	      0	      0	    450	    1c2	i2cs_15xx.o (ex liblpc_chip_15xx.a)
    598	      0	      0	    598	    256	iap.o (ex liblpc_chip_15xx.a)
    124	      0	      0	    124	     7c	iocon_15xx.o (ex liblpc_chip_15xx.a)
      0	      0	      0	      0	      0	pinint_15xx.o (ex liblpc_chip_15xx.a)
    300	      0	      0	    300	    12c	pmu_15xx.o (ex liblpc_chip_15xx.a)
    962	      0	      0	    962	    3c2	ring_buffer.o (ex liblpc_chip_15xx.a)
    692	      0	      0	    692	    2b4	ritimer_15xx.o (ex liblpc_chip_15xx.a)
      0	      0	      0	      0	      0	rtc_15xx.o (ex liblpc_chip_15xx.a)
    318	      0	      0	    318	    13e	sct_15xx.o (ex liblpc_chip_15xx.a)
    412	      0	      0	    412	    19c	sct_pwm_15xx.o (ex liblpc_chip_15xx.a)
    140	      0	      0	    140	     8c	sctipu_15xx.o (ex liblpc_chip_15xx.a)
   1766	      0	      0	   1766	    6e6	spi_15xx.o (ex liblpc_chip_15xx.a)
    328	      0	     12	    340	    154	stopwatch_15xx.o (ex liblpc_chip_15xx.a)
    356	      0	      0	    356	    164	swm_15xx.o (ex liblpc_chip_15xx.a)
    466	      0	      0	    466	    1d2	sysctl_15xx.o (ex liblpc_chip_15xx.a)
    420	      0	      0	    420	    1a4	sysinit_15xx.o (ex liblpc_chip_15xx.a)
   1116	      0	      0	   1116	    45c	uart_15xx.o (ex liblpc_chip_15xx.a)
    114	      0	      0	    114	     72	wwdt_15xx.o (ex liblpc_chip_15xx.a)
 
22:07:03 **** Incremental Build of configuration Debug for project ventilation_system ****
make -r -j8 all 
Building file: ../src/paho_mqtt/MQTTClient-C/src/MQTTClient.c
Building file: ../src/mqtt/MQTT_lpc1549.c
Invoking: MCU C Compiler
arm-none-eabi-gcc -std=c11 -DDEBUG -D__CODE_RED -D__NEWLIB__ -DCORE_M3 -D__USE_LPCOPEN -DCPP_USE_HEAP -D__LPC15XX__ -I"C:\Users\manishs\Documents\MCUXpressoIDE_11.5.1_7266\workspace\lpc_board_nxp_lpcxpresso_1549\inc" -I"C:\Users\manishs\Documents\MCUXpressoIDE_11.5.1_7266\workspace\lpc_chip_15xx\inc" -O0 -fno-common -g3 -Wall -c -fmessage-length=0 -fno-builtin -ffunction-sections -fdata-sections -fmerge-constants -fmacro-prefix-map="../src/paho_mqtt/MQTTClient-C/src/"= -mcpu=cortex-m3 -mthumb -fstack-usage -MMD -MP -MF"src/paho_mqtt/MQTTClient-C/src/MQTTClient.d" -MT"src/paho_mqtt/MQTTClient-C/src/MQTTClient.o" -MT"src/paho_mqtt/MQTTClient-C/src/MQTTClient.d" -o "src/paho_mqtt/MQTTClient-C/src/MQTTClient.o" "../src/paho_mqtt/MQTTClient-C/src/MQTTClient.c"
Invoking: MCU C Compiler
arm-none-eabi-gcc -std=c11 -DDEBUG -D__CODE_RED -D__NEWLIB__ -DCORE_M3 -D__USE_LPCOPEN -DCPP_USE_HEAP -D__LPC15XX__ -I"C:\Users\manishs\Documents\MCUXpressoIDE_11.5.1_7266\workspace\lpc_board_nxp_lpcxpresso_1549\inc" -I"C:\Users\manishs\Documents\MCUXpressoIDE_11.5.1_7266\workspace\lpc_chip_15xx\inc" -O0 -fno-common -g3 -Wall -c -fmessage-length=0 -fno-builtin -ffunction-sections -fdata-sections -fmerge-constants -fmacro-prefix-map="../src/mqtt/"= -mcpu=cortex-m3 -mthumb -fstack-usage -MMD -MP -MF"src/mqtt/MQTT_lpc1549.d" -MT"src/mqtt/MQTT_lpc1549.o" -MT"src/mqtt/MQTT_lpc1549.d" -o "src/mqtt/MQTT_lpc1549.o" "../src/mqtt/MQTT_lpc1549.c"
Building file: ../src/mqtt/esp8266_socket.c
Building file: ../src/mqtt/serial_port.cpp
Invoking: MCU C Compiler
arm-none-eabi-gcc -std=c11 -DDEBUG -D__CODE_RED -D__NEWLIB__ -DCORE_M3 -D__USE_LPCOPEN -DCPP_USE_HEAP -D__LPC15XX__ -I"C:\Users\manishs\Documents\MCUXpressoIDE_11.5.1_7266\workspace\lpc_board_nxp_lpcxpresso_1549\inc" -I"C:\Users\manishs\Documents\MCUXpressoIDE_11.5.1_7266\workspace\lpc_chip_15xx\inc" -O0 -fno-common -g3 -Wall -c -fmessage-length=0 -fno-builtin -ffunction-sections -fdata-sections -fmerge-constants -fmacro-prefix-map="../src/mqtt/"= -mcpu=cortex-m3 -mthumb -fstack-usage -MMD -MP -MF"src/mqtt/esp8266_socket.d" -MT"src/mqtt/esp8266_socket.o" -MT"src/mqtt/esp8266_socket.d" -o "src/mqtt/esp8266_socket.o" "../src/mqtt/esp8266_socket.c"
Invoking: MCU C++ Compiler
arm-none-eabi-c++ -std=c++11 -DDEBUG -D__CODE_RED -D__NEWLIB__ -DCORE_M3 -D__USE_LPCOPEN -DCPP_USE_HEAP -D__LPC15XX__ -I"C:\Users\manishs\Documents\MCUXpressoIDE_11.5.1_7266\workspace\lpc_board_nxp_lpcxpresso_1549\inc" -I"C:\Users\manishs\Documents\MCUXpressoIDE_11.5.1_7266\workspace\lpc_chip_15xx\inc" -O0 -fno-common -g3 -Wall -c -fmessage-length=0 -fno-builtin -ffunction-sections -fdata-sections -fno-rtti -fno-exceptions -fmerge-constants -fmacro-prefix-map="../src/mqtt/"= -mcpu=cortex-m3 -mthumb -fstack-usage -MMD -MP -MF"src/mqtt/serial_port.d" -MT"src/mqtt/serial_port.o" -MT"src/mqtt/serial_port.d" -o "src/mqtt/serial_port.o" "../src/mqtt/serial_port.cpp"
In file included from ../src/paho_mqtt/MQTTClient-C/src/MQTTClient.c:18:
../src/paho_mqtt/MQTTClient-C/src/../../../paho_mqtt/MQTTClient-C/src/MQTTClient.h:77:23: error: unknown type name 'Timer'; did you mean 'timer_t'?
   77 | extern void TimerInit(Timer*);
      |                       ^~~~~
      |                       timer_t
../src/paho_mqtt/MQTTClient-C/src/../../../paho_mqtt/MQTTClient-C/src/MQTTClient.h:78:28: error: unknown type name 'Timer'; did you mean 'timer_t'?
   78 | extern char TimerIsExpired(Timer*);
      |                            ^~~~~
      |                            timer_t
../src/paho_mqtt/MQTTClient-C/src/../../../paho_mqtt/MQTTClient-C/src/MQTTClient.h:79:30: error: unknown type name 'Timer'; did you mean 'timer_t'?
   79 | extern void TimerCountdownMS(Timer*, unsigned int);
      |                              ^~~~~
      |                              timer_t
../src/paho_mqtt/MQTTClient-C/src/../../../paho_mqtt/MQTTClient-C/src/MQTTClient.h:80:28: error: unknown type name 'Timer'; did you mean 'timer_t'?
   80 | extern void TimerCountdown(Timer*, unsigned int);
      |                            ^~~~~
      |                            timer_t
../src/paho_mqtt/MQTTClient-C/src/../../../paho_mqtt/MQTTClient-C/src/MQTTClient.h:81:24: error: unknown type name 'Timer'; did you mean 'timer_t'?
   81 | extern int TimerLeftMS(Timer*);
      |                        ^~~~~
      |                        timer_t
../src/paho_mqtt/MQTTClient-C/src/../../../paho_mqtt/MQTTClient-C/src/MQTTClient.h:133:5: error: unknown type name 'Network'
  133 |     Network* ipstack;
      |     ^~~~~~~
../src/paho_mqtt/MQTTClient-C/src/../../../paho_mqtt/MQTTClient-C/src/MQTTClient.h:134:5: error: unknown type name 'Timer'
  134 |     Timer last_sent, last_received;
      |     ^~~~~
../src/paho_mqtt/MQTTClient-C/src/../../../paho_mqtt/MQTTClient-C/src/MQTTClient.h:151:51: error: unknown type name 'Network'
  151 | DLLExport void MQTTClientInit(MQTTClient* client, Network* network, unsigned int command_timeout_ms,
      |                                                   ^~~~~~~
../src/paho_mqtt/MQTTClient-C/src/MQTTClient.c:34:50: error: unknown type name 'Timer'; did you mean 'timer_t'?
   34 | static int sendPacket(MQTTClient* c, int length, Timer* timer)
      |                                                  ^~~~~
      |                                                  timer_t
../src/paho_mqtt/MQTTClient-C/src/MQTTClient.c:68:36: error: unknown type name 'Network'
   68 | void MQTTClientInit(MQTTClient* c, Network* network, unsigned int command_timeout_ms,
      |                                    ^~~~~~~
../src/paho_mqtt/MQTTClient-C/src/MQTTClient.c: In function 'decodePacket':
../src/paho_mqtt/MQTTClient-C/src/MQTTClient.c:111:24: error: request for member 'mqttread' in something not a structure or union
  111 |         rc = c->ipstack->mqttread(c->ipstack, &i, 1, timeout);
      |                        ^~
../src/paho_mqtt/MQTTClient-C/src/MQTTClient.c: At top level:
../src/paho_mqtt/MQTTClient-C/src/MQTTClient.c:122:38: error: unknown type name 'Timer'; did you mean 'timer_t'?
  122 | static int readPacket(MQTTClient* c, Timer* timer)
      |                                      ^~~~~
      |                                      timer_t
../src/paho_mqtt/MQTTClient-C/src/MQTTClient.c: In function 'keepalive':
../src/paho_mqtt/MQTTClient-C/src/MQTTClient.c:245:9: warning: implicit declaration of function 'TimerIsExpired' [-Wimplicit-function-declaration]
  245 |     if (TimerIsExpired(&c->last_sent) || TimerIsExpired(&c->last_received))
      |         ^~~~~~~~~~~~~~
../src/paho_mqtt/MQTTClient-C/src/MQTTClient.c:251:13: error: unknown type name 'Timer'; did you mean 'timer_t'?
  251 |             Timer timer;
      |             ^~~~~
      |             timer_t
../src/paho_mqtt/MQTTClient-C/src/MQTTClient.c:252:13: warning: implicit declaration of function 'TimerInit' [-Wimplicit-function-declaration]
  252 |             TimerInit(&timer);
      |             ^~~~~~~~~
../src/paho_mqtt/MQTTClient-C/src/MQTTClient.c:253:13: warning: implicit declaration of function 'TimerCountdownMS' [-Wimplicit-function-declaration]
  253 |             TimerCountdownMS(&timer, 1000);
      |             ^~~~~~~~~~~~~~~~
../src/paho_mqtt/MQTTClient-C/src/MQTTClient.c:255:34: warning: implicit declaration of function 'sendPacket'; did you mean 'decodePacket'? [-Wimplicit-function-declaration]
  255 |             if (len > 0 && (rc = sendPacket(c, len, &timer)) == MQTT_SUCCESS) // send the ping packet
      |                                  ^~~~~~~~~~
      |                                  decodePacket
../src/paho_mqtt/MQTTClient-C/src/MQTTClient.c: At top level:
../src/paho_mqtt/MQTTClient-C/src/MQTTClient.c:283:26: error: unknown type name 'Timer'; did you mean 'timer_t'?
  283 | int cycle(MQTTClient* c, Timer* timer)
      |                          ^~~~~
      |                          timer_t
../src/paho_mqtt/MQTTClient-C/src/MQTTClient.c: In function 'MQTTYield':
../src/paho_mqtt/MQTTClient-C/src/MQTTClient.c:370:5: error: unknown type name 'Timer'; did you mean 'timer_t'?
  370 |     Timer timer;
      |     ^~~~~
      |     timer_t
../src/paho_mqtt/MQTTClient-C/src/MQTTClient.c:377:13: warning: implicit declaration of function 'cycle' [-Wimplicit-function-declaration]
  377 |         if (cycle(c, &timer) < 0)
      |             ^~~~~
../src/paho_mqtt/MQTTClient-C/src/MQTTClient.c: In function 'MQTTRun':
../src/paho_mqtt/MQTTClient-C/src/MQTTClient.c:394:2: error: unknown type name 'Timer'; did you mean 'timer_t'?
  394 |  Timer timer;
      |  ^~~~~
      |  timer_t
../src/paho_mqtt/MQTTClient-C/src/MQTTClient.c: At top level:
../src/paho_mqtt/MQTTClient-C/src/MQTTClient.c:422:45: error: unknown type name 'Timer'; did you mean 'timer_t'?
  422 | int waitfor(MQTTClient* c, int packet_type, Timer* timer)
      |                                             ^~~~~
      |                                             timer_t
../src/paho_mqtt/MQTTClient-C/src/MQTTClient.c: In function 'MQTTConnectWithResults':
../src/paho_mqtt/MQTTClient-C/src/MQTTClient.c:442:5: error: unknown type name 'Timer'; did you mean 'timer_t'?
  442 |     Timer connect_timer;
      |     ^~~~~
      |     timer_t
../src/paho_mqtt/MQTTClient-C/src/MQTTClient.c:461:5: warning: implicit declaration of function 'TimerCountdown' [-Wimplicit-function-declaration]
  461 |     TimerCountdown(&c->last_received, c->keepAliveInterval);
      |     ^~~~~~~~~~~~~~
../src/paho_mqtt/MQTTClient-C/src/MQTTClient.c:468:9: warning: implicit declaration of function 'waitfor' [-Wimplicit-function-declaration]
  468 |     if (waitfor(c, CONNACK, &connect_timer) == CONNACK)
      |         ^~~~~~~
../src/paho_mqtt/MQTTClient-C/src/MQTTClient.c: In function 'MQTTSubscribeWithResults':
../src/paho_mqtt/MQTTClient-C/src/MQTTClient.c:548:5: error: unknown type name 'Timer'; did you mean 'timer_t'?
  548 |     Timer timer;
      |     ^~~~~
      |     timer_t
../src/paho_mqtt/MQTTClient-C/src/MQTTClient.c: In function 'MQTTUnsubscribe':
../src/paho_mqtt/MQTTClient-C/src/MQTTClient.c:606:5: error: unknown type name 'Timer'; did you mean 'timer_t'?
  606 |     Timer timer;
      |     ^~~~~
      |     timer_t
../src/paho_mqtt/MQTTClient-C/src/MQTTClient.c: In function 'MQTTPublish':
../src/paho_mqtt/MQTTClient-C/src/MQTTClient.c:650:5: error: unknown type name 'Timer'; did you mean 'timer_t'?
  650 |     Timer timer;
      |     ^~~~~
      |     timer_t
../src/paho_mqtt/MQTTClient-C/src/MQTTClient.c: In function 'MQTTDisconnect':
../src/paho_mqtt/MQTTClient-C/src/MQTTClient.c:712:5: error: unknown type name 'Timer'; did you mean 'timer_t'?
  712 |     Timer timer;     // we might wait for incomplete incoming publishes to complete
      |     ^~~~~
      |     timer_t
At top level:
../src/paho_mqtt/MQTTClient-C/src/MQTTClient.c:94:12: warning: 'decodePacket' defined but not used [-Wunused-function]
   94 | static int decodePacket(MQTTClient* c, int* value, int timeout)
      |            ^~~~~~~~~~~~
make[1]: *** [src/paho_mqtt/MQTTClient-C/src/subdir.mk:20: src/paho_mqtt/MQTTClient-C/src/MQTTClient.o] Error 1
make[1]: *** Waiting for unfinished jobs....
Building file: ../src/modbus/ModbusMaster.cpp
Invoking: MCU C++ Compiler
arm-none-eabi-c++ -std=c++11 -DDEBUG -D__CODE_RED -D__NEWLIB__ -DCORE_M3 -D__USE_LPCOPEN -DCPP_USE_HEAP -D__LPC15XX__ -I"C:\Users\manishs\Documents\MCUXpressoIDE_11.5.1_7266\workspace\lpc_board_nxp_lpcxpresso_1549\inc" -I"C:\Users\manishs\Documents\MCUXpressoIDE_11.5.1_7266\workspace\lpc_chip_15xx\inc" -O0 -fno-common -g3 -Wall -c -fmessage-length=0 -fno-builtin -ffunction-sections -fdata-sections -fno-rtti -fno-exceptions -fmerge-constants -fmacro-prefix-map="../src/modbus/"= -mcpu=cortex-m3 -mthumb -fstack-usage -MMD -MP -MF"src/modbus/ModbusMaster.d" -MT"src/modbus/ModbusMaster.o" -MT"src/modbus/ModbusMaster.d" -o "src/modbus/ModbusMaster.o" "../src/modbus/ModbusMaster.cpp"
Finished building: ../src/mqtt/MQTT_lpc1549.c
 
../src/mqtt/serial_port.cpp:7:10: fatal error: LpcUart.h: No such file or directory
    7 | #include "LpcUart.h"
      |          ^~~~~~~~~~~
compilation terminated.
make[1]: *** [src/mqtt/subdir.mk:37: src/mqtt/serial_port.o] Error 1
Finished building: ../src/mqtt/esp8266_socket.c
In file included from ../src/modbus/ModbusMaster.h:76,
                 from ../src/modbus/ModbusMaster.cpp:32:
../src/modbus/SerialPort.h:12:10: fatal error: LpcUart.h: No such file or directory
   12 | #include "LpcUart.h"
      |          ^~~~~~~~~~~
compilation terminated.
make[1]: *** [src/modbus/subdir.mk:26: src/modbus/ModbusMaster.o] Error 1
 
make: *** [makefile:57: all] Error 2
"make -r -j8 all" terminated with exit code 2. Build might be incomplete.
22:10:03 **** Incremental Build of configuration Debug for project lpc_board_nxp_lpcxpresso_1549 ****
make -r -j8 all 
make[1]: Nothing to be done for 'main-build'.
Performing post-build steps
arm-none-eabi-size "liblpc_board_nxp_lpcxpresso_1549.a" ; # arm-none-eabi-objdump -h -S "liblpc_board_nxp_lpcxpresso_1549.a" >"liblpc_board_nxp_lpcxpresso_1549.lss"
   text	   data	    bss	    dec	    hex	filename
   1313	      0	      0	   1313	    521	board.o (ex liblpc_board_nxp_lpcxpresso_1549.a)
    574	      0	      0	    574	    23e	board_sysinit.o (ex liblpc_board_nxp_lpcxpresso_1549.a)
 
22:10:03 **** Incremental Build of configuration Debug for project lpc_chip_15xx ****
make -r -j8 all 
make[1]: Nothing to be done for 'main-build'.
Performing post-build steps
arm-none-eabi-size "liblpc_chip_15xx.a" ; # arm-none-eabi-objdump -h -S "liblpc_chip_15xx.a" >"liblpc_chip_15xx.lss"
   text	   data	    bss	    dec	    hex	filename
    610	      0	      0	    610	    262	acmp_15xx.o (ex liblpc_chip_15xx.a)
    790	      0	      0	    790	    316	adc_15xx.o (ex liblpc_chip_15xx.a)
    298	      0	      4	    302	    12e	chip_15xx.o (ex liblpc_chip_15xx.a)
   1700	      0	      0	   1700	    6a4	clock_15xx.o (ex liblpc_chip_15xx.a)
    494	      0	      0	    494	    1ee	crc_15xx.o (ex liblpc_chip_15xx.a)
     60	      0	      0	     60	     3c	dac_15xx.o (ex liblpc_chip_15xx.a)
    294	      0	    288	    582	    246	dma_15xx.o (ex liblpc_chip_15xx.a)
    192	      0	      0	    192	     c0	eeprom.o (ex liblpc_chip_15xx.a)
    684	      0	      0	    684	    2ac	gpio_15xx.o (ex liblpc_chip_15xx.a)
     84	      0	      0	     84	     54	i2c_common_15xx.o (ex liblpc_chip_15xx.a)
    860	      0	      0	    860	    35c	i2cm_15xx.o (ex liblpc_chip_15xx.a)
    450	      0	      0	    450	    1c2	i2cs_15xx.o (ex liblpc_chip_15xx.a)
    598	      0	      0	    598	    256	iap.o (ex liblpc_chip_15xx.a)
    124	      0	      0	    124	     7c	iocon_15xx.o (ex liblpc_chip_15xx.a)
      0	      0	      0	      0	      0	pinint_15xx.o (ex liblpc_chip_15xx.a)
    300	      0	      0	    300	    12c	pmu_15xx.o (ex liblpc_chip_15xx.a)
    962	      0	      0	    962	    3c2	ring_buffer.o (ex liblpc_chip_15xx.a)
    692	      0	      0	    692	    2b4	ritimer_15xx.o (ex liblpc_chip_15xx.a)
      0	      0	      0	      0	      0	rtc_15xx.o (ex liblpc_chip_15xx.a)
    318	      0	      0	    318	    13e	sct_15xx.o (ex liblpc_chip_15xx.a)
    412	      0	      0	    412	    19c	sct_pwm_15xx.o (ex liblpc_chip_15xx.a)
    140	      0	      0	    140	     8c	sctipu_15xx.o (ex liblpc_chip_15xx.a)
   1766	      0	      0	   1766	    6e6	spi_15xx.o (ex liblpc_chip_15xx.a)
    328	      0	     12	    340	    154	stopwatch_15xx.o (ex liblpc_chip_15xx.a)
    356	      0	      0	    356	    164	swm_15xx.o (ex liblpc_chip_15xx.a)
    466	      0	      0	    466	    1d2	sysctl_15xx.o (ex liblpc_chip_15xx.a)
    420	      0	      0	    420	    1a4	sysinit_15xx.o (ex liblpc_chip_15xx.a)
   1116	      0	      0	   1116	    45c	uart_15xx.o (ex liblpc_chip_15xx.a)
    114	      0	      0	    114	     72	wwdt_15xx.o (ex liblpc_chip_15xx.a)
 
22:10:04 **** Incremental Build of configuration Debug for project ventilation_system ****
make -r -j8 all 
Building file: ../src/paho_mqtt/MQTTClient-C/src/MQTTClient.c
Building file: ../src/mqtt/serial_port.cpp
Invoking: MCU C Compiler
arm-none-eabi-gcc -std=c11 -DDEBUG -D__CODE_RED -D__NEWLIB__ -DCORE_M3 -D__USE_LPCOPEN -DCPP_USE_HEAP -D__LPC15XX__ -I"C:\Users\manishs\Documents\MCUXpressoIDE_11.5.1_7266\workspace\lpc_board_nxp_lpcxpresso_1549\inc" -I"C:\Users\manishs\Documents\MCUXpressoIDE_11.5.1_7266\workspace\lpc_chip_15xx\inc" -O0 -fno-common -g3 -Wall -c -fmessage-length=0 -fno-builtin -ffunction-sections -fdata-sections -fmerge-constants -fmacro-prefix-map="../src/paho_mqtt/MQTTClient-C/src/"= -mcpu=cortex-m3 -mthumb -fstack-usage -MMD -MP -MF"src/paho_mqtt/MQTTClient-C/src/MQTTClient.d" -MT"src/paho_mqtt/MQTTClient-C/src/MQTTClient.o" -MT"src/paho_mqtt/MQTTClient-C/src/MQTTClient.d" -o "src/paho_mqtt/MQTTClient-C/src/MQTTClient.o" "../src/paho_mqtt/MQTTClient-C/src/MQTTClient.c"
Invoking: MCU C++ Compiler
arm-none-eabi-c++ -std=c++11 -DDEBUG -D__CODE_RED -D__NEWLIB__ -DCORE_M3 -D__USE_LPCOPEN -DCPP_USE_HEAP -D__LPC15XX__ -I"C:\Users\manishs\Documents\MCUXpressoIDE_11.5.1_7266\workspace\lpc_board_nxp_lpcxpresso_1549\inc" -I"C:\Users\manishs\Documents\MCUXpressoIDE_11.5.1_7266\workspace\lpc_chip_15xx\inc" -O0 -fno-common -g3 -Wall -c -fmessage-length=0 -fno-builtin -ffunction-sections -fdata-sections -fno-rtti -fno-exceptions -fmerge-constants -fmacro-prefix-map="../src/mqtt/"= -mcpu=cortex-m3 -mthumb -fstack-usage -MMD -MP -MF"src/mqtt/serial_port.d" -MT"src/mqtt/serial_port.o" -MT"src/mqtt/serial_port.d" -o "src/mqtt/serial_port.o" "../src/mqtt/serial_port.cpp"
Building file: ../src/modbus/ModbusMaster.cpp
Building file: ../src/modbus/ModbusRegister.cpp
Invoking: MCU C++ Compiler
arm-none-eabi-c++ -std=c++11 -DDEBUG -D__CODE_RED -D__NEWLIB__ -DCORE_M3 -D__USE_LPCOPEN -DCPP_USE_HEAP -D__LPC15XX__ -I"C:\Users\manishs\Documents\MCUXpressoIDE_11.5.1_7266\workspace\lpc_board_nxp_lpcxpresso_1549\inc" -I"C:\Users\manishs\Documents\MCUXpressoIDE_11.5.1_7266\workspace\lpc_chip_15xx\inc" -O0 -fno-common -g3 -Wall -c -fmessage-length=0 -fno-builtin -ffunction-sections -fdata-sections -fno-rtti -fno-exceptions -fmerge-constants -fmacro-prefix-map="../src/modbus/"= -mcpu=cortex-m3 -mthumb -fstack-usage -MMD -MP -MF"src/modbus/ModbusMaster.d" -MT"src/modbus/ModbusMaster.o" -MT"src/modbus/ModbusMaster.d" -o "src/modbus/ModbusMaster.o" "../src/modbus/ModbusMaster.cpp"
Invoking: MCU C++ Compiler
arm-none-eabi-c++ -std=c++11 -DDEBUG -D__CODE_RED -D__NEWLIB__ -DCORE_M3 -D__USE_LPCOPEN -DCPP_USE_HEAP -D__LPC15XX__ -I"C:\Users\manishs\Documents\MCUXpressoIDE_11.5.1_7266\workspace\lpc_board_nxp_lpcxpresso_1549\inc" -I"C:\Users\manishs\Documents\MCUXpressoIDE_11.5.1_7266\workspace\lpc_chip_15xx\inc" -O0 -fno-common -g3 -Wall -c -fmessage-length=0 -fno-builtin -ffunction-sections -fdata-sections -fno-rtti -fno-exceptions -fmerge-constants -fmacro-prefix-map="../src/modbus/"= -mcpu=cortex-m3 -mthumb -fstack-usage -MMD -MP -MF"src/modbus/ModbusRegister.d" -MT"src/modbus/ModbusRegister.o" -MT"src/modbus/ModbusRegister.d" -o "src/modbus/ModbusRegister.o" "../src/modbus/ModbusRegister.cpp"
In file included from ../src/paho_mqtt/MQTTClient-C/src/MQTTClient.c:18:
../src/paho_mqtt/MQTTClient-C/src/../../../paho_mqtt/MQTTClient-C/src/MQTTClient.h:77:23: error: unknown type name 'Timer'; did you mean 'timer_t'?
   77 | extern void TimerInit(Timer*);
      |                       ^~~~~
      |                       timer_t
../src/paho_mqtt/MQTTClient-C/src/../../../paho_mqtt/MQTTClient-C/src/MQTTClient.h:78:28: error: unknown type name 'Timer'; did you mean 'timer_t'?
   78 | extern char TimerIsExpired(Timer*);
      |                            ^~~~~
      |                            timer_t
../src/paho_mqtt/MQTTClient-C/src/../../../paho_mqtt/MQTTClient-C/src/MQTTClient.h:79:30: error: unknown type name 'Timer'; did you mean 'timer_t'?
   79 | extern void TimerCountdownMS(Timer*, unsigned int);
      |                              ^~~~~
      |                              timer_t
../src/paho_mqtt/MQTTClient-C/src/../../../paho_mqtt/MQTTClient-C/src/MQTTClient.h:80:28: error: unknown type name 'Timer'; did you mean 'timer_t'?
   80 | extern void TimerCountdown(Timer*, unsigned int);
      |                            ^~~~~
      |                            timer_t
../src/paho_mqtt/MQTTClient-C/src/../../../paho_mqtt/MQTTClient-C/src/MQTTClient.h:81:24: error: unknown type name 'Timer'; did you mean 'timer_t'?
   81 | extern int TimerLeftMS(Timer*);
      |                        ^~~~~
      |                        timer_t
../src/paho_mqtt/MQTTClient-C/src/../../../paho_mqtt/MQTTClient-C/src/MQTTClient.h:133:5: error: unknown type name 'Network'
  133 |     Network* ipstack;
      |     ^~~~~~~
../src/paho_mqtt/MQTTClient-C/src/../../../paho_mqtt/MQTTClient-C/src/MQTTClient.h:134:5: error: unknown type name 'Timer'
  134 |     Timer last_sent, last_received;
      |     ^~~~~
../src/paho_mqtt/MQTTClient-C/src/../../../paho_mqtt/MQTTClient-C/src/MQTTClient.h:151:51: error: unknown type name 'Network'
  151 | DLLExport void MQTTClientInit(MQTTClient* client, Network* network, unsigned int command_timeout_ms,
      |                                                   ^~~~~~~
../src/paho_mqtt/MQTTClient-C/src/MQTTClient.c:34:50: error: unknown type name 'Timer'; did you mean 'timer_t'?
   34 | static int sendPacket(MQTTClient* c, int length, Timer* timer)
      |                                                  ^~~~~
      |                                                  timer_t
../src/paho_mqtt/MQTTClient-C/src/MQTTClient.c:68:36: error: unknown type name 'Network'
   68 | void MQTTClientInit(MQTTClient* c, Network* network, unsigned int command_timeout_ms,
      |                                    ^~~~~~~
../src/paho_mqtt/MQTTClient-C/src/MQTTClient.c: In function 'decodePacket':
../src/paho_mqtt/MQTTClient-C/src/MQTTClient.c:111:24: error: request for member 'mqttread' in something not a structure or union
  111 |         rc = c->ipstack->mqttread(c->ipstack, &i, 1, timeout);
      |                        ^~
../src/paho_mqtt/MQTTClient-C/src/MQTTClient.c: At top level:
../src/paho_mqtt/MQTTClient-C/src/MQTTClient.c:122:38: error: unknown type name 'Timer'; did you mean 'timer_t'?
  122 | static int readPacket(MQTTClient* c, Timer* timer)
      |                                      ^~~~~
      |                                      timer_t
../src/paho_mqtt/MQTTClient-C/src/MQTTClient.c: In function 'keepalive':
../src/paho_mqtt/MQTTClient-C/src/MQTTClient.c:245:9: warning: implicit declaration of function 'TimerIsExpired' [-Wimplicit-function-declaration]
  245 |     if (TimerIsExpired(&c->last_sent) || TimerIsExpired(&c->last_received))
      |         ^~~~~~~~~~~~~~
../src/paho_mqtt/MQTTClient-C/src/MQTTClient.c:251:13: error: unknown type name 'Timer'; did you mean 'timer_t'?
  251 |             Timer timer;
      |             ^~~~~
      |             timer_t
../src/paho_mqtt/MQTTClient-C/src/MQTTClient.c:252:13: warning: implicit declaration of function 'TimerInit' [-Wimplicit-function-declaration]
  252 |             TimerInit(&timer);
      |             ^~~~~~~~~
../src/paho_mqtt/MQTTClient-C/src/MQTTClient.c:253:13: warning: implicit declaration of function 'TimerCountdownMS' [-Wimplicit-function-declaration]
  253 |             TimerCountdownMS(&timer, 1000);
      |             ^~~~~~~~~~~~~~~~
../src/paho_mqtt/MQTTClient-C/src/MQTTClient.c:255:34: warning: implicit declaration of function 'sendPacket'; did you mean 'decodePacket'? [-Wimplicit-function-declaration]
  255 |             if (len > 0 && (rc = sendPacket(c, len, &timer)) == MQTT_SUCCESS) // send the ping packet
      |                                  ^~~~~~~~~~
      |                                  decodePacket
../src/paho_mqtt/MQTTClient-C/src/MQTTClient.c: At top level:
../src/paho_mqtt/MQTTClient-C/src/MQTTClient.c:283:26: error: unknown type name 'Timer'; did you mean 'timer_t'?
  283 | int cycle(MQTTClient* c, Timer* timer)
      |                          ^~~~~
      |                          timer_t
../src/paho_mqtt/MQTTClient-C/src/MQTTClient.c: In function 'MQTTYield':
../src/paho_mqtt/MQTTClient-C/src/MQTTClient.c:370:5: error: unknown type name 'Timer'; did you mean 'timer_t'?
  370 |     Timer timer;
      |     ^~~~~
      |     timer_t
../src/paho_mqtt/MQTTClient-C/src/MQTTClient.c:377:13: warning: implicit declaration of function 'cycle' [-Wimplicit-function-declaration]
  377 |         if (cycle(c, &timer) < 0)
      |             ^~~~~
../src/paho_mqtt/MQTTClient-C/src/MQTTClient.c: In function 'MQTTRun':
../src/paho_mqtt/MQTTClient-C/src/MQTTClient.c:394:2: error: unknown type name 'Timer'; did you mean 'timer_t'?
  394 |  Timer timer;
      |  ^~~~~
      |  timer_t
../src/paho_mqtt/MQTTClient-C/src/MQTTClient.c: At top level:
../src/paho_mqtt/MQTTClient-C/src/MQTTClient.c:422:45: error: unknown type name 'Timer'; did you mean 'timer_t'?
  422 | int waitfor(MQTTClient* c, int packet_type, Timer* timer)
      |                                             ^~~~~
      |                                             timer_t
../src/paho_mqtt/MQTTClient-C/src/MQTTClient.c: In function 'MQTTConnectWithResults':
../src/paho_mqtt/MQTTClient-C/src/MQTTClient.c:442:5: error: unknown type name 'Timer'; did you mean 'timer_t'?
  442 |     Timer connect_timer;
      |     ^~~~~
      |     timer_t
../src/paho_mqtt/MQTTClient-C/src/MQTTClient.c:461:5: warning: implicit declaration of function 'TimerCountdown' [-Wimplicit-function-declaration]
  461 |     TimerCountdown(&c->last_received, c->keepAliveInterval);
      |     ^~~~~~~~~~~~~~
../src/paho_mqtt/MQTTClient-C/src/MQTTClient.c:468:9: warning: implicit declaration of function 'waitfor' [-Wimplicit-function-declaration]
  468 |     if (waitfor(c, CONNACK, &connect_timer) == CONNACK)
      |         ^~~~~~~
../src/paho_mqtt/MQTTClient-C/src/MQTTClient.c: In function 'MQTTSubscribeWithResults':
../src/paho_mqtt/MQTTClient-C/src/MQTTClient.c:548:5: error: unknown type name 'Timer'; did you mean 'timer_t'?
  548 |     Timer timer;
      |     ^~~~~
      |     timer_t
../src/paho_mqtt/MQTTClient-C/src/MQTTClient.c: In function 'MQTTUnsubscribe':
../src/paho_mqtt/MQTTClient-C/src/MQTTClient.c:606:5: error: unknown type name 'Timer'; did you mean 'timer_t'?
  606 |     Timer timer;
      |     ^~~~~
      |     timer_t
../src/paho_mqtt/MQTTClient-C/src/MQTTClient.c: In function 'MQTTPublish':
../src/paho_mqtt/MQTTClient-C/src/MQTTClient.c:650:5: error: unknown type name 'Timer'; did you mean 'timer_t'?
  650 |     Timer timer;
      |     ^~~~~
      |     timer_t
../src/paho_mqtt/MQTTClient-C/src/MQTTClient.c: In function 'MQTTDisconnect':
../src/paho_mqtt/MQTTClient-C/src/MQTTClient.c:712:5: error: unknown type name 'Timer'; did you mean 'timer_t'?
  712 |     Timer timer;     // we might wait for incomplete incoming publishes to complete
      |     ^~~~~
      |     timer_t
At top level:
../src/paho_mqtt/MQTTClient-C/src/MQTTClient.c:94:12: warning: 'decodePacket' defined but not used [-Wunused-function]
   94 | static int decodePacket(MQTTClient* c, int* value, int timeout)
      |            ^~~~~~~~~~~~
make[1]: *** [src/paho_mqtt/MQTTClient-C/src/subdir.mk:20: src/paho_mqtt/MQTTClient-C/src/MQTTClient.o] Error 1
make[1]: *** Waiting for unfinished jobs....
Building file: ../src/modbus/SerialPort.cpp
Invoking: MCU C++ Compiler
arm-none-eabi-c++ -std=c++11 -DDEBUG -D__CODE_RED -D__NEWLIB__ -DCORE_M3 -D__USE_LPCOPEN -DCPP_USE_HEAP -D__LPC15XX__ -I"C:\Users\manishs\Documents\MCUXpressoIDE_11.5.1_7266\workspace\lpc_board_nxp_lpcxpresso_1549\inc" -I"C:\Users\manishs\Documents\MCUXpressoIDE_11.5.1_7266\workspace\lpc_chip_15xx\inc" -O0 -fno-common -g3 -Wall -c -fmessage-length=0 -fno-builtin -ffunction-sections -fdata-sections -fno-rtti -fno-exceptions -fmerge-constants -fmacro-prefix-map="../src/modbus/"= -mcpu=cortex-m3 -mthumb -fstack-usage -MMD -MP -MF"src/modbus/SerialPort.d" -MT"src/modbus/SerialPort.o" -MT"src/modbus/SerialPort.d" -o "src/modbus/SerialPort.o" "../src/modbus/SerialPort.cpp"
Finished building: ../src/mqtt/serial_port.cpp
In file included from ../src/modbus/ModbusMaster.h:76,
                 from ../src/modbus/ModbusMaster.cpp:32:
../src/modbus/SerialPort.h:12:10: fatal error: LpcUart.h: No such file or directory
   12 | #include "LpcUart.h"
      |          ^~~~~~~~~~~
compilation terminated.
make[1]: *** [src/modbus/subdir.mk:26: src/modbus/ModbusMaster.o] Error 1
 
In file included from ../src/modbus/ModbusMaster.h:76,
                 from ../src/modbus/ModbusRegister.h:11,
                 from ../src/modbus/ModbusRegister.cpp:8:
../src/modbus/SerialPort.h:12:10: fatal error: LpcUart.h: No such file or directory
   12 | #include "LpcUart.h"
      |          ^~~~~~~~~~~
compilation terminated.
make[1]: *** [src/modbus/subdir.mk:26: src/modbus/ModbusRegister.o] Error 1
In file included from ../src/modbus/SerialPort.cpp:7:
../src/modbus/SerialPort.h:12:10: fatal error: LpcUart.h: No such file or directory
   12 | #include "LpcUart.h"
      |          ^~~~~~~~~~~
compilation terminated.
make[1]: *** [src/modbus/subdir.mk:26: src/modbus/SerialPort.o] Error 1
make: *** [makefile:57: all] Error 2
"make -r -j8 all" terminated with exit code 2. Build might be incomplete.
22:10:28 **** Incremental Build of configuration Debug for project lpc_board_nxp_lpcxpresso_1549 ****
make -r -j8 all 
make[1]: Nothing to be done for 'main-build'.
Performing post-build steps
arm-none-eabi-size "liblpc_board_nxp_lpcxpresso_1549.a" ; # arm-none-eabi-objdump -h -S "liblpc_board_nxp_lpcxpresso_1549.a" >"liblpc_board_nxp_lpcxpresso_1549.lss"
   text	   data	    bss	    dec	    hex	filename
   1313	      0	      0	   1313	    521	board.o (ex liblpc_board_nxp_lpcxpresso_1549.a)
    574	      0	      0	    574	    23e	board_sysinit.o (ex liblpc_board_nxp_lpcxpresso_1549.a)
 
22:10:29 **** Incremental Build of configuration Debug for project lpc_chip_15xx ****
make -r -j8 all 
make[1]: Nothing to be done for 'main-build'.
Performing post-build steps
arm-none-eabi-size "liblpc_chip_15xx.a" ; # arm-none-eabi-objdump -h -S "liblpc_chip_15xx.a" >"liblpc_chip_15xx.lss"
   text	   data	    bss	    dec	    hex	filename
    610	      0	      0	    610	    262	acmp_15xx.o (ex liblpc_chip_15xx.a)
    790	      0	      0	    790	    316	adc_15xx.o (ex liblpc_chip_15xx.a)
    298	      0	      4	    302	    12e	chip_15xx.o (ex liblpc_chip_15xx.a)
   1700	      0	      0	   1700	    6a4	clock_15xx.o (ex liblpc_chip_15xx.a)
    494	      0	      0	    494	    1ee	crc_15xx.o (ex liblpc_chip_15xx.a)
     60	      0	      0	     60	     3c	dac_15xx.o (ex liblpc_chip_15xx.a)
    294	      0	    288	    582	    246	dma_15xx.o (ex liblpc_chip_15xx.a)
    192	      0	      0	    192	     c0	eeprom.o (ex liblpc_chip_15xx.a)
    684	      0	      0	    684	    2ac	gpio_15xx.o (ex liblpc_chip_15xx.a)
     84	      0	      0	     84	     54	i2c_common_15xx.o (ex liblpc_chip_15xx.a)
    860	      0	      0	    860	    35c	i2cm_15xx.o (ex liblpc_chip_15xx.a)
    450	      0	      0	    450	    1c2	i2cs_15xx.o (ex liblpc_chip_15xx.a)
    598	      0	      0	    598	    256	iap.o (ex liblpc_chip_15xx.a)
    124	      0	      0	    124	     7c	iocon_15xx.o (ex liblpc_chip_15xx.a)
      0	      0	      0	      0	      0	pinint_15xx.o (ex liblpc_chip_15xx.a)
    300	      0	      0	    300	    12c	pmu_15xx.o (ex liblpc_chip_15xx.a)
    962	      0	      0	    962	    3c2	ring_buffer.o (ex liblpc_chip_15xx.a)
    692	      0	      0	    692	    2b4	ritimer_15xx.o (ex liblpc_chip_15xx.a)
      0	      0	      0	      0	      0	rtc_15xx.o (ex liblpc_chip_15xx.a)
    318	      0	      0	    318	    13e	sct_15xx.o (ex liblpc_chip_15xx.a)
    412	      0	      0	    412	    19c	sct_pwm_15xx.o (ex liblpc_chip_15xx.a)
    140	      0	      0	    140	     8c	sctipu_15xx.o (ex liblpc_chip_15xx.a)
   1766	      0	      0	   1766	    6e6	spi_15xx.o (ex liblpc_chip_15xx.a)
    328	      0	     12	    340	    154	stopwatch_15xx.o (ex liblpc_chip_15xx.a)
    356	      0	      0	    356	    164	swm_15xx.o (ex liblpc_chip_15xx.a)
    466	      0	      0	    466	    1d2	sysctl_15xx.o (ex liblpc_chip_15xx.a)
    420	      0	      0	    420	    1a4	sysinit_15xx.o (ex liblpc_chip_15xx.a)
   1116	      0	      0	   1116	    45c	uart_15xx.o (ex liblpc_chip_15xx.a)
    114	      0	      0	    114	     72	wwdt_15xx.o (ex liblpc_chip_15xx.a)
 
22:10:29 **** Incremental Build of configuration Debug for project ventilation_system ****
make -r -j8 all 
Building file: ../src/paho_mqtt/MQTTClient-C/src/MQTTClient.c
Building file: ../src/modbus/ModbusMaster.cpp
Invoking: MCU C Compiler
arm-none-eabi-gcc -std=c11 -DDEBUG -D__CODE_RED -D__NEWLIB__ -DCORE_M3 -D__USE_LPCOPEN -DCPP_USE_HEAP -D__LPC15XX__ -I"C:\Users\manishs\Documents\MCUXpressoIDE_11.5.1_7266\workspace\lpc_board_nxp_lpcxpresso_1549\inc" -I"C:\Users\manishs\Documents\MCUXpressoIDE_11.5.1_7266\workspace\lpc_chip_15xx\inc" -O0 -fno-common -g3 -Wall -c -fmessage-length=0 -fno-builtin -ffunction-sections -fdata-sections -fmerge-constants -fmacro-prefix-map="../src/paho_mqtt/MQTTClient-C/src/"= -mcpu=cortex-m3 -mthumb -fstack-usage -MMD -MP -MF"src/paho_mqtt/MQTTClient-C/src/MQTTClient.d" -MT"src/paho_mqtt/MQTTClient-C/src/MQTTClient.o" -MT"src/paho_mqtt/MQTTClient-C/src/MQTTClient.d" -o "src/paho_mqtt/MQTTClient-C/src/MQTTClient.o" "../src/paho_mqtt/MQTTClient-C/src/MQTTClient.c"
Invoking: MCU C++ Compiler
[...]
    192	      0	      0	    192	     c0	eeprom.o (ex liblpc_chip_15xx.a)
    684	      0	      0	    684	    2ac	gpio_15xx.o (ex liblpc_chip_15xx.a)
     84	      0	      0	     84	     54	i2c_common_15xx.o (ex liblpc_chip_15xx.a)
    860	      0	      0	    860	    35c	i2cm_15xx.o (ex liblpc_chip_15xx.a)
    450	      0	      0	    450	    1c2	i2cs_15xx.o (ex liblpc_chip_15xx.a)
    598	      0	      0	    598	    256	iap.o (ex liblpc_chip_15xx.a)
    124	      0	      0	    124	     7c	iocon_15xx.o (ex liblpc_chip_15xx.a)
      0	      0	      0	      0	      0	pinint_15xx.o (ex liblpc_chip_15xx.a)
    300	      0	      0	    300	    12c	pmu_15xx.o (ex liblpc_chip_15xx.a)
    962	      0	      0	    962	    3c2	ring_buffer.o (ex liblpc_chip_15xx.a)
    692	      0	      0	    692	    2b4	ritimer_15xx.o (ex liblpc_chip_15xx.a)
      0	      0	      0	      0	      0	rtc_15xx.o (ex liblpc_chip_15xx.a)
    318	      0	      0	    318	    13e	sct_15xx.o (ex liblpc_chip_15xx.a)
    412	      0	      0	    412	    19c	sct_pwm_15xx.o (ex liblpc_chip_15xx.a)
    140	      0	      0	    140	     8c	sctipu_15xx.o (ex liblpc_chip_15xx.a)
   1766	      0	      0	   1766	    6e6	spi_15xx.o (ex liblpc_chip_15xx.a)
    328	      0	     12	    340	    154	stopwatch_15xx.o (ex liblpc_chip_15xx.a)
    356	      0	      0	    356	    164	swm_15xx.o (ex liblpc_chip_15xx.a)
    466	      0	      0	    466	    1d2	sysctl_15xx.o (ex liblpc_chip_15xx.a)
    420	      0	      0	    420	    1a4	sysinit_15xx.o (ex liblpc_chip_15xx.a)
   1116	      0	      0	   1116	    45c	uart_15xx.o (ex liblpc_chip_15xx.a)
    114	      0	      0	    114	     72	wwdt_15xx.o (ex liblpc_chip_15xx.a)
 
15:56:41 **** Incremental Build of configuration Debug for project ventilation_system ****
make -r -j8 all 
Building file: ../src/main.cpp
Invoking: MCU C++ Compiler
arm-none-eabi-c++ -std=c++11 -DDEBUG -D__CODE_RED -D__NEWLIB__ -DCORE_M3 -D__USE_LPCOPEN -DCPP_USE_HEAP -D__LPC15XX__ -I"C:\Users\manishs\Documents\MCUXpressoIDE_11.5.1_7266\workspace\lpc_board_nxp_lpcxpresso_1549\inc" -I"C:\Users\manishs\Documents\MCUXpressoIDE_11.5.1_7266\workspace\lpc_chip_15xx\inc" -O0 -fno-common -g3 -Wall -c -fmessage-length=0 -fno-builtin -ffunction-sections -fdata-sections -fno-rtti -fno-exceptions -fmerge-constants -fmacro-prefix-map="../src/"= -mcpu=cortex-m3 -mthumb -fstack-usage -MMD -MP -MF"src/main.d" -MT"src/main.o" -MT"src/main.d" -o "src/main.o" "../src/main.cpp"
../src/main.cpp: In function 'int main()':
../src/main.cpp:233:7: warning: unused variable 'buffer' [-Wunused-variable]
  233 |  char buffer[130];
      |       ^~~~~~
../src/main.cpp:241:6: warning: variable 'current_pressure' set but not used [-Wunused-but-set-variable]
  241 |  int current_pressure = 0;
      |      ^~~~~~~~~~~~~~~~
Finished building: ../src/main.cpp
 
Building target: ventilation_system.axf
Invoking: MCU C++ Linker
arm-none-eabi-c++ -nostdlib -L"C:\Users\manishs\Documents\MCUXpressoIDE_11.5.1_7266\workspace\lpc_board_nxp_lpcxpresso_1549\Debug" -L"C:\Users\manishs\Documents\MCUXpressoIDE_11.5.1_7266\workspace\lpc_chip_15xx\Debug" -Xlinker -Map="ventilation_system.map" -Xlinker --cref -Xlinker --gc-sections -Xlinker -print-memory-usage -mcpu=cortex-m3 -mthumb -T "ventilation_system_Debug.ld" -o "ventilation_system.axf"  ./src/paho_mqtt/MQTTPacket/src/MQTTConnectClient.o ./src/paho_mqtt/MQTTPacket/src/MQTTConnectServer.o ./src/paho_mqtt/MQTTPacket/src/MQTTDeserializePublish.o ./src/paho_mqtt/MQTTPacket/src/MQTTFormat.o ./src/paho_mqtt/MQTTPacket/src/MQTTPacket.o ./src/paho_mqtt/MQTTPacket/src/MQTTSerializePublish.o ./src/paho_mqtt/MQTTPacket/src/MQTTSubscribeClient.o ./src/paho_mqtt/MQTTPacket/src/MQTTSubscribeServer.o ./src/paho_mqtt/MQTTPacket/src/MQTTUnsubscribeClient.o ./src/paho_mqtt/MQTTPacket/src/MQTTUnsubscribeServer.o  ./src/paho_mqtt/MQTTClient-C/src/MQTTClient.o  ./src/mqtt/MQTT_lpc1549.o ./src/mqtt/esp8266_socket.o ./src/mqtt/serial_port.o  ./src/modbus/ModbusMaster.o ./src/modbus/ModbusRegister.o ./src/modbus/SerialPort.o  ./src/DigitalIoPin.o ./src/I2C.o ./src/Imutex.o ./src/IntegerEdit.o ./src/LiquidCrystal.o ./src/LpcUart.o ./src/MenuItem.o ./src/ModeEdit.o ./src/SimpleMenu.o ./src/cr_cpp_config.o ./src/cr_startup_lpc15xx.o ./src/crp.o ./src/main.o ./src/retarget_uart.o ./src/socket_mqtt.o ./src/sysinit.o   -llpc_board_nxp_lpcxpresso_1549 -llpc_chip_15xx
Memory region         Used Size  Region Size  %age Used
       MFlash256:       74188 B       256 KB     28.30%
      Ram0_16_32:        2676 B        32 KB      8.17%
          Ram2_4:          0 GB         4 KB      0.00%
Finished building target: ventilation_system.axf
 
Performing post-build steps
arm-none-eabi-size "ventilation_system.axf"; # arm-none-eabi-objcopy -v -O binary "ventilation_system.axf" "ventilation_system.bin" ; # checksum -p LPC1549 -d "ventilation_system.bin";
   text	   data	    bss	    dec	    hex	filename
  71704	   2484	    192	  74380	  1228c	ventilation_system.axf
 
15:56:47 **** Incremental Build of configuration Debug for project ventilation_system ****
make -r -j8 all 
make[1]: Nothing to be done for 'main-build'.
Performing post-build steps
arm-none-eabi-size "ventilation_system.axf"; # arm-none-eabi-objcopy -v -O binary "ventilation_system.axf" "ventilation_system.bin" ; # checksum -p LPC1549 -d "ventilation_system.bin";
   text	   data	    bss	    dec	    hex	filename
  71704	   2484	    192	  74380	  1228c	ventilation_system.axf
 
16:01:11 **** Incremental Build of configuration Debug for project ventilation_system ****
make -r -j8 all 
Building file: ../src/main.cpp
Invoking: MCU C++ Compiler
arm-none-eabi-c++ -std=c++11 -DDEBUG -D__CODE_RED -D__NEWLIB__ -DCORE_M3 -D__USE_LPCOPEN -DCPP_USE_HEAP -D__LPC15XX__ -I"C:\Users\manishs\Documents\MCUXpressoIDE_11.5.1_7266\workspace\lpc_board_nxp_lpcxpresso_1549\inc" -I"C:\Users\manishs\Documents\MCUXpressoIDE_11.5.1_7266\workspace\lpc_chip_15xx\inc" -O0 -fno-common -g3 -Wall -c -fmessage-length=0 -fno-builtin -ffunction-sections -fdata-sections -fno-rtti -fno-exceptions -fmerge-constants -fmacro-prefix-map="../src/"= -mcpu=cortex-m3 -mthumb -fstack-usage -MMD -MP -MF"src/main.d" -MT"src/main.o" -MT"src/main.d" -o "src/main.o" "../src/main.cpp"
../src/main.cpp: In function 'int main()':
../src/main.cpp:233:7: warning: unused variable 'buffer' [-Wunused-variable]
  233 |  char buffer[130];
      |       ^~~~~~
Finished building: ../src/main.cpp
 
Building target: ventilation_system.axf
Invoking: MCU C++ Linker
arm-none-eabi-c++ -nostdlib -L"C:\Users\manishs\Documents\MCUXpressoIDE_11.5.1_7266\workspace\lpc_board_nxp_lpcxpresso_1549\Debug" -L"C:\Users\manishs\Documents\MCUXpressoIDE_11.5.1_7266\workspace\lpc_chip_15xx\Debug" -Xlinker -Map="ventilation_system.map" -Xlinker --cref -Xlinker --gc-sections -Xlinker -print-memory-usage -mcpu=cortex-m3 -mthumb -T "ventilation_system_Debug.ld" -o "ventilation_system.axf"  ./src/paho_mqtt/MQTTPacket/src/MQTTConnectClient.o ./src/paho_mqtt/MQTTPacket/src/MQTTConnectServer.o ./src/paho_mqtt/MQTTPacket/src/MQTTDeserializePublish.o ./src/paho_mqtt/MQTTPacket/src/MQTTFormat.o ./src/paho_mqtt/MQTTPacket/src/MQTTPacket.o ./src/paho_mqtt/MQTTPacket/src/MQTTSerializePublish.o ./src/paho_mqtt/MQTTPacket/src/MQTTSubscribeClient.o ./src/paho_mqtt/MQTTPacket/src/MQTTSubscribeServer.o ./src/paho_mqtt/MQTTPacket/src/MQTTUnsubscribeClient.o ./src/paho_mqtt/MQTTPacket/src/MQTTUnsubscribeServer.o  ./src/paho_mqtt/MQTTClient-C/src/MQTTClient.o  ./src/mqtt/MQTT_lpc1549.o ./src/mqtt/esp8266_socket.o ./src/mqtt/serial_port.o  ./src/modbus/ModbusMaster.o ./src/modbus/ModbusRegister.o ./src/modbus/SerialPort.o  ./src/DigitalIoPin.o ./src/I2C.o ./src/Imutex.o ./src/IntegerEdit.o ./src/LiquidCrystal.o ./src/LpcUart.o ./src/MenuItem.o ./src/ModeEdit.o ./src/SimpleMenu.o ./src/cr_cpp_config.o ./src/cr_startup_lpc15xx.o ./src/crp.o ./src/main.o ./src/retarget_uart.o ./src/socket_mqtt.o ./src/sysinit.o   -llpc_board_nxp_lpcxpresso_1549 -llpc_chip_15xx
Memory region         Used Size  Region Size  %age Used
       MFlash256:       74180 B       256 KB     28.30%
      Ram0_16_32:        2676 B        32 KB      8.17%
          Ram2_4:          0 GB         4 KB      0.00%
Finished building target: ventilation_system.axf
 
Performing post-build steps
arm-none-eabi-size "ventilation_system.axf"; # arm-none-eabi-objcopy -v -O binary "ventilation_system.axf" "ventilation_system.bin" ; # checksum -p LPC1549 -d "ventilation_system.bin";
   text	   data	    bss	    dec	    hex	filename
  71696	   2484	    192	  74372	  12284	ventilation_system.axf
 
16:04:32 **** Incremental Build of configuration Debug for project lpc_board_nxp_lpcxpresso_1549 ****
make -r -j8 all 
make[1]: Nothing to be done for 'main-build'.
Performing post-build steps
arm-none-eabi-size "liblpc_board_nxp_lpcxpresso_1549.a" ; # arm-none-eabi-objdump -h -S "liblpc_board_nxp_lpcxpresso_1549.a" >"liblpc_board_nxp_lpcxpresso_1549.lss"
   text	   data	    bss	    dec	    hex	filename
   1313	      0	      0	   1313	    521	board.o (ex liblpc_board_nxp_lpcxpresso_1549.a)
    574	      0	      0	    574	    23e	board_sysinit.o (ex liblpc_board_nxp_lpcxpresso_1549.a)
 
16:04:33 **** Incremental Build of configuration Debug for project lpc_chip_15xx ****
make -r -j8 all 
make[1]: Nothing to be done for 'main-build'.
Performing post-build steps
arm-none-eabi-size "liblpc_chip_15xx.a" ; # arm-none-eabi-objdump -h -S "liblpc_chip_15xx.a" >"liblpc_chip_15xx.lss"
   text	   data	    bss	    dec	    hex	filename
    610	      0	      0	    610	    262	acmp_15xx.o (ex liblpc_chip_15xx.a)
    790	      0	      0	    790	    316	adc_15xx.o (ex liblpc_chip_15xx.a)
    298	      0	      4	    302	    12e	chip_15xx.o (ex liblpc_chip_15xx.a)
   1700	      0	      0	   1700	    6a4	clock_15xx.o (ex liblpc_chip_15xx.a)
    494	      0	      0	    494	    1ee	crc_15xx.o (ex liblpc_chip_15xx.a)
     60	      0	      0	     60	     3c	dac_15xx.o (ex liblpc_chip_15xx.a)
    294	      0	    288	    582	    246	dma_15xx.o (ex liblpc_chip_15xx.a)
    192	      0	      0	    192	     c0	eeprom.o (ex liblpc_chip_15xx.a)
    684	      0	      0	    684	    2ac	gpio_15xx.o (ex liblpc_chip_15xx.a)
     84	      0	      0	     84	     54	i2c_common_15xx.o (ex liblpc_chip_15xx.a)
    860	      0	      0	    860	    35c	i2cm_15xx.o (ex liblpc_chip_15xx.a)
    450	      0	      0	    450	    1c2	i2cs_15xx.o (ex liblpc_chip_15xx.a)
    598	      0	      0	    598	    256	iap.o (ex liblpc_chip_15xx.a)
    124	      0	      0	    124	     7c	iocon_15xx.o (ex liblpc_chip_15xx.a)
      0	      0	      0	      0	      0	pinint_15xx.o (ex liblpc_chip_15xx.a)
    300	      0	      0	    300	    12c	pmu_15xx.o (ex liblpc_chip_15xx.a)
    962	      0	      0	    962	    3c2	ring_buffer.o (ex liblpc_chip_15xx.a)
    692	      0	      0	    692	    2b4	ritimer_15xx.o (ex liblpc_chip_15xx.a)
      0	      0	      0	      0	      0	rtc_15xx.o (ex liblpc_chip_15xx.a)
    318	      0	      0	    318	    13e	sct_15xx.o (ex liblpc_chip_15xx.a)
    412	      0	      0	    412	    19c	sct_pwm_15xx.o (ex liblpc_chip_15xx.a)
    140	      0	      0	    140	     8c	sctipu_15xx.o (ex liblpc_chip_15xx.a)
   1766	      0	      0	   1766	    6e6	spi_15xx.o (ex liblpc_chip_15xx.a)
    328	      0	     12	    340	    154	stopwatch_15xx.o (ex liblpc_chip_15xx.a)
    356	      0	      0	    356	    164	swm_15xx.o (ex liblpc_chip_15xx.a)
    466	      0	      0	    466	    1d2	sysctl_15xx.o (ex liblpc_chip_15xx.a)
    420	      0	      0	    420	    1a4	sysinit_15xx.o (ex liblpc_chip_15xx.a)
   1116	      0	      0	   1116	    45c	uart_15xx.o (ex liblpc_chip_15xx.a)
    114	      0	      0	    114	     72	wwdt_15xx.o (ex liblpc_chip_15xx.a)
 
16:04:33 **** Incremental Build of configuration Debug for project ventilation_system ****
make -r -j8 all 
make[1]: Nothing to be done for 'main-build'.
Performing post-build steps
arm-none-eabi-size "ventilation_system.axf"; # arm-none-eabi-objcopy -v -O binary "ventilation_system.axf" "ventilation_system.bin" ; # checksum -p LPC1549 -d "ventilation_system.bin";
   text	   data	    bss	    dec	    hex	filename
  71696	   2484	    192	  74372	  12284	ventilation_system.axf
 
16:04:38 **** Incremental Build of configuration Debug for project ventilation_system ****
make -r -j8 all 
make[1]: Nothing to be done for 'main-build'.
Performing post-build steps
arm-none-eabi-size "ventilation_system.axf"; # arm-none-eabi-objcopy -v -O binary "ventilation_system.axf" "ventilation_system.bin" ; # checksum -p LPC1549 -d "ventilation_system.bin";
   text	   data	    bss	    dec	    hex	filename
  71696	   2484	    192	  74372	  12284	ventilation_system.axf
 
16:12:55 **** Incremental Build of configuration Debug for project ventilation_system ****
make -r -j8 all 
Building file: ../src/main.cpp
Invoking: MCU C++ Compiler
arm-none-eabi-c++ -std=c++11 -DDEBUG -D__CODE_RED -D__NEWLIB__ -DCORE_M3 -D__USE_LPCOPEN -DCPP_USE_HEAP -D__LPC15XX__ -I"C:\Users\manishs\Documents\MCUXpressoIDE_11.5.1_7266\workspace\lpc_board_nxp_lpcxpresso_1549\inc" -I"C:\Users\manishs\Documents\MCUXpressoIDE_11.5.1_7266\workspace\lpc_chip_15xx\inc" -O0 -fno-common -g3 -Wall -c -fmessage-length=0 -fno-builtin -ffunction-sections -fdata-sections -fno-rtti -fno-exceptions -fmerge-constants -fmacro-prefix-map="../src/"= -mcpu=cortex-m3 -mthumb -fstack-usage -MMD -MP -MF"src/main.d" -MT"src/main.o" -MT"src/main.d" -o "src/main.o" "../src/main.cpp"
../src/main.cpp: In function 'int main()':
../src/main.cpp:233:7: warning: unused variable 'buffer' [-Wunused-variable]
  233 |  char buffer[130];
      |       ^~~~~~
Finished building: ../src/main.cpp
 
Building target: ventilation_system.axf
Invoking: MCU C++ Linker
arm-none-eabi-c++ -nostdlib -L"C:\Users\manishs\Documents\MCUXpressoIDE_11.5.1_7266\workspace\lpc_board_nxp_lpcxpresso_1549\Debug" -L"C:\Users\manishs\Documents\MCUXpressoIDE_11.5.1_7266\workspace\lpc_chip_15xx\Debug" -Xlinker -Map="ventilation_system.map" -Xlinker --cref -Xlinker --gc-sections -Xlinker -print-memory-usage -mcpu=cortex-m3 -mthumb -T "ventilation_system_Debug.ld" -o "ventilation_system.axf"  ./src/paho_mqtt/MQTTPacket/src/MQTTConnectClient.o ./src/paho_mqtt/MQTTPacket/src/MQTTConnectServer.o ./src/paho_mqtt/MQTTPacket/src/MQTTDeserializePublish.o ./src/paho_mqtt/MQTTPacket/src/MQTTFormat.o ./src/paho_mqtt/MQTTPacket/src/MQTTPacket.o ./src/paho_mqtt/MQTTPacket/src/MQTTSerializePublish.o ./src/paho_mqtt/MQTTPacket/src/MQTTSubscribeClient.o ./src/paho_mqtt/MQTTPacket/src/MQTTSubscribeServer.o ./src/paho_mqtt/MQTTPacket/src/MQTTUnsubscribeClient.o ./src/paho_mqtt/MQTTPacket/src/MQTTUnsubscribeServer.o  ./src/paho_mqtt/MQTTClient-C/src/MQTTClient.o  ./src/mqtt/MQTT_lpc1549.o ./src/mqtt/esp8266_socket.o ./src/mqtt/serial_port.o  ./src/modbus/ModbusMaster.o ./src/modbus/ModbusRegister.o ./src/modbus/SerialPort.o  ./src/DigitalIoPin.o ./src/I2C.o ./src/Imutex.o ./src/IntegerEdit.o ./src/LiquidCrystal.o ./src/LpcUart.o ./src/MenuItem.o ./src/ModeEdit.o ./src/SimpleMenu.o ./src/cr_cpp_config.o ./src/cr_startup_lpc15xx.o ./src/crp.o ./src/main.o ./src/retarget_uart.o ./src/socket_mqtt.o ./src/sysinit.o   -llpc_board_nxp_lpcxpresso_1549 -llpc_chip_15xx
Memory region         Used Size  Region Size  %age Used
       MFlash256:       74180 B       256 KB     28.30%
      Ram0_16_32:        2676 B        32 KB      8.17%
          Ram2_4:          0 GB         4 KB      0.00%
Finished building target: ventilation_system.axf
 
Performing post-build steps
arm-none-eabi-size "ventilation_system.axf"; # arm-none-eabi-objcopy -v -O binary "ventilation_system.axf" "ventilation_system.bin" ; # checksum -p LPC1549 -d "ventilation_system.bin";
   text	   data	    bss	    dec	    hex	filename
  71696	   2484	    192	  74372	  12284	ventilation_system.axf
 
16:24:28 **** Incremental Build of configuration Debug for project lpc_board_nxp_lpcxpresso_1549 ****
make -r -j8 all 
make[1]: Nothing to be done for 'main-build'.
Performing post-build steps
arm-none-eabi-size "liblpc_board_nxp_lpcxpresso_1549.a" ; # arm-none-eabi-objdump -h -S "liblpc_board_nxp_lpcxpresso_1549.a" >"liblpc_board_nxp_lpcxpresso_1549.lss"
   text	   data	    bss	    dec	    hex	filename
   1313	      0	      0	   1313	    521	board.o (ex liblpc_board_nxp_lpcxpresso_1549.a)
    574	      0	      0	    574	    23e	board_sysinit.o (ex liblpc_board_nxp_lpcxpresso_1549.a)
 
16:24:28 **** Incremental Build of configuration Debug for project lpc_chip_15xx ****
make -r -j8 all 
make[1]: Nothing to be done for 'main-build'.
Performing post-build steps
arm-none-eabi-size "liblpc_chip_15xx.a" ; # arm-none-eabi-objdump -h -S "liblpc_chip_15xx.a" >"liblpc_chip_15xx.lss"
   text	   data	    bss	    dec	    hex	filename
    610	      0	      0	    610	    262	acmp_15xx.o (ex liblpc_chip_15xx.a)
    790	      0	      0	    790	    316	adc_15xx.o (ex liblpc_chip_15xx.a)
    298	      0	      4	    302	    12e	chip_15xx.o (ex liblpc_chip_15xx.a)
   1700	      0	      0	   1700	    6a4	clock_15xx.o (ex liblpc_chip_15xx.a)
    494	      0	      0	    494	    1ee	crc_15xx.o (ex liblpc_chip_15xx.a)
     60	      0	      0	     60	     3c	dac_15xx.o (ex liblpc_chip_15xx.a)
    294	      0	    288	    582	    246	dma_15xx.o (ex liblpc_chip_15xx.a)
    192	      0	      0	    192	     c0	eeprom.o (ex liblpc_chip_15xx.a)
    684	      0	      0	    684	    2ac	gpio_15xx.o (ex liblpc_chip_15xx.a)
     84	      0	      0	     84	     54	i2c_common_15xx.o (ex liblpc_chip_15xx.a)
    860	      0	      0	    860	    35c	i2cm_15xx.o (ex liblpc_chip_15xx.a)
    450	      0	      0	    450	    1c2	i2cs_15xx.o (ex liblpc_chip_15xx.a)
    598	      0	      0	    598	    256	iap.o (ex liblpc_chip_15xx.a)
    124	      0	      0	    124	     7c	iocon_15xx.o (ex liblpc_chip_15xx.a)
      0	      0	      0	      0	      0	pinint_15xx.o (ex liblpc_chip_15xx.a)
    300	      0	      0	    300	    12c	pmu_15xx.o (ex liblpc_chip_15xx.a)
    962	      0	      0	    962	    3c2	ring_buffer.o (ex liblpc_chip_15xx.a)
    692	      0	      0	    692	    2b4	ritimer_15xx.o (ex liblpc_chip_15xx.a)
      0	      0	      0	      0	      0	rtc_15xx.o (ex liblpc_chip_15xx.a)
    318	      0	      0	    318	    13e	sct_15xx.o (ex liblpc_chip_15xx.a)
    412	      0	      0	    412	    19c	sct_pwm_15xx.o (ex liblpc_chip_15xx.a)
    140	      0	      0	    140	     8c	sctipu_15xx.o (ex liblpc_chip_15xx.a)
   1766	      0	      0	   1766	    6e6	spi_15xx.o (ex liblpc_chip_15xx.a)
    328	      0	     12	    340	    154	stopwatch_15xx.o (ex liblpc_chip_15xx.a)
    356	      0	      0	    356	    164	swm_15xx.o (ex liblpc_chip_15xx.a)
    466	      0	      0	    466	    1d2	sysctl_15xx.o (ex liblpc_chip_15xx.a)
    420	      0	      0	    420	    1a4	sysinit_15xx.o (ex liblpc_chip_15xx.a)
   1116	      0	      0	   1116	    45c	uart_15xx.o (ex liblpc_chip_15xx.a)
    114	      0	      0	    114	     72	wwdt_15xx.o (ex liblpc_chip_15xx.a)
 
16:24:29 **** Incremental Build of configuration Debug for project ventilation_system ****
make -r -j8 all 
make[1]: Nothing to be done for 'main-build'.
Performing post-build steps
arm-none-eabi-size "ventilation_system.axf"; # arm-none-eabi-objcopy -v -O binary "ventilation_system.axf" "ventilation_system.bin" ; # checksum -p LPC1549 -d "ventilation_system.bin";
   text	   data	    bss	    dec	    hex	filename
  71696	   2484	    192	  74372	  12284	ventilation_system.axf
 
16:24:34 **** Incremental Build of configuration Debug for project ventilation_system ****
make -r -j8 all 
make[1]: Nothing to be done for 'main-build'.
Performing post-build steps
arm-none-eabi-size "ventilation_system.axf"; # arm-none-eabi-objcopy -v -O binary "ventilation_system.axf" "ventilation_system.bin" ; # checksum -p LPC1549 -d "ventilation_system.bin";
   text	   data	    bss	    dec	    hex	filename
  71696	   2484	    192	  74372	  12284	ventilation_system.axf
 
