16:24:34 **** Incremental Build of configuration Debug for project ventilation_system ****
make -r -j8 all 
make[1]: Nothing to be done for 'main-build'.
Performing post-build steps
arm-none-eabi-size "ventilation_system.axf"; # arm-none-eabi-objcopy -v -O binary "ventilation_system.axf" "ventilation_system.bin" ; # checksum -p LPC1549 -d "ventilation_system.bin";
   text	   data	    bss	    dec	    hex	filename
  71696	   2484	    192	  74372	  12284	ventilation_system.axf
 

16:24:34 Build Finished. 0 errors, 0 warnings. (took 550ms)

